bench-bin
+- install benchmark
   +- compile exe benchmark ReleaseFast native-native 1 errors
zig-pkg/benchmark-0.1.0-JS72VvXxAACo8j9BYddbkivgNHXIeD1V27013BuCtW-_/src/benchmark_main.zig:8:27: error: root source file struct 'process' has no member named 'args'
    var args = std.process.args();
               ~~~~~~~~~~~^~~~~
/nix/store/h4am1dpj4li41cq58861nysgaip7036s-zig-0.16.0/lib/zig/std/process.zig:1:1: note: struct declared here
const builtin = @import("builtin");
^~~~~
referenced by:
    callMain [inlined]: /nix/store/h4am1dpj4li41cq58861nysgaip7036s-zig-0.16.0/lib/zig/std/start.zig:698:59
    callMainWithArgs [inlined]: /nix/store/h4am1dpj4li41cq58861nysgaip7036s-zig-0.16.0/lib/zig/std/start.zig:638:20
    main: /nix/store/h4am1dpj4li41cq58861nysgaip7036s-zig-0.16.0/lib/zig/std/start.zig:663:28
    1 reference(s) hidden; use '-freference-trace=4' to see all references
error: 1 compilation errors
failed command: /nix/store/h4am1dpj4li41cq58861nysgaip7036s-zig-0.16.0/bin/zig build-exe -OReleaseFast -target native-native -mcpu baseline --dep benchmark --dep benchmark_root -Mroot=/Users/matt/code/ztls/zig-pkg/benchmark-0.1.0-JS72VvXxAACo8j9BYddbkivgNHXIeD1V27013BuCtW-_/src/benchmark_main.zig -OReleaseFast -target native-native -mcpu baseline --dep benchmark_filter -Mbenchmark=/Users/matt/code/ztls/zig-pkg/benchmark-0.1.0-JS72VvXxAACo8j9BYddbkivgNHXIeD1V27013BuCtW-_/src/benchmark.zig -I/nix/store/ik15agzk82h1sbazhalg11y8zw1xvl8n-openssl-3.6.4-dev/include -L/nix/store/v89yca35zsb13k51ibz0mcz2rrzjwwrj-openssl-3.6.4/lib -lcrypto -OReleaseFast -target native-native -mcpu baseline --dep ztls --dep txtar --dep build_options --dep fixtures --dep benchmark -Mbenchmark_root=/Users/matt/code/ztls/src/bench.zig -OReleaseFast -target native-native -mcpu baseline -Mbenchmark_filter=/Users/matt/code/ztls/zig-pkg/benchmark-0.1.0-JS72VvXxAACo8j9BYddbkivgNHXIeD1V27013BuCtW-_/src/filter.zig -I/nix/store/ik15agzk82h1sbazhalg11y8zw1xvl8n-openssl-3.6.4-dev/include -OReleaseFast -target native-native -mcpu baseline --dep build_options=build_options0 -Mztls=/Users/matt/code/ztls/src/root.zig -OReleaseFast -target native-native -mcpu baseline -Mtxtar=/Users/matt/code/ztls/zig-pkg/txtar-0.1.0-RyJLBJ5rAABCV5lD0YSt048wd3l9Nk9a4_TnEnm0MZ9P/src/root.zig -Mbuild_options=/tmp/ztls-signoff-20260919/cache16/c/9291a429e26420e7c36eee7e19b2ebe5/options.zig -OReleaseFast -target native-native -mcpu baseline -Mfixtures=/Users/matt/code/ztls/tests/fixtures/fixtures.zig -Mbuild_options0=/tmp/ztls-signoff-20260919/cache16/c/9291a429e26420e7c36eee7e19b2ebe5/options.zig -lc --cache-dir /tmp/ztls-signoff-20260919/cache16 --global-cache-dir /tmp/ztls-signoff-20260919/global16 --name benchmark --zig-lib-dir /nix/store/h4am1dpj4li41cq58861nysgaip7036s-zig-0.16.0/lib/zig/ --listen=-

Build Summary: 4/7 steps succeeded (1 failed)
bench-bin transitive failure
+- install benchmark transitive failure
   +- compile exe benchmark ReleaseFast native-native 1 errors

error: the following build command failed with exit code 1:
/tmp/ztls-signoff-20260919/cache16/o/89d9b98f35ba4f65d64fddd8deea1a5b/build /nix/store/h4am1dpj4li41cq58861nysgaip7036s-zig-0.16.0/bin/zig /nix/store/h4am1dpj4li41cq58861nysgaip7036s-zig-0.16.0/lib/zig /Users/matt/code/ztls /tmp/ztls-signoff-20260919/cache16 /tmp/ztls-signoff-20260919/global16 --seed 0xab448d72 -Z6beb99976fb33159 test-bin bench-bin -Doptimize=ReleaseFast -Dcpu=baseline --prefix /tmp/nix-shell.CbBkV3/ztls-memory.ypLVn6/bin
