anvil_client start utc=2026-09-13T03:29:25.043368Z epoch_ns=1789270165043368934 pid=9936
anvil_client diag local_port=57006
anvil_client diag validity err=CertificateExpired policy_now_sec=1789270165 real_now_sec=1789270165 record_len=1688 plaintext_len=1666 handshake_buf_len=0
anvil_client diag cert_hex=0b00067e0000067a00031d3082031930820201a00302010202140f1f2f34f5f6
anvil_client diag cert_hex=f7f8f9f0f0f9f8f7f6f5f4f3f2f1300d06092a864886f70d01010b0500305731
anvil_client diag cert_hex=31302f06035504030c2841747461636b6572204341202d20476c6f62616c2049
anvil_client diag cert_hex=6e73656375726974792050726f7669646572310b300906035504061302444531
anvil_client diag cert_hex=153013060355040a0c0c544c532d41747461636b6572301e170d323630393133
anvil_client diag cert_hex=3033323932345a170d3236303931333033323932345a30323119301706035504
anvil_client diag cert_hex=030c10746c732d61747461636b65722e636f6d31153013060355040a0c0c544c
anvil_client diag cert_hex=532d41747461636b657230820122300d06092a864886f70d0101010500038201
anvil_client diag cert_hex=0f003082010a0282010100c8820d6c3ce84c8430f6835abfc7d7a912e1664f44
anvil_client diag cert_hex=578751f376501a8c68476c3072d919c5d39bd0dbe080e71db83bd4ab2f2f9bde
anvil_client diag cert_hex=3dffb0080f510a5f6929c196551f2b3c369be051054c877573195558fd282035
anvil_client diag cert_hex=934dc86edab8d4b1b7f555e5b2fee7275384a756ef86cb86793b5d1333f09732
anvil_client diag cert_hex=03cb96966766e655cd2cccae1940e4494b8e9fb5279593b75afd0b378243e51a
anvil_client diag cert_hex=88f6eb88def522a8cd5c6c082286a04269a2879760fcba45005d7f2672dd2288
anvil_client diag cert_hex=09d47274f0fe0ea5531c2bd95366c05bf69edc0f3c3189866edca0c57adcca93
anvil_client diag cert_hex=250ae78d9eaca0393a95ff9952fc47fb7679dd3803e6a7a6fa771861e3d99e4b
anvil_client diag cert_hex=551a4084668b111b7eef7d0203010001a3023000300d06092a864886f70d0101
anvil_client diag cert_hex=0b05000382010100701431bd6a27d9d23b4057520a06f2d283883f6fd31f8b91
anvil_client diag cert_hex=61dd572fff086c38aff2c8257de94cc1ec21c9ecab983a4eee41e5bc288e9b61
anvil_client diag cert_hex=c87f5c6b09d387b480515f560a13fe3baeed1c4ec14a9ea4b49013ff549179fe
anvil_client diag cert_hex=dc06f304941ad91bb19a1aad8b5ec6a57a39e68fd7531274be6c7aaf183f182f
anvil_client diag cert_hex=328717952c4440065e8b7361cf0df05de058e56103d9f21ff5272a36697fe59a
anvil_client diag cert_hex=3c732a3cb671113e20cff002031da22d2e68ac88532550554d2083614fd939aa
anvil_client diag cert_hex=cbdfbb1d66a8192b36149548c11b5b15e12f1017eb43f208e12217ce7add7db2
anvil_client diag cert_hex=5fc86d53f5fe192579cae3047401ae8478ded3ab0219f88a65109e0313d07f01
anvil_client diag cert_hex=b1a6046746a63b6a00000003533082034f30820237a00302010202140fcacaca
anvil_client diag cert_hex=0fcacaca0fcacaca0fcacaca0fcacaca300d06092a864886f70d01010b050030
anvil_client diag cert_hex=573131302f06035504030c2841747461636b6572204341202d20476c6f62616c
anvil_client diag cert_hex=20496e73656375726974792050726f7669646572310b30090603550406130244
anvil_client diag cert_hex=4531153013060355040a0c0c544c532d41747461636b6572301e170d32363039
anvil_client diag cert_hex=31333033323932345a170d3236303931333033323932345a30573131302f0603
anvil_client diag cert_hex=5504030c2841747461636b6572204341202d20476c6f62616c20496e73656375
anvil_client diag cert_hex=726974792050726f7669646572310b3009060355040613024445311530130603
anvil_client diag cert_hex=55040a0c0c544c532d41747461636b657230820122300d06092a864886f70d01
anvil_client diag cert_hex=010105000382010f003082010a0282010100c8820d6c3ce84c8430f6835abfc7
anvil_client diag cert_hex=d7a912e1664f44578751f376501a8c68476c3072d919c5d39bd0dbe080e71db8
anvil_client diag cert_hex=3bd4ab2f2f9bde3dffb0080f510a5f6929c196551f2b3c369be051054c877573
anvil_client diag cert_hex=195558fd282035934dc86edab8d4b1b7f555e5b2fee7275384a756ef86cb8679
anvil_client diag cert_hex=3b5d1333f0973203cb96966766e655cd2cccae1940e4494b8e9fb5279593b75a
anvil_client diag cert_hex=fd0b378243e51a88f6eb88def522a8cd5c6c082286a04269a2879760fcba4500
anvil_client diag cert_hex=5d7f2672dd228809d47274f0fe0ea5531c2bd95366c05bf69edc0f3c3189866e
anvil_client diag cert_hex=dca0c57adcca93250ae78d9eaca0393a95ff9952fc47fb7679dd3803e6a7a6fa
anvil_client diag cert_hex=771861e3d99e4b551a4084668b111b7eef7d0203010001a3133011300f060355
anvil_client diag cert_hex=1d130101ff040530030101ff300d06092a864886f70d01010b05000382010100
anvil_client diag cert_hex=2fb5182bd2deefd1ed15cbe2cb939ceb239ffeca6e7ec38482deb342dfcbe939
anvil_client diag cert_hex=7844f4f27784fa4c3d876977ba95a417e2c38fe8867ad3e1c5d05e9bc7522323
anvil_client diag cert_hex=a540f90b1c2664041e74b6fd45a42d7631064d83d70e3e683413da3374a775e2
anvil_client diag cert_hex=db011b9051fda23a584ff4d3883aba23c1a4285e16540904119366e49eef310a
anvil_client diag cert_hex=faf961d26456df6625a7a42ba6302a721f26e1bf7c6eeadfa7d7dcc9c5b889c2
anvil_client diag cert_hex=b62c896306fdb322162f75f0a1410a8fe39d793803f6c20ec2f26c95cf80056e
anvil_client diag cert_hex=073680b7bfd7ea79bc1c4aab0877758d1219625de1637c55127ed467cb6ae1cc
anvil_client diag cert_hex=43ce5d7c12c34f373b9aa19ddd46d512c0b23af8642b4e53aed5e6c67f1994b2
anvil_client diag cert_hex=0000
error: CertificateExpired
/home/runner/work/ztls/ztls/src/certificate_parser.zig:603:13: 0x121802d in verify (root.zig)
            return error.CertificateExpired;
            ^
/home/runner/work/ztls/ztls/src/certificate.zig:326:13: 0x12072c4 in parse (root.zig)
            try subject.verify(parsed, policy.now_sec);
            ^
/home/runner/work/ztls/ztls/src/ClientHandshake.zig:1432:16: 0x11fe70f in processServerCertificate (root.zig)
    const pk = try certificate.parse(msg.raw, policy);
               ^
/home/runner/work/ztls/ztls/src/ClientHandshake.zig:1522:29: 0x11ea169 in processFlightMessage (root.zig)
            .certificate => try self.processServerCertificate(msg, policy),
                            ^
/home/runner/work/ztls/ztls/src/ClientHandshake.zig:1394:9: 0x119c465 in processFlightBytes (root.zig)
        try self.processFlightMessage(msg, policy);
        ^
/home/runner/work/ztls/ztls/src/ClientHandshake.zig:1377:5: 0x117f476 in processFlight (root.zig)
    return self.processFlightBytes(payload, policy);
    ^
/home/runner/work/ztls/ztls/src/ClientHandshake.zig:1094:21: 0x116e03f in processHandshakeRecord (root.zig)
                    try self.processFlight(dec.content, self.policy);
                    ^
/home/runner/work/ztls/ztls/src/ClientHandshake.zig:937:14: 0x116466c in handleRecord (root.zig)
    else if (try self.processHandshakeRecord(record, out)) |bytes|
             ^
/home/runner/work/ztls/ztls/conformance/src/anvil_client.zig:172:5: 0x1164406 in sendAlertAndReturnError (anvil_client.zig)
    return err;
    ^
/home/runner/work/ztls/ztls/conformance/src/anvil_client.zig:93:17: 0x115d1da in main (anvil_client.zig)
                return sendAlertAndReturnError(stream, &hs, err, &out);
                ^
