warning: Git tree '/tmp/ztls-consumer-gate.3XEPTu/z53' is dirty
zig build test-unit check test-compile -Doptimize=ReleaseSafe -Dcpu=baseline
test-compile
+- compile test ReleaseSafe native-native 1 errors
zig-pkg/ztls-0.0.0-SHHDXgugIgAgzmcjEX44wsRw5fjzJtbrvzwy5QY0cXZM/src/root.zig:44:5: error: qualification negative control: broken ztls import
    @compileError("qualification negative control: broken ztls import");
    ^~~~~~~~~~~~~~~~~~~~~~~~~~~~~~~~~~~~~~~~~~~~~~~~~~~~~~~~~~~~~~~~~~~
referenced by:
    engine: src/runtime/failure.zig:3:24
    failure.Reason: src/runtime/failure.zig:10:22
    1 reference(s) hidden; use '-freference-trace=3' to see all references
error: 1 compilation errors
failed command: /nix/store/h4am1dpj4li41cq58861nysgaip7036s-zig-0.16.0/bin/zig test -OReleaseSafe -target native-native -mcpu baseline --dep ztls -Mroot=/tmp/ztls-consumer-gate.3XEPTu/z53/src/runtime/failure.zig -I/nix/store/ik15agzk82h1sbazhalg11y8zw1xvl8n-openssl-3.6.4-dev/include -L/nix/store/v89yca35zsb13k51ibz0mcz2rrzjwwrj-openssl-3.6.4/lib -lcrypto -OReleaseSafe -target native-native -mcpu baseline --dep build_options -Mztls=/tmp/ztls-consumer-gate.3XEPTu/z53/zig-pkg/ztls-0.0.0-SHHDXgugIgAgzmcjEX44wsRw5fjzJtbrvzwy5QY0cXZM/src/root.zig -Mbuild_options=/tmp/ztls-consumer-gate.3XEPTu/local-cache-z53/c/9291a429e26420e7c36eee7e19b2ebe5/options.zig -lc --test-runner /tmp/ztls-consumer-gate.3XEPTu/z53/zig-pkg/ztest-0.2.0-h6PBzx2NAACI2wKYtRDq8PUTvjyyRYuPB_Xcw4UK4Vk9/src/test_runner.zig -fno-emit-bin --cache-dir /tmp/ztls-consumer-gate.3XEPTu/local-cache-z53 --global-cache-dir /tmp/ztls-signoff-20260919/negative-gate-cache-final/z53-global --name test --zig-lib-dir /nix/store/h4am1dpj4li41cq58861nysgaip7036s-zig-0.16.0/lib/zig/ --listen=-

test-compile
+- compile test ReleaseSafe native-native 1 errors
zig-pkg/ztls-0.0.0-SHHDXgugIgAgzmcjEX44wsRw5fjzJtbrvzwy5QY0cXZM/src/root.zig:44:5: error: qualification negative control: broken ztls import
    @compileError("qualification negative control: broken ztls import");
    ^~~~~~~~~~~~~~~~~~~~~~~~~~~~~~~~~~~~~~~~~~~~~~~~~~~~~~~~~~~~~~~~~~~
referenced by:
    tls: tests/foundation.zig:4:21
    test.TLS client starts with verified policy and caller owned buffers: tests/foundation.zig:14:20
error: 1 compilation errors
failed command: /nix/store/h4am1dpj4li41cq58861nysgaip7036s-zig-0.16.0/bin/zig test -OReleaseSafe -target native-native -mcpu baseline --dep ztls -Mroot=/tmp/ztls-consumer-gate.3XEPTu/z53/tests/foundation.zig -I/nix/store/ik15agzk82h1sbazhalg11y8zw1xvl8n-openssl-3.6.4-dev/include -L/nix/store/v89yca35zsb13k51ibz0mcz2rrzjwwrj-openssl-3.6.4/lib -lcrypto -OReleaseSafe -target native-native -mcpu baseline --dep build_options -Mztls=/tmp/ztls-consumer-gate.3XEPTu/z53/zig-pkg/ztls-0.0.0-SHHDXgugIgAgzmcjEX44wsRw5fjzJtbrvzwy5QY0cXZM/src/root.zig -Mbuild_options=/tmp/ztls-consumer-gate.3XEPTu/local-cache-z53/c/9291a429e26420e7c36eee7e19b2ebe5/options.zig -lc --test-runner /tmp/ztls-consumer-gate.3XEPTu/z53/zig-pkg/ztest-0.2.0-h6PBzx2NAACI2wKYtRDq8PUTvjyyRYuPB_Xcw4UK4Vk9/src/test_runner.zig -fno-emit-bin --cache-dir /tmp/ztls-consumer-gate.3XEPTu/local-cache-z53 --global-cache-dir /tmp/ztls-signoff-20260919/negative-gate-cache-final/z53-global --name test --zig-lib-dir /nix/store/h4am1dpj4li41cq58861nysgaip7036s-zig-0.16.0/lib/zig/ --listen=-

test-compile
+- compile test ReleaseSafe native-native 1 errors
zig-pkg/ztls-0.0.0-SHHDXgugIgAgzmcjEX44wsRw5fjzJtbrvzwy5QY0cXZM/src/root.zig:44:5: error: qualification negative control: broken ztls import
    @compileError("qualification negative control: broken ztls import");
    ^~~~~~~~~~~~~~~~~~~~~~~~~~~~~~~~~~~~~~~~~~~~~~~~~~~~~~~~~~~~~~~~~~~
referenced by:
    engine: src/runtime/failure.zig:3:24
    runtime.failure.Reason: src/runtime/failure.zig:10:22
    5 reference(s) hidden; use '-freference-trace=7' to see all references
error: 1 compilation errors
failed command: /nix/store/h4am1dpj4li41cq58861nysgaip7036s-zig-0.16.0/bin/zig test -OReleaseSafe -target native-native -mcpu baseline --dep ztls -Mroot=/tmp/ztls-consumer-gate.3XEPTu/z53/src/runtime.zig -I/nix/store/ik15agzk82h1sbazhalg11y8zw1xvl8n-openssl-3.6.4-dev/include -L/nix/store/v89yca35zsb13k51ibz0mcz2rrzjwwrj-openssl-3.6.4/lib -lcrypto -OReleaseSafe -target native-native -mcpu baseline --dep build_options -Mztls=/tmp/ztls-consumer-gate.3XEPTu/z53/zig-pkg/ztls-0.0.0-SHHDXgugIgAgzmcjEX44wsRw5fjzJtbrvzwy5QY0cXZM/src/root.zig -Mbuild_options=/tmp/ztls-consumer-gate.3XEPTu/local-cache-z53/c/9291a429e26420e7c36eee7e19b2ebe5/options.zig -lc --test-filter RuntimeUnitTests --test-runner /tmp/ztls-consumer-gate.3XEPTu/z53/zig-pkg/ztest-0.2.0-h6PBzx2NAACI2wKYtRDq8PUTvjyyRYuPB_Xcw4UK4Vk9/src/test_runner.zig -fno-emit-bin --cache-dir /tmp/ztls-consumer-gate.3XEPTu/local-cache-z53 --global-cache-dir /tmp/ztls-signoff-20260919/negative-gate-cache-final/z53-global --name test --zig-lib-dir /nix/store/h4am1dpj4li41cq58861nysgaip7036s-zig-0.16.0/lib/zig/ --listen=-

test-compile
+- compile test ReleaseSafe native-native 1 errors
zig-pkg/ztls-0.0.0-SHHDXgugIgAgzmcjEX44wsRw5fjzJtbrvzwy5QY0cXZM/src/root.zig:44:5: error: qualification negative control: broken ztls import
    @compileError("qualification negative control: broken ztls import");
    ^~~~~~~~~~~~~~~~~~~~~~~~~~~~~~~~~~~~~~~~~~~~~~~~~~~~~~~~~~~~~~~~~~~
referenced by:
    engine: src/runtime/failure.zig:3:24
    runtime.failure.Reason: src/runtime/failure.zig:10:22
    2 reference(s) hidden; use '-freference-trace=4' to see all references
error: 1 compilation errors
failed command: /nix/store/h4am1dpj4li41cq58861nysgaip7036s-zig-0.16.0/bin/zig test -OReleaseSafe -target native-native -mcpu baseline --dep runtime -Mroot=/tmp/ztls-consumer-gate.3XEPTu/z53/tests/runtime.zig -OReleaseSafe -target native-native -mcpu baseline --dep ztls -Mruntime=/tmp/ztls-consumer-gate.3XEPTu/z53/src/runtime.zig -I/nix/store/ik15agzk82h1sbazhalg11y8zw1xvl8n-openssl-3.6.4-dev/include -L/nix/store/v89yca35zsb13k51ibz0mcz2rrzjwwrj-openssl-3.6.4/lib -lcrypto -OReleaseSafe -target native-native -mcpu baseline --dep build_options -Mztls=/tmp/ztls-consumer-gate.3XEPTu/z53/zig-pkg/ztls-0.0.0-SHHDXgugIgAgzmcjEX44wsRw5fjzJtbrvzwy5QY0cXZM/src/root.zig -Mbuild_options=/tmp/ztls-consumer-gate.3XEPTu/local-cache-z53/c/9291a429e26420e7c36eee7e19b2ebe5/options.zig -lc --test-runner /tmp/ztls-consumer-gate.3XEPTu/z53/zig-pkg/ztest-0.2.0-h6PBzx2NAACI2wKYtRDq8PUTvjyyRYuPB_Xcw4UK4Vk9/src/test_runner.zig -fno-emit-bin --cache-dir /tmp/ztls-consumer-gate.3XEPTu/local-cache-z53 --global-cache-dir /tmp/ztls-signoff-20260919/negative-gate-cache-final/z53-global --name test --zig-lib-dir /nix/store/h4am1dpj4li41cq58861nysgaip7036s-zig-0.16.0/lib/zig/ --listen=-

test-unit
+- run test
   +- compile test ReleaseSafe native-native 1 errors
zig-pkg/ztls-0.0.0-SHHDXgugIgAgzmcjEX44wsRw5fjzJtbrvzwy5QY0cXZM/src/root.zig:44:5: error: qualification negative control: broken ztls import
    @compileError("qualification negative control: broken ztls import");
    ^~~~~~~~~~~~~~~~~~~~~~~~~~~~~~~~~~~~~~~~~~~~~~~~~~~~~~~~~~~~~~~~~~~
referenced by:
    tls: tests/foundation.zig:4:21
    test.TLS client starts with verified policy and caller owned buffers: tests/foundation.zig:14:20
error: 1 compilation errors
failed command: /nix/store/h4am1dpj4li41cq58861nysgaip7036s-zig-0.16.0/bin/zig test -OReleaseSafe -target native-native -mcpu baseline --dep ztls -Mroot=/tmp/ztls-consumer-gate.3XEPTu/z53/tests/foundation.zig -I/nix/store/ik15agzk82h1sbazhalg11y8zw1xvl8n-openssl-3.6.4-dev/include -L/nix/store/v89yca35zsb13k51ibz0mcz2rrzjwwrj-openssl-3.6.4/lib -lcrypto -OReleaseSafe -target native-native -mcpu baseline --dep build_options -Mztls=/tmp/ztls-consumer-gate.3XEPTu/z53/zig-pkg/ztls-0.0.0-SHHDXgugIgAgzmcjEX44wsRw5fjzJtbrvzwy5QY0cXZM/src/root.zig -Mbuild_options=/tmp/ztls-consumer-gate.3XEPTu/local-cache-z53/c/9291a429e26420e7c36eee7e19b2ebe5/options.zig -lc --test-runner /tmp/ztls-consumer-gate.3XEPTu/z53/zig-pkg/ztest-0.2.0-h6PBzx2NAACI2wKYtRDq8PUTvjyyRYuPB_Xcw4UK4Vk9/src/test_runner.zig --cache-dir /tmp/ztls-consumer-gate.3XEPTu/local-cache-z53 --global-cache-dir /tmp/ztls-signoff-20260919/negative-gate-cache-final/z53-global --name test --zig-lib-dir /nix/store/h4am1dpj4li41cq58861nysgaip7036s-zig-0.16.0/lib/zig/ --listen=-

check
+- compile exe z53 ReleaseSafe native-native 1 errors
zig-pkg/ztls-0.0.0-SHHDXgugIgAgzmcjEX44wsRw5fjzJtbrvzwy5QY0cXZM/src/root.zig:44:5: error: qualification negative control: broken ztls import
    @compileError("qualification negative control: broken ztls import");
    ^~~~~~~~~~~~~~~~~~~~~~~~~~~~~~~~~~~~~~~~~~~~~~~~~~~~~~~~~~~~~~~~~~~
referenced by:
    engine: src/runtime/tls.zig:7:28
    runtime.tls.Connection: src/runtime/tls.zig:42:23
    8 reference(s) hidden; use '-freference-trace=10' to see all references
error: 1 compilation errors
failed command: /nix/store/h4am1dpj4li41cq58861nysgaip7036s-zig-0.16.0/bin/zig build-exe -OReleaseSafe -target native-native -mcpu baseline --dep ztls -Mroot=/tmp/ztls-consumer-gate.3XEPTu/z53/src/main.zig -I/nix/store/ik15agzk82h1sbazhalg11y8zw1xvl8n-openssl-3.6.4-dev/include -L/nix/store/v89yca35zsb13k51ibz0mcz2rrzjwwrj-openssl-3.6.4/lib -lcrypto -OReleaseSafe -target native-native -mcpu baseline --dep build_options -Mztls=/tmp/ztls-consumer-gate.3XEPTu/z53/zig-pkg/ztls-0.0.0-SHHDXgugIgAgzmcjEX44wsRw5fjzJtbrvzwy5QY0cXZM/src/root.zig -Mbuild_options=/tmp/ztls-consumer-gate.3XEPTu/local-cache-z53/c/9291a429e26420e7c36eee7e19b2ebe5/options.zig -lc -fno-emit-bin --cache-dir /tmp/ztls-consumer-gate.3XEPTu/local-cache-z53 --global-cache-dir /tmp/ztls-signoff-20260919/negative-gate-cache-final/z53-global --name z53 --zig-lib-dir /nix/store/h4am1dpj4li41cq58861nysgaip7036s-zig-0.16.0/lib/zig/ --listen=-

Build Summary: 6/16 steps succeeded (6 failed)
test-unit transitive failure
+- run test transitive failure
   +- compile test ReleaseSafe native-native 1 errors
check transitive failure
+- compile exe z53 ReleaseSafe native-native 1 errors
test-compile transitive failure
+- compile test ReleaseSafe native-native 1 errors
+- compile test ReleaseSafe native-native 1 errors
+- compile test ReleaseSafe native-native 1 errors
+- compile test ReleaseSafe native-native 1 errors

error: the following build command failed with exit code 1:
/tmp/ztls-consumer-gate.3XEPTu/local-cache-z53/o/349200dedda066c4c68ba9111b549be8/build /nix/store/h4am1dpj4li41cq58861nysgaip7036s-zig-0.16.0/bin/zig /nix/store/h4am1dpj4li41cq58861nysgaip7036s-zig-0.16.0/lib/zig /tmp/ztls-consumer-gate.3XEPTu/z53 /tmp/ztls-consumer-gate.3XEPTu/local-cache-z53 /tmp/ztls-signoff-20260919/negative-gate-cache-final/z53-global --seed 0x21c2f962 -Z2b30847647817f6c test-unit check test-compile -Doptimize=ReleaseSafe -Dcpu=baseline
error: recipe `test-portable` failed on line 24 with exit code 1
