==3815301== Memcheck, a memory error detector
==3815301== Copyright (C) 2002-2026, and GNU GPL'd, by Julian Seward et al.
==3815301== Using Valgrind-3.27.1 and LibVEX; rerun with -h for copyright info
==3815301== Command: openssl list -cipher-algorithms
==3815301== Parent PID: 3815300
==3815301== 
==3815301== Conditional jump or move depends on uninitialised value(s)
==3815301==    at 0x4D823D0: OPENSSL_strlcpy (in /nix/store/HASH-openssl-3.6.4/lib/libcrypto.so.3)
==3815301==    by 0x4DBCB27: OBJ_obj2txt (in /nix/store/HASH-openssl-3.6.4/lib/libcrypto.so.3)
==3815301==    by 0x4D7BD4B: get_legacy_cipher_names (in /nix/store/HASH-openssl-3.6.4/lib/libcrypto.so.3)
==3815301==    by 0x4D7751F: OPENSSL_LH_doall_arg_thunk (in /nix/store/HASH-openssl-3.6.4/lib/libcrypto.so.3)
==3815301==    by 0x4DBA893: OBJ_NAME_do_all (in /nix/store/HASH-openssl-3.6.4/lib/libcrypto.so.3)
==3815301==    by 0x4D79FE7: ossl_namemap_stored (in /nix/store/HASH-openssl-3.6.4/lib/libcrypto.so.3)
==3815301==    by 0x4D42B5B: evp_generic_do_all (in /nix/store/HASH-openssl-3.6.4/lib/libcrypto.so.3)
==3815301==    by 0x406D7AB: list_ciphers (in /nix/store/HASH-openssl-3.6.4-bin/bin/openssl)
==3815301==    by 0x4070F77: list_main (in /nix/store/HASH-openssl-3.6.4-bin/bin/openssl)
==3815301==    by 0x407481F: do_cmd (in /nix/store/HASH-openssl-3.6.4-bin/bin/openssl)
==3815301==    by 0x404ABDB: main (in /nix/store/HASH-openssl-3.6.4-bin/bin/openssl)
==3815301== 
==3815301== Conditional jump or move depends on uninitialised value(s)
==3815301==    at 0x4D7A344: ossl_namemap_name2num (in /nix/store/HASH-openssl-3.6.4/lib/libcrypto.so.3)
==3815301==    by 0x4D7A72B: namemap_add_name (in /nix/store/HASH-openssl-3.6.4/lib/libcrypto.so.3)
==3815301==    by 0x4D7B96B: ossl_namemap_add_name (in /nix/store/HASH-openssl-3.6.4/lib/libcrypto.so.3)
==3815301==    by 0x4D7BD63: get_legacy_cipher_names (in /nix/store/HASH-openssl-3.6.4/lib/libcrypto.so.3)
==3815301==    by 0x4D7751F: OPENSSL_LH_doall_arg_thunk (in /nix/store/HASH-openssl-3.6.4/lib/libcrypto.so.3)
==3815301==    by 0x4DBA893: OBJ_NAME_do_all (in /nix/store/HASH-openssl-3.6.4/lib/libcrypto.so.3)
==3815301==    by 0x4D79FE7: ossl_namemap_stored (in /nix/store/HASH-openssl-3.6.4/lib/libcrypto.so.3)
==3815301==    by 0x4D42B5B: evp_generic_do_all (in /nix/store/HASH-openssl-3.6.4/lib/libcrypto.so.3)
==3815301==    by 0x406D7AB: list_ciphers (in /nix/store/HASH-openssl-3.6.4-bin/bin/openssl)
==3815301==    by 0x4070F77: list_main (in /nix/store/HASH-openssl-3.6.4-bin/bin/openssl)
==3815301==    by 0x407481F: do_cmd (in /nix/store/HASH-openssl-3.6.4-bin/bin/openssl)
==3815301==    by 0x404ABDB: main (in /nix/store/HASH-openssl-3.6.4-bin/bin/openssl)
==3815301== 
==3815301== Conditional jump or move depends on uninitialised value(s)
==3815301==    at 0x4D7A9C8: namemap_add_name (in /nix/store/HASH-openssl-3.6.4/lib/libcrypto.so.3)
==3815301==    by 0x4D7B96B: ossl_namemap_add_name (in /nix/store/HASH-openssl-3.6.4/lib/libcrypto.so.3)
==3815301==    by 0x4D7BD63: get_legacy_cipher_names (in /nix/store/HASH-openssl-3.6.4/lib/libcrypto.so.3)
==3815301==    by 0x4D7751F: OPENSSL_LH_doall_arg_thunk (in /nix/store/HASH-openssl-3.6.4/lib/libcrypto.so.3)
==3815301==    by 0x4DBA893: OBJ_NAME_do_all (in /nix/store/HASH-openssl-3.6.4/lib/libcrypto.so.3)
==3815301==    by 0x4D79FE7: ossl_namemap_stored (in /nix/store/HASH-openssl-3.6.4/lib/libcrypto.so.3)
==3815301==    by 0x4D42B5B: evp_generic_do_all (in /nix/store/HASH-openssl-3.6.4/lib/libcrypto.so.3)
==3815301==    by 0x406D7AB: list_ciphers (in /nix/store/HASH-openssl-3.6.4-bin/bin/openssl)
==3815301==    by 0x4070F77: list_main (in /nix/store/HASH-openssl-3.6.4-bin/bin/openssl)
==3815301==    by 0x407481F: do_cmd (in /nix/store/HASH-openssl-3.6.4-bin/bin/openssl)
==3815301==    by 0x404ABDB: main (in /nix/store/HASH-openssl-3.6.4-bin/bin/openssl)
==3815301== 
==3815301== Conditional jump or move depends on uninitialised value(s)
==3815301==    at 0x4D7A318: ossl_namemap_name2num (in /nix/store/HASH-openssl-3.6.4/lib/libcrypto.so.3)
==3815301==    by 0x4D7A72B: namemap_add_name (in /nix/store/HASH-openssl-3.6.4/lib/libcrypto.so.3)
==3815301==    by 0x4D7B96B: ossl_namemap_add_name (in /nix/store/HASH-openssl-3.6.4/lib/libcrypto.so.3)
==3815301==    by 0x4D7BD63: get_legacy_cipher_names (in /nix/store/HASH-openssl-3.6.4/lib/libcrypto.so.3)
==3815301==    by 0x4D7751F: OPENSSL_LH_doall_arg_thunk (in /nix/store/HASH-openssl-3.6.4/lib/libcrypto.so.3)
==3815301==    by 0x4DBA893: OBJ_NAME_do_all (in /nix/store/HASH-openssl-3.6.4/lib/libcrypto.so.3)
==3815301==    by 0x4D79FE7: ossl_namemap_stored (in /nix/store/HASH-openssl-3.6.4/lib/libcrypto.so.3)
==3815301==    by 0x4D42B5B: evp_generic_do_all (in /nix/store/HASH-openssl-3.6.4/lib/libcrypto.so.3)
==3815301==    by 0x406D7AB: list_ciphers (in /nix/store/HASH-openssl-3.6.4-bin/bin/openssl)
==3815301==    by 0x4070F77: list_main (in /nix/store/HASH-openssl-3.6.4-bin/bin/openssl)
==3815301==    by 0x407481F: do_cmd (in /nix/store/HASH-openssl-3.6.4-bin/bin/openssl)
==3815301==    by 0x404ABDB: main (in /nix/store/HASH-openssl-3.6.4-bin/bin/openssl)
==3815301== 
==3815301== Conditional jump or move depends on uninitialised value(s)
==3815301==    at 0x4D7A99C: namemap_add_name (in /nix/store/HASH-openssl-3.6.4/lib/libcrypto.so.3)
==3815301==    by 0x4D7B96B: ossl_namemap_add_name (in /nix/store/HASH-openssl-3.6.4/lib/libcrypto.so.3)
==3815301==    by 0x4D7BD63: get_legacy_cipher_names (in /nix/store/HASH-openssl-3.6.4/lib/libcrypto.so.3)
==3815301==    by 0x4D7751F: OPENSSL_LH_doall_arg_thunk (in /nix/store/HASH-openssl-3.6.4/lib/libcrypto.so.3)
==3815301==    by 0x4DBA893: OBJ_NAME_do_all (in /nix/store/HASH-openssl-3.6.4/lib/libcrypto.so.3)
==3815301==    by 0x4D79FE7: ossl_namemap_stored (in /nix/store/HASH-openssl-3.6.4/lib/libcrypto.so.3)
==3815301==    by 0x4D42B5B: evp_generic_do_all (in /nix/store/HASH-openssl-3.6.4/lib/libcrypto.so.3)
==3815301==    by 0x406D7AB: list_ciphers (in /nix/store/HASH-openssl-3.6.4-bin/bin/openssl)
==3815301==    by 0x4070F77: list_main (in /nix/store/HASH-openssl-3.6.4-bin/bin/openssl)
==3815301==    by 0x407481F: do_cmd (in /nix/store/HASH-openssl-3.6.4-bin/bin/openssl)
==3815301==    by 0x404ABDB: main (in /nix/store/HASH-openssl-3.6.4-bin/bin/openssl)
==3815301== 
==3815301== Conditional jump or move depends on uninitialised value(s)
==3815301==    at 0x4D823D0: OPENSSL_strlcpy (in /nix/store/HASH-openssl-3.6.4/lib/libcrypto.so.3)
==3815301==    by 0x4DBCB27: OBJ_obj2txt (in /nix/store/HASH-openssl-3.6.4/lib/libcrypto.so.3)
==3815301==    by 0x4D7BC37: get_legacy_md_names (in /nix/store/HASH-openssl-3.6.4/lib/libcrypto.so.3)
==3815301==    by 0x4D7751F: OPENSSL_LH_doall_arg_thunk (in /nix/store/HASH-openssl-3.6.4/lib/libcrypto.so.3)
==3815301==    by 0x4DBA893: OBJ_NAME_do_all (in /nix/store/HASH-openssl-3.6.4/lib/libcrypto.so.3)
==3815301==    by 0x4D79FFB: ossl_namemap_stored (in /nix/store/HASH-openssl-3.6.4/lib/libcrypto.so.3)
==3815301==    by 0x4D42B5B: evp_generic_do_all (in /nix/store/HASH-openssl-3.6.4/lib/libcrypto.so.3)
==3815301==    by 0x406D7AB: list_ciphers (in /nix/store/HASH-openssl-3.6.4-bin/bin/openssl)
==3815301==    by 0x4070F77: list_main (in /nix/store/HASH-openssl-3.6.4-bin/bin/openssl)
==3815301==    by 0x407481F: do_cmd (in /nix/store/HASH-openssl-3.6.4-bin/bin/openssl)
==3815301==    by 0x404ABDB: main (in /nix/store/HASH-openssl-3.6.4-bin/bin/openssl)
==3815301== 
==3815301== Conditional jump or move depends on uninitialised value(s)
==3815301==    at 0x4D7A344: ossl_namemap_name2num (in /nix/store/HASH-openssl-3.6.4/lib/libcrypto.so.3)
==3815301==    by 0x4D7A72B: namemap_add_name (in /nix/store/HASH-openssl-3.6.4/lib/libcrypto.so.3)
==3815301==    by 0x4D7B96B: ossl_namemap_add_name (in /nix/store/HASH-openssl-3.6.4/lib/libcrypto.so.3)
==3815301==    by 0x4D7BC4F: get_legacy_md_names (in /nix/store/HASH-openssl-3.6.4/lib/libcrypto.so.3)
==3815301==    by 0x4D7751F: OPENSSL_LH_doall_arg_thunk (in /nix/store/HASH-openssl-3.6.4/lib/libcrypto.so.3)
==3815301==    by 0x4DBA893: OBJ_NAME_do_all (in /nix/store/HASH-openssl-3.6.4/lib/libcrypto.so.3)
==3815301==    by 0x4D79FFB: ossl_namemap_stored (in /nix/store/HASH-openssl-3.6.4/lib/libcrypto.so.3)
==3815301==    by 0x4D42B5B: evp_generic_do_all (in /nix/store/HASH-openssl-3.6.4/lib/libcrypto.so.3)
==3815301==    by 0x406D7AB: list_ciphers (in /nix/store/HASH-openssl-3.6.4-bin/bin/openssl)
==3815301==    by 0x4070F77: list_main (in /nix/store/HASH-openssl-3.6.4-bin/bin/openssl)
==3815301==    by 0x407481F: do_cmd (in /nix/store/HASH-openssl-3.6.4-bin/bin/openssl)
==3815301==    by 0x404ABDB: main (in /nix/store/HASH-openssl-3.6.4-bin/bin/openssl)
==3815301== 
==3815301== Conditional jump or move depends on uninitialised value(s)
==3815301==    at 0x4D7A9C8: namemap_add_name (in /nix/store/HASH-openssl-3.6.4/lib/libcrypto.so.3)
==3815301==    by 0x4D7B96B: ossl_namemap_add_name (in /nix/store/HASH-openssl-3.6.4/lib/libcrypto.so.3)
==3815301==    by 0x4D7BC4F: get_legacy_md_names (in /nix/store/HASH-openssl-3.6.4/lib/libcrypto.so.3)
==3815301==    by 0x4D7751F: OPENSSL_LH_doall_arg_thunk (in /nix/store/HASH-openssl-3.6.4/lib/libcrypto.so.3)
==3815301==    by 0x4DBA893: OBJ_NAME_do_all (in /nix/store/HASH-openssl-3.6.4/lib/libcrypto.so.3)
==3815301==    by 0x4D79FFB: ossl_namemap_stored (in /nix/store/HASH-openssl-3.6.4/lib/libcrypto.so.3)
==3815301==    by 0x4D42B5B: evp_generic_do_all (in /nix/store/HASH-openssl-3.6.4/lib/libcrypto.so.3)
==3815301==    by 0x406D7AB: list_ciphers (in /nix/store/HASH-openssl-3.6.4-bin/bin/openssl)
==3815301==    by 0x4070F77: list_main (in /nix/store/HASH-openssl-3.6.4-bin/bin/openssl)
==3815301==    by 0x407481F: do_cmd (in /nix/store/HASH-openssl-3.6.4-bin/bin/openssl)
==3815301==    by 0x404ABDB: main (in /nix/store/HASH-openssl-3.6.4-bin/bin/openssl)
==3815301== 
==3815301== Conditional jump or move depends on uninitialised value(s)
==3815301==    at 0x4D7A318: ossl_namemap_name2num (in /nix/store/HASH-openssl-3.6.4/lib/libcrypto.so.3)
==3815301==    by 0x4D7A72B: namemap_add_name (in /nix/store/HASH-openssl-3.6.4/lib/libcrypto.so.3)
==3815301==    by 0x4D7B96B: ossl_namemap_add_name (in /nix/store/HASH-openssl-3.6.4/lib/libcrypto.so.3)
==3815301==    by 0x4D7BC4F: get_legacy_md_names (in /nix/store/HASH-openssl-3.6.4/lib/libcrypto.so.3)
==3815301==    by 0x4D7751F: OPENSSL_LH_doall_arg_thunk (in /nix/store/HASH-openssl-3.6.4/lib/libcrypto.so.3)
==3815301==    by 0x4DBA893: OBJ_NAME_do_all (in /nix/store/HASH-openssl-3.6.4/lib/libcrypto.so.3)
==3815301==    by 0x4D79FFB: ossl_namemap_stored (in /nix/store/HASH-openssl-3.6.4/lib/libcrypto.so.3)
==3815301==    by 0x4D42B5B: evp_generic_do_all (in /nix/store/HASH-openssl-3.6.4/lib/libcrypto.so.3)
==3815301==    by 0x406D7AB: list_ciphers (in /nix/store/HASH-openssl-3.6.4-bin/bin/openssl)
==3815301==    by 0x4070F77: list_main (in /nix/store/HASH-openssl-3.6.4-bin/bin/openssl)
==3815301==    by 0x407481F: do_cmd (in /nix/store/HASH-openssl-3.6.4-bin/bin/openssl)
==3815301==    by 0x404ABDB: main (in /nix/store/HASH-openssl-3.6.4-bin/bin/openssl)
==3815301== 
==3815301== Conditional jump or move depends on uninitialised value(s)
==3815301==    at 0x4D7A99C: namemap_add_name (in /nix/store/HASH-openssl-3.6.4/lib/libcrypto.so.3)
==3815301==    by 0x4D7B96B: ossl_namemap_add_name (in /nix/store/HASH-openssl-3.6.4/lib/libcrypto.so.3)
==3815301==    by 0x4D7BC4F: get_legacy_md_names (in /nix/store/HASH-openssl-3.6.4/lib/libcrypto.so.3)
==3815301==    by 0x4D7751F: OPENSSL_LH_doall_arg_thunk (in /nix/store/HASH-openssl-3.6.4/lib/libcrypto.so.3)
==3815301==    by 0x4DBA893: OBJ_NAME_do_all (in /nix/store/HASH-openssl-3.6.4/lib/libcrypto.so.3)
==3815301==    by 0x4D79FFB: ossl_namemap_stored (in /nix/store/HASH-openssl-3.6.4/lib/libcrypto.so.3)
==3815301==    by 0x4D42B5B: evp_generic_do_all (in /nix/store/HASH-openssl-3.6.4/lib/libcrypto.so.3)
==3815301==    by 0x406D7AB: list_ciphers (in /nix/store/HASH-openssl-3.6.4-bin/bin/openssl)
==3815301==    by 0x4070F77: list_main (in /nix/store/HASH-openssl-3.6.4-bin/bin/openssl)
==3815301==    by 0x407481F: do_cmd (in /nix/store/HASH-openssl-3.6.4-bin/bin/openssl)
==3815301==    by 0x404ABDB: main (in /nix/store/HASH-openssl-3.6.4-bin/bin/openssl)
==3815301== 
==3815301== Conditional jump or move depends on uninitialised value(s)
==3815301==    at 0x4D823D0: OPENSSL_strlcpy (in /nix/store/HASH-openssl-3.6.4/lib/libcrypto.so.3)
==3815301==    by 0x4DBCB27: OBJ_obj2txt (in /nix/store/HASH-openssl-3.6.4/lib/libcrypto.so.3)
==3815301==    by 0x4D7BAF3: get_legacy_evp_names (in /nix/store/HASH-openssl-3.6.4/lib/libcrypto.so.3)
==3815301==    by 0x4D7A047: ossl_namemap_stored (in /nix/store/HASH-openssl-3.6.4/lib/libcrypto.so.3)
==3815301==    by 0x4D42B5B: evp_generic_do_all (in /nix/store/HASH-openssl-3.6.4/lib/libcrypto.so.3)
==3815301==    by 0x406D7AB: list_ciphers (in /nix/store/HASH-openssl-3.6.4-bin/bin/openssl)
==3815301==    by 0x4070F77: list_main (in /nix/store/HASH-openssl-3.6.4-bin/bin/openssl)
==3815301==    by 0x407481F: do_cmd (in /nix/store/HASH-openssl-3.6.4-bin/bin/openssl)
==3815301==    by 0x404ABDB: main (in /nix/store/HASH-openssl-3.6.4-bin/bin/openssl)
==3815301== 
==3815301== Conditional jump or move depends on uninitialised value(s)
==3815301==    at 0x4D7A344: ossl_namemap_name2num (in /nix/store/HASH-openssl-3.6.4/lib/libcrypto.so.3)
==3815301==    by 0x4D7A72B: namemap_add_name (in /nix/store/HASH-openssl-3.6.4/lib/libcrypto.so.3)
==3815301==    by 0x4D7B96B: ossl_namemap_add_name (in /nix/store/HASH-openssl-3.6.4/lib/libcrypto.so.3)
==3815301==    by 0x4D7BB0B: get_legacy_evp_names (in /nix/store/HASH-openssl-3.6.4/lib/libcrypto.so.3)
==3815301==    by 0x4D7A047: ossl_namemap_stored (in /nix/store/HASH-openssl-3.6.4/lib/libcrypto.so.3)
==3815301==    by 0x4D42B5B: evp_generic_do_all (in /nix/store/HASH-openssl-3.6.4/lib/libcrypto.so.3)
==3815301==    by 0x406D7AB: list_ciphers (in /nix/store/HASH-openssl-3.6.4-bin/bin/openssl)
==3815301==    by 0x4070F77: list_main (in /nix/store/HASH-openssl-3.6.4-bin/bin/openssl)
==3815301==    by 0x407481F: do_cmd (in /nix/store/HASH-openssl-3.6.4-bin/bin/openssl)
==3815301==    by 0x404ABDB: main (in /nix/store/HASH-openssl-3.6.4-bin/bin/openssl)
==3815301== 
==3815301== Conditional jump or move depends on uninitialised value(s)
==3815301==    at 0x4D7A9C8: namemap_add_name (in /nix/store/HASH-openssl-3.6.4/lib/libcrypto.so.3)
==3815301==    by 0x4D7B96B: ossl_namemap_add_name (in /nix/store/HASH-openssl-3.6.4/lib/libcrypto.so.3)
==3815301==    by 0x4D7BB0B: get_legacy_evp_names (in /nix/store/HASH-openssl-3.6.4/lib/libcrypto.so.3)
==3815301==    by 0x4D7A047: ossl_namemap_stored (in /nix/store/HASH-openssl-3.6.4/lib/libcrypto.so.3)
==3815301==    by 0x4D42B5B: evp_generic_do_all (in /nix/store/HASH-openssl-3.6.4/lib/libcrypto.so.3)
==3815301==    by 0x406D7AB: list_ciphers (in /nix/store/HASH-openssl-3.6.4-bin/bin/openssl)
==3815301==    by 0x4070F77: list_main (in /nix/store/HASH-openssl-3.6.4-bin/bin/openssl)
==3815301==    by 0x407481F: do_cmd (in /nix/store/HASH-openssl-3.6.4-bin/bin/openssl)
==3815301==    by 0x404ABDB: main (in /nix/store/HASH-openssl-3.6.4-bin/bin/openssl)
==3815301== 
==3815301== Conditional jump or move depends on uninitialised value(s)
==3815301==    at 0x4D823D0: OPENSSL_strlcpy (in /nix/store/HASH-openssl-3.6.4/lib/libcrypto.so.3)
==3815301==    by 0x4DBCB27: OBJ_obj2txt (in /nix/store/HASH-openssl-3.6.4/lib/libcrypto.so.3)
==3815301==    by 0x4D7BAF3: get_legacy_evp_names (in /nix/store/HASH-openssl-3.6.4/lib/libcrypto.so.3)
==3815301==    by 0x4D7A0AF: ossl_namemap_stored (in /nix/store/HASH-openssl-3.6.4/lib/libcrypto.so.3)
==3815301==    by 0x4D42B5B: evp_generic_do_all (in /nix/store/HASH-openssl-3.6.4/lib/libcrypto.so.3)
==3815301==    by 0x406D7AB: list_ciphers (in /nix/store/HASH-openssl-3.6.4-bin/bin/openssl)
==3815301==    by 0x4070F77: list_main (in /nix/store/HASH-openssl-3.6.4-bin/bin/openssl)
==3815301==    by 0x407481F: do_cmd (in /nix/store/HASH-openssl-3.6.4-bin/bin/openssl)
==3815301==    by 0x404ABDB: main (in /nix/store/HASH-openssl-3.6.4-bin/bin/openssl)
==3815301== 
==3815301== Conditional jump or move depends on uninitialised value(s)
==3815301==    at 0x4D7A318: ossl_namemap_name2num (in /nix/store/HASH-openssl-3.6.4/lib/libcrypto.so.3)
==3815301==    by 0x4D7A72B: namemap_add_name (in /nix/store/HASH-openssl-3.6.4/lib/libcrypto.so.3)
==3815301==    by 0x4D7B96B: ossl_namemap_add_name (in /nix/store/HASH-openssl-3.6.4/lib/libcrypto.so.3)
==3815301==    by 0x4D7BB0B: get_legacy_evp_names (in /nix/store/HASH-openssl-3.6.4/lib/libcrypto.so.3)
==3815301==    by 0x4D7A0AF: ossl_namemap_stored (in /nix/store/HASH-openssl-3.6.4/lib/libcrypto.so.3)
==3815301==    by 0x4D42B5B: evp_generic_do_all (in /nix/store/HASH-openssl-3.6.4/lib/libcrypto.so.3)
==3815301==    by 0x406D7AB: list_ciphers (in /nix/store/HASH-openssl-3.6.4-bin/bin/openssl)
==3815301==    by 0x4070F77: list_main (in /nix/store/HASH-openssl-3.6.4-bin/bin/openssl)
==3815301==    by 0x407481F: do_cmd (in /nix/store/HASH-openssl-3.6.4-bin/bin/openssl)
==3815301==    by 0x404ABDB: main (in /nix/store/HASH-openssl-3.6.4-bin/bin/openssl)
==3815301== 
==3815301== Conditional jump or move depends on uninitialised value(s)
==3815301==    at 0x4D7A99C: namemap_add_name (in /nix/store/HASH-openssl-3.6.4/lib/libcrypto.so.3)
==3815301==    by 0x4D7B96B: ossl_namemap_add_name (in /nix/store/HASH-openssl-3.6.4/lib/libcrypto.so.3)
==3815301==    by 0x4D7BB0B: get_legacy_evp_names (in /nix/store/HASH-openssl-3.6.4/lib/libcrypto.so.3)
==3815301==    by 0x4D7A0AF: ossl_namemap_stored (in /nix/store/HASH-openssl-3.6.4/lib/libcrypto.so.3)
==3815301==    by 0x4D42B5B: evp_generic_do_all (in /nix/store/HASH-openssl-3.6.4/lib/libcrypto.so.3)
==3815301==    by 0x406D7AB: list_ciphers (in /nix/store/HASH-openssl-3.6.4-bin/bin/openssl)
==3815301==    by 0x4070F77: list_main (in /nix/store/HASH-openssl-3.6.4-bin/bin/openssl)
==3815301==    by 0x407481F: do_cmd (in /nix/store/HASH-openssl-3.6.4-bin/bin/openssl)
==3815301==    by 0x404ABDB: main (in /nix/store/HASH-openssl-3.6.4-bin/bin/openssl)
==3815301== 
==3815301== Conditional jump or move depends on uninitialised value(s)
==3815301==    at 0x4D7A9C8: namemap_add_name (in /nix/store/HASH-openssl-3.6.4/lib/libcrypto.so.3)
==3815301==    by 0x4D7B96B: ossl_namemap_add_name (in /nix/store/HASH-openssl-3.6.4/lib/libcrypto.so.3)
==3815301==    by 0x4D7BB0B: get_legacy_evp_names (in /nix/store/HASH-openssl-3.6.4/lib/libcrypto.so.3)
==3815301==    by 0x4D7A0AF: ossl_namemap_stored (in /nix/store/HASH-openssl-3.6.4/lib/libcrypto.so.3)
==3815301==    by 0x4D42B5B: evp_generic_do_all (in /nix/store/HASH-openssl-3.6.4/lib/libcrypto.so.3)
==3815301==    by 0x406D7AB: list_ciphers (in /nix/store/HASH-openssl-3.6.4-bin/bin/openssl)
==3815301==    by 0x4070F77: list_main (in /nix/store/HASH-openssl-3.6.4-bin/bin/openssl)
==3815301==    by 0x407481F: do_cmd (in /nix/store/HASH-openssl-3.6.4-bin/bin/openssl)
==3815301==    by 0x404ABDB: main (in /nix/store/HASH-openssl-3.6.4-bin/bin/openssl)
==3815301== 
==3815301== Conditional jump or move depends on uninitialised value(s)
==3815301==    at 0x4D823D0: OPENSSL_strlcpy (in /nix/store/HASH-openssl-3.6.4/lib/libcrypto.so.3)
==3815301==    by 0x4DBCB27: OBJ_obj2txt (in /nix/store/HASH-openssl-3.6.4/lib/libcrypto.so.3)
==3815301==    by 0x4D7BAF3: get_legacy_evp_names (in /nix/store/HASH-openssl-3.6.4/lib/libcrypto.so.3)
==3815301==    by 0x4D7A0EB: ossl_namemap_stored (in /nix/store/HASH-openssl-3.6.4/lib/libcrypto.so.3)
==3815301==    by 0x4D42B5B: evp_generic_do_all (in /nix/store/HASH-openssl-3.6.4/lib/libcrypto.so.3)
==3815301==    by 0x406D7AB: list_ciphers (in /nix/store/HASH-openssl-3.6.4-bin/bin/openssl)
==3815301==    by 0x4070F77: list_main (in /nix/store/HASH-openssl-3.6.4-bin/bin/openssl)
==3815301==    by 0x407481F: do_cmd (in /nix/store/HASH-openssl-3.6.4-bin/bin/openssl)
==3815301==    by 0x404ABDB: main (in /nix/store/HASH-openssl-3.6.4-bin/bin/openssl)
==3815301== 
==3815301== Conditional jump or move depends on uninitialised value(s)
==3815301==    at 0x4D7A9C8: namemap_add_name (in /nix/store/HASH-openssl-3.6.4/lib/libcrypto.so.3)
==3815301==    by 0x4D7B96B: ossl_namemap_add_name (in /nix/store/HASH-openssl-3.6.4/lib/libcrypto.so.3)
==3815301==    by 0x4D7BB0B: get_legacy_evp_names (in /nix/store/HASH-openssl-3.6.4/lib/libcrypto.so.3)
==3815301==    by 0x4D7A0EB: ossl_namemap_stored (in /nix/store/HASH-openssl-3.6.4/lib/libcrypto.so.3)
==3815301==    by 0x4D42B5B: evp_generic_do_all (in /nix/store/HASH-openssl-3.6.4/lib/libcrypto.so.3)
==3815301==    by 0x406D7AB: list_ciphers (in /nix/store/HASH-openssl-3.6.4-bin/bin/openssl)
==3815301==    by 0x4070F77: list_main (in /nix/store/HASH-openssl-3.6.4-bin/bin/openssl)
==3815301==    by 0x407481F: do_cmd (in /nix/store/HASH-openssl-3.6.4-bin/bin/openssl)
==3815301==    by 0x404ABDB: main (in /nix/store/HASH-openssl-3.6.4-bin/bin/openssl)
==3815301== 
==3815301== Conditional jump or move depends on uninitialised value(s)
==3815301==    at 0x4D7A99C: namemap_add_name (in /nix/store/HASH-openssl-3.6.4/lib/libcrypto.so.3)
==3815301==    by 0x4D7B96B: ossl_namemap_add_name (in /nix/store/HASH-openssl-3.6.4/lib/libcrypto.so.3)
==3815301==    by 0x4D7BB0B: get_legacy_evp_names (in /nix/store/HASH-openssl-3.6.4/lib/libcrypto.so.3)
==3815301==    by 0x4D7A047: ossl_namemap_stored (in /nix/store/HASH-openssl-3.6.4/lib/libcrypto.so.3)
==3815301==    by 0x4D42B5B: evp_generic_do_all (in /nix/store/HASH-openssl-3.6.4/lib/libcrypto.so.3)
==3815301==    by 0x406D7AB: list_ciphers (in /nix/store/HASH-openssl-3.6.4-bin/bin/openssl)
==3815301==    by 0x4070F77: list_main (in /nix/store/HASH-openssl-3.6.4-bin/bin/openssl)
==3815301==    by 0x407481F: do_cmd (in /nix/store/HASH-openssl-3.6.4-bin/bin/openssl)
==3815301==    by 0x404ABDB: main (in /nix/store/HASH-openssl-3.6.4-bin/bin/openssl)
==3815301== 
==3815301== Conditional jump or move depends on uninitialised value(s)
==3815301==    at 0x4D823D0: OPENSSL_strlcpy (in /nix/store/HASH-openssl-3.6.4/lib/libcrypto.so.3)
==3815301==    by 0x4DBCB27: OBJ_obj2txt (in /nix/store/HASH-openssl-3.6.4/lib/libcrypto.so.3)
==3815301==    by 0x4D7BAF3: get_legacy_evp_names (in /nix/store/HASH-openssl-3.6.4/lib/libcrypto.so.3)
==3815301==    by 0x4D7A0D3: ossl_namemap_stored (in /nix/store/HASH-openssl-3.6.4/lib/libcrypto.so.3)
==3815301==    by 0x4D42B5B: evp_generic_do_all (in /nix/store/HASH-openssl-3.6.4/lib/libcrypto.so.3)
==3815301==    by 0x406D7AB: list_ciphers (in /nix/store/HASH-openssl-3.6.4-bin/bin/openssl)
==3815301==    by 0x4070F77: list_main (in /nix/store/HASH-openssl-3.6.4-bin/bin/openssl)
==3815301==    by 0x407481F: do_cmd (in /nix/store/HASH-openssl-3.6.4-bin/bin/openssl)
==3815301==    by 0x404ABDB: main (in /nix/store/HASH-openssl-3.6.4-bin/bin/openssl)
==3815301== 
==3815301== Conditional jump or move depends on uninitialised value(s)
==3815301==    at 0x4D7A9C8: namemap_add_name (in /nix/store/HASH-openssl-3.6.4/lib/libcrypto.so.3)
==3815301==    by 0x4D7B96B: ossl_namemap_add_name (in /nix/store/HASH-openssl-3.6.4/lib/libcrypto.so.3)
==3815301==    by 0x4D7BB0B: get_legacy_evp_names (in /nix/store/HASH-openssl-3.6.4/lib/libcrypto.so.3)
==3815301==    by 0x4D7A0D3: ossl_namemap_stored (in /nix/store/HASH-openssl-3.6.4/lib/libcrypto.so.3)
==3815301==    by 0x4D42B5B: evp_generic_do_all (in /nix/store/HASH-openssl-3.6.4/lib/libcrypto.so.3)
==3815301==    by 0x406D7AB: list_ciphers (in /nix/store/HASH-openssl-3.6.4-bin/bin/openssl)
==3815301==    by 0x4070F77: list_main (in /nix/store/HASH-openssl-3.6.4-bin/bin/openssl)
==3815301==    by 0x407481F: do_cmd (in /nix/store/HASH-openssl-3.6.4-bin/bin/openssl)
==3815301==    by 0x404ABDB: main (in /nix/store/HASH-openssl-3.6.4-bin/bin/openssl)
==3815301== 
==3815301== Conditional jump or move depends on uninitialised value(s)
==3815301==    at 0x4D7A318: ossl_namemap_name2num (in /nix/store/HASH-openssl-3.6.4/lib/libcrypto.so.3)
==3815301==    by 0x4D7AE8B: ossl_namemap_add_names (in /nix/store/HASH-openssl-3.6.4/lib/libcrypto.so.3)
==3815301==    by 0x4D41537: construct_evp_method (in /nix/store/HASH-openssl-3.6.4/lib/libcrypto.so.3)
==3815301==    by 0x4D7999B: ossl_method_construct_this (in /nix/store/HASH-openssl-3.6.4/lib/libcrypto.so.3)
==3815301==    by 0x4D79647: algorithm_do_this (in /nix/store/HASH-openssl-3.6.4/lib/libcrypto.so.3)
==3815301==    by 0x4D91A53: ossl_provider_doall_activated (in /nix/store/HASH-openssl-3.6.4/lib/libcrypto.so.3)
==3815301==    by 0x4D797FB: ossl_algorithm_do_all (in /nix/store/HASH-openssl-3.6.4/lib/libcrypto.so.3)
==3815301==    by 0x4D79C4F: ossl_method_construct (in /nix/store/HASH-openssl-3.6.4/lib/libcrypto.so.3)
==3815301==    by 0x4D42BDB: evp_generic_do_all (in /nix/store/HASH-openssl-3.6.4/lib/libcrypto.so.3)
==3815301==    by 0x406D7AB: list_ciphers (in /nix/store/HASH-openssl-3.6.4-bin/bin/openssl)
==3815301==    by 0x4070F77: list_main (in /nix/store/HASH-openssl-3.6.4-bin/bin/openssl)
==3815301==    by 0x407481F: do_cmd (in /nix/store/HASH-openssl-3.6.4-bin/bin/openssl)
==3815301== 
==3815301== Conditional jump or move depends on uninitialised value(s)
==3815301==    at 0x4D7A318: ossl_namemap_name2num (in /nix/store/HASH-openssl-3.6.4/lib/libcrypto.so.3)
==3815301==    by 0x4D7A72B: namemap_add_name (in /nix/store/HASH-openssl-3.6.4/lib/libcrypto.so.3)
==3815301==    by 0x4D7AED3: ossl_namemap_add_names (in /nix/store/HASH-openssl-3.6.4/lib/libcrypto.so.3)
==3815301==    by 0x4D41537: construct_evp_method (in /nix/store/HASH-openssl-3.6.4/lib/libcrypto.so.3)
==3815301==    by 0x4D7999B: ossl_method_construct_this (in /nix/store/HASH-openssl-3.6.4/lib/libcrypto.so.3)
==3815301==    by 0x4D79647: algorithm_do_this (in /nix/store/HASH-openssl-3.6.4/lib/libcrypto.so.3)
==3815301==    by 0x4D91A53: ossl_provider_doall_activated (in /nix/store/HASH-openssl-3.6.4/lib/libcrypto.so.3)
==3815301==    by 0x4D797FB: ossl_algorithm_do_all (in /nix/store/HASH-openssl-3.6.4/lib/libcrypto.so.3)
==3815301==    by 0x4D79C4F: ossl_method_construct (in /nix/store/HASH-openssl-3.6.4/lib/libcrypto.so.3)
==3815301==    by 0x4D42BDB: evp_generic_do_all (in /nix/store/HASH-openssl-3.6.4/lib/libcrypto.so.3)
==3815301==    by 0x406D7AB: list_ciphers (in /nix/store/HASH-openssl-3.6.4-bin/bin/openssl)
==3815301==    by 0x4070F77: list_main (in /nix/store/HASH-openssl-3.6.4-bin/bin/openssl)
==3815301== 
==3815301== Conditional jump or move depends on uninitialised value(s)
==3815301==    at 0x4D7A99C: namemap_add_name (in /nix/store/HASH-openssl-3.6.4/lib/libcrypto.so.3)
==3815301==    by 0x4D7AED3: ossl_namemap_add_names (in /nix/store/HASH-openssl-3.6.4/lib/libcrypto.so.3)
==3815301==    by 0x4D41537: construct_evp_method (in /nix/store/HASH-openssl-3.6.4/lib/libcrypto.so.3)
==3815301==    by 0x4D7999B: ossl_method_construct_this (in /nix/store/HASH-openssl-3.6.4/lib/libcrypto.so.3)
==3815301==    by 0x4D79647: algorithm_do_this (in /nix/store/HASH-openssl-3.6.4/lib/libcrypto.so.3)
==3815301==    by 0x4D91A53: ossl_provider_doall_activated (in /nix/store/HASH-openssl-3.6.4/lib/libcrypto.so.3)
==3815301==    by 0x4D797FB: ossl_algorithm_do_all (in /nix/store/HASH-openssl-3.6.4/lib/libcrypto.so.3)
==3815301==    by 0x4D79C4F: ossl_method_construct (in /nix/store/HASH-openssl-3.6.4/lib/libcrypto.so.3)
==3815301==    by 0x4D42BDB: evp_generic_do_all (in /nix/store/HASH-openssl-3.6.4/lib/libcrypto.so.3)
==3815301==    by 0x406D7AB: list_ciphers (in /nix/store/HASH-openssl-3.6.4-bin/bin/openssl)
==3815301==    by 0x4070F77: list_main (in /nix/store/HASH-openssl-3.6.4-bin/bin/openssl)
==3815301==    by 0x407481F: do_cmd (in /nix/store/HASH-openssl-3.6.4-bin/bin/openssl)
==3815301== 
==3815301== Conditional jump or move depends on uninitialised value(s)
==3815301==    at 0x4D7A344: ossl_namemap_name2num (in /nix/store/HASH-openssl-3.6.4/lib/libcrypto.so.3)
==3815301==    by 0x4D7AE8B: ossl_namemap_add_names (in /nix/store/HASH-openssl-3.6.4/lib/libcrypto.so.3)
==3815301==    by 0x4D41537: construct_evp_method (in /nix/store/HASH-openssl-3.6.4/lib/libcrypto.so.3)
==3815301==    by 0x4D7999B: ossl_method_construct_this (in /nix/store/HASH-openssl-3.6.4/lib/libcrypto.so.3)
==3815301==    by 0x4D79647: algorithm_do_this (in /nix/store/HASH-openssl-3.6.4/lib/libcrypto.so.3)
==3815301==    by 0x4D91A53: ossl_provider_doall_activated (in /nix/store/HASH-openssl-3.6.4/lib/libcrypto.so.3)
==3815301==    by 0x4D797FB: ossl_algorithm_do_all (in /nix/store/HASH-openssl-3.6.4/lib/libcrypto.so.3)
==3815301==    by 0x4D79C4F: ossl_method_construct (in /nix/store/HASH-openssl-3.6.4/lib/libcrypto.so.3)
==3815301==    by 0x4D42BDB: evp_generic_do_all (in /nix/store/HASH-openssl-3.6.4/lib/libcrypto.so.3)
==3815301==    by 0x406D7AB: list_ciphers (in /nix/store/HASH-openssl-3.6.4-bin/bin/openssl)
==3815301==    by 0x4070F77: list_main (in /nix/store/HASH-openssl-3.6.4-bin/bin/openssl)
==3815301==    by 0x407481F: do_cmd (in /nix/store/HASH-openssl-3.6.4-bin/bin/openssl)
==3815301== 
==3815301== Conditional jump or move depends on uninitialised value(s)
==3815301==    at 0x4D7A344: ossl_namemap_name2num (in /nix/store/HASH-openssl-3.6.4/lib/libcrypto.so.3)
==3815301==    by 0x4D7A72B: namemap_add_name (in /nix/store/HASH-openssl-3.6.4/lib/libcrypto.so.3)
==3815301==    by 0x4D7AED3: ossl_namemap_add_names (in /nix/store/HASH-openssl-3.6.4/lib/libcrypto.so.3)
==3815301==    by 0x4D41537: construct_evp_method (in /nix/store/HASH-openssl-3.6.4/lib/libcrypto.so.3)
==3815301==    by 0x4D7999B: ossl_method_construct_this (in /nix/store/HASH-openssl-3.6.4/lib/libcrypto.so.3)
==3815301==    by 0x4D79647: algorithm_do_this (in /nix/store/HASH-openssl-3.6.4/lib/libcrypto.so.3)
==3815301==    by 0x4D91A53: ossl_provider_doall_activated (in /nix/store/HASH-openssl-3.6.4/lib/libcrypto.so.3)
==3815301==    by 0x4D797FB: ossl_algorithm_do_all (in /nix/store/HASH-openssl-3.6.4/lib/libcrypto.so.3)
==3815301==    by 0x4D79C4F: ossl_method_construct (in /nix/store/HASH-openssl-3.6.4/lib/libcrypto.so.3)
==3815301==    by 0x4D42BDB: evp_generic_do_all (in /nix/store/HASH-openssl-3.6.4/lib/libcrypto.so.3)
==3815301==    by 0x406D7AB: list_ciphers (in /nix/store/HASH-openssl-3.6.4-bin/bin/openssl)
==3815301==    by 0x4070F77: list_main (in /nix/store/HASH-openssl-3.6.4-bin/bin/openssl)
==3815301== 
==3815301== Conditional jump or move depends on uninitialised value(s)
==3815301==    at 0x4D7A9C8: namemap_add_name (in /nix/store/HASH-openssl-3.6.4/lib/libcrypto.so.3)
==3815301==    by 0x4D7AED3: ossl_namemap_add_names (in /nix/store/HASH-openssl-3.6.4/lib/libcrypto.so.3)
==3815301==    by 0x4D41537: construct_evp_method (in /nix/store/HASH-openssl-3.6.4/lib/libcrypto.so.3)
==3815301==    by 0x4D7999B: ossl_method_construct_this (in /nix/store/HASH-openssl-3.6.4/lib/libcrypto.so.3)
==3815301==    by 0x4D79647: algorithm_do_this (in /nix/store/HASH-openssl-3.6.4/lib/libcrypto.so.3)
==3815301==    by 0x4D91A53: ossl_provider_doall_activated (in /nix/store/HASH-openssl-3.6.4/lib/libcrypto.so.3)
==3815301==    by 0x4D797FB: ossl_algorithm_do_all (in /nix/store/HASH-openssl-3.6.4/lib/libcrypto.so.3)
==3815301==    by 0x4D79C4F: ossl_method_construct (in /nix/store/HASH-openssl-3.6.4/lib/libcrypto.so.3)
==3815301==    by 0x4D42BDB: evp_generic_do_all (in /nix/store/HASH-openssl-3.6.4/lib/libcrypto.so.3)
==3815301==    by 0x406D7AB: list_ciphers (in /nix/store/HASH-openssl-3.6.4-bin/bin/openssl)
==3815301==    by 0x4070F77: list_main (in /nix/store/HASH-openssl-3.6.4-bin/bin/openssl)
==3815301==    by 0x407481F: do_cmd (in /nix/store/HASH-openssl-3.6.4-bin/bin/openssl)
==3815301== 
==3815301== Conditional jump or move depends on uninitialised value(s)
==3815301==    at 0x4D7A318: ossl_namemap_name2num (in /nix/store/HASH-openssl-3.6.4/lib/libcrypto.so.3)
==3815301==    by 0x4D41C1F: evp_generic_fetch (in /nix/store/HASH-openssl-3.6.4/lib/libcrypto.so.3)
==3815301==    by 0x406F4EB: collect_ciphers (in /nix/store/HASH-openssl-3.6.4-bin/bin/openssl)
==3815301==    by 0x4DDD60F: ossl_method_store_do_all (in /nix/store/HASH-openssl-3.6.4/lib/libcrypto.so.3)
==3815301==    by 0x4D42C67: evp_generic_do_all (in /nix/store/HASH-openssl-3.6.4/lib/libcrypto.so.3)
==3815301==    by 0x406D7AB: list_ciphers (in /nix/store/HASH-openssl-3.6.4-bin/bin/openssl)
==3815301==    by 0x4070F77: list_main (in /nix/store/HASH-openssl-3.6.4-bin/bin/openssl)
==3815301==    by 0x407481F: do_cmd (in /nix/store/HASH-openssl-3.6.4-bin/bin/openssl)
==3815301==    by 0x404ABDB: main (in /nix/store/HASH-openssl-3.6.4-bin/bin/openssl)
==3815301== 
==3815301== Conditional jump or move depends on uninitialised value(s)
==3815301==    at 0x4D7A344: ossl_namemap_name2num (in /nix/store/HASH-openssl-3.6.4/lib/libcrypto.so.3)
==3815301==    by 0x4D41C1F: evp_generic_fetch (in /nix/store/HASH-openssl-3.6.4/lib/libcrypto.so.3)
==3815301==    by 0x406F4EB: collect_ciphers (in /nix/store/HASH-openssl-3.6.4-bin/bin/openssl)
==3815301==    by 0x4DDD60F: ossl_method_store_do_all (in /nix/store/HASH-openssl-3.6.4/lib/libcrypto.so.3)
==3815301==    by 0x4D42C67: evp_generic_do_all (in /nix/store/HASH-openssl-3.6.4/lib/libcrypto.so.3)
==3815301==    by 0x406D7AB: list_ciphers (in /nix/store/HASH-openssl-3.6.4-bin/bin/openssl)
==3815301==    by 0x4070F77: list_main (in /nix/store/HASH-openssl-3.6.4-bin/bin/openssl)
==3815301==    by 0x407481F: do_cmd (in /nix/store/HASH-openssl-3.6.4-bin/bin/openssl)
==3815301==    by 0x404ABDB: main (in /nix/store/HASH-openssl-3.6.4-bin/bin/openssl)
==3815301== 
==3815301== Conditional jump or move depends on uninitialised value(s)
==3815301==    at 0x4D81F7C: OPENSSL_strnlen (in /nix/store/HASH-openssl-3.6.4/lib/libcrypto.so.3)
==3815301==    by 0x4C5C9A7: _dopr (in /nix/store/HASH-openssl-3.6.4/lib/libcrypto.so.3)
==3815301==    by 0x4C5D527: BIO_vprintf (in /nix/store/HASH-openssl-3.6.4/lib/libcrypto.so.3)
==3815301==    by 0x4C5D64B: BIO_printf (in /nix/store/HASH-openssl-3.6.4/lib/libcrypto.so.3)
==3815301==    by 0x40B753F: print_names (in /nix/store/HASH-openssl-3.6.4-bin/bin/openssl)
==3815301==    by 0x406D887: list_ciphers (in /nix/store/HASH-openssl-3.6.4-bin/bin/openssl)
==3815301==    by 0x4070F77: list_main (in /nix/store/HASH-openssl-3.6.4-bin/bin/openssl)
==3815301==    by 0x407481F: do_cmd (in /nix/store/HASH-openssl-3.6.4-bin/bin/openssl)
==3815301==    by 0x404ABDB: main (in /nix/store/HASH-openssl-3.6.4-bin/bin/openssl)
==3815301== 
==3815301== 
==3815301== HEAP SUMMARY:
==3815301==     in use at exit: 0 bytes in 0 blocks
==3815301==   total heap usage: 8,004 allocs, 8,004 frees, 431,858 bytes allocated
==3815301== 
==3815301== All heap blocks were freed -- no leaks are possible
==3815301== 
==3815301== Use --track-origins=yes to see where uninitialised values come from
==3815301== For lists of detected and suppressed errors, rerun with: -s
==3815301== ERROR SUMMARY: 1932 errors from 31 contexts (suppressed: 0 from 0)
