==3816097== Memcheck, a memory error detector
==3816097== Copyright (C) 2002-2026, and GNU GPL'd, by Julian Seward et al.
==3816097== Using Valgrind-3.27.1 and LibVEX; rerun with -h for copyright info
==3816097== Command: /tmp/ztls-production.DCwJ3H/valgrind-cache/o/4e6f538d315147f1d2bd0f9187702cf2/in_memory_handshake
==3816097== Parent PID: 3816096
==3816097== 
==3816097== Conditional jump or move depends on uninitialised value(s)
==3816097==    at 0x4B223D0: OPENSSL_strlcpy (in /nix/store/v89yca35zsb13k51ibz0mcz2rrzjwwrj-openssl-3.6.4/lib/libcrypto.so.3)
==3816097==    by 0x4B5CB27: OBJ_obj2txt (in /nix/store/v89yca35zsb13k51ibz0mcz2rrzjwwrj-openssl-3.6.4/lib/libcrypto.so.3)
==3816097==    by 0x4B1BD4B: get_legacy_cipher_names (in /nix/store/v89yca35zsb13k51ibz0mcz2rrzjwwrj-openssl-3.6.4/lib/libcrypto.so.3)
==3816097==    by 0x4B1751F: OPENSSL_LH_doall_arg_thunk (in /nix/store/v89yca35zsb13k51ibz0mcz2rrzjwwrj-openssl-3.6.4/lib/libcrypto.so.3)
==3816097==    by 0x4B5A893: OBJ_NAME_do_all (in /nix/store/v89yca35zsb13k51ibz0mcz2rrzjwwrj-openssl-3.6.4/lib/libcrypto.so.3)
==3816097==    by 0x4B19FE7: ossl_namemap_stored (in /nix/store/v89yca35zsb13k51ibz0mcz2rrzjwwrj-openssl-3.6.4/lib/libcrypto.so.3)
==3816097==    by 0x4AE1BEB: evp_generic_fetch (in /nix/store/v89yca35zsb13k51ibz0mcz2rrzjwwrj-openssl-3.6.4/lib/libcrypto.so.3)
==3816097==    by 0x4AFDACF: EVP_PKEY_CTX_new_from_name (in /nix/store/v89yca35zsb13k51ibz0mcz2rrzjwwrj-openssl-3.6.4/lib/libcrypto.so.3)
==3816097==    by 0x4AF7F5B: EVP_PKEY_new_raw_private_key (in /nix/store/v89yca35zsb13k51ibz0mcz2rrzjwwrj-openssl-3.6.4/lib/libcrypto.so.3)
==3816097==    by 0x1167327: crypto.backend_openssl.privateKeyFromSecret (backend_openssl.zig:274)
==3816097==    by 0x11406B7: privateKeyFromSecret (backend.zig:222)
==3816097==    by 0x11406B7: x25519.privateKey (x25519.zig:45)
==3816097==    by 0x113382B: x25519.publicFromSecret (x25519.zig:53)
==3816097==    by 0x112556B: x25519.KeyPair.generateDeterministic (x25519.zig:36)
==3816097==    by 0x111F517: x25519.KeyPair.generate (x25519.zig:32)
==3816097==    by 0x111E00F: in_memory_handshake.main (in_memory_handshake.zig:27)
==3816097==    by 0x11247A7: callMain (start.zig:627)
==3816097==    by 0x11247A7: callMainWithArgs (start.zig:587)
==3816097==    by 0x11247A7: main (start.zig:602)
==3816097==  Uninitialised value was created by a stack allocation
==3816097==    at 0x4B5C768: OBJ_obj2txt (in /nix/store/v89yca35zsb13k51ibz0mcz2rrzjwwrj-openssl-3.6.4/lib/libcrypto.so.3)
==3816097== 
==3816097== Conditional jump or move depends on uninitialised value(s)
==3816097==    at 0x4B1A344: ossl_namemap_name2num (in /nix/store/v89yca35zsb13k51ibz0mcz2rrzjwwrj-openssl-3.6.4/lib/libcrypto.so.3)
==3816097==    by 0x4B1A72B: namemap_add_name (in /nix/store/v89yca35zsb13k51ibz0mcz2rrzjwwrj-openssl-3.6.4/lib/libcrypto.so.3)
==3816097==    by 0x4B1B96B: ossl_namemap_add_name (in /nix/store/v89yca35zsb13k51ibz0mcz2rrzjwwrj-openssl-3.6.4/lib/libcrypto.so.3)
==3816097==    by 0x4B1BD63: get_legacy_cipher_names (in /nix/store/v89yca35zsb13k51ibz0mcz2rrzjwwrj-openssl-3.6.4/lib/libcrypto.so.3)
==3816097==    by 0x4B1751F: OPENSSL_LH_doall_arg_thunk (in /nix/store/v89yca35zsb13k51ibz0mcz2rrzjwwrj-openssl-3.6.4/lib/libcrypto.so.3)
==3816097==    by 0x4B5A893: OBJ_NAME_do_all (in /nix/store/v89yca35zsb13k51ibz0mcz2rrzjwwrj-openssl-3.6.4/lib/libcrypto.so.3)
==3816097==    by 0x4B19FE7: ossl_namemap_stored (in /nix/store/v89yca35zsb13k51ibz0mcz2rrzjwwrj-openssl-3.6.4/lib/libcrypto.so.3)
==3816097==    by 0x4AE1BEB: evp_generic_fetch (in /nix/store/v89yca35zsb13k51ibz0mcz2rrzjwwrj-openssl-3.6.4/lib/libcrypto.so.3)
==3816097==    by 0x4AFDACF: EVP_PKEY_CTX_new_from_name (in /nix/store/v89yca35zsb13k51ibz0mcz2rrzjwwrj-openssl-3.6.4/lib/libcrypto.so.3)
==3816097==    by 0x4AF7F5B: EVP_PKEY_new_raw_private_key (in /nix/store/v89yca35zsb13k51ibz0mcz2rrzjwwrj-openssl-3.6.4/lib/libcrypto.so.3)
==3816097==    by 0x1167327: crypto.backend_openssl.privateKeyFromSecret (backend_openssl.zig:274)
==3816097==    by 0x11406B7: privateKeyFromSecret (backend.zig:222)
==3816097==    by 0x11406B7: x25519.privateKey (x25519.zig:45)
==3816097==    by 0x113382B: x25519.publicFromSecret (x25519.zig:53)
==3816097==    by 0x112556B: x25519.KeyPair.generateDeterministic (x25519.zig:36)
==3816097==    by 0x111F517: x25519.KeyPair.generate (x25519.zig:32)
==3816097==    by 0x111E00F: in_memory_handshake.main (in_memory_handshake.zig:27)
==3816097==    by 0x11247A7: callMain (start.zig:627)
==3816097==    by 0x11247A7: callMainWithArgs (start.zig:587)
==3816097==    by 0x11247A7: main (start.zig:602)
==3816097==  Uninitialised value was created by a stack allocation
==3816097==    at 0x4B1BC60: get_legacy_cipher_names (in /nix/store/v89yca35zsb13k51ibz0mcz2rrzjwwrj-openssl-3.6.4/lib/libcrypto.so.3)
==3816097== 
==3816097== Conditional jump or move depends on uninitialised value(s)
==3816097==    at 0x4B1A9C8: namemap_add_name (in /nix/store/v89yca35zsb13k51ibz0mcz2rrzjwwrj-openssl-3.6.4/lib/libcrypto.so.3)
==3816097==    by 0x4B1B96B: ossl_namemap_add_name (in /nix/store/v89yca35zsb13k51ibz0mcz2rrzjwwrj-openssl-3.6.4/lib/libcrypto.so.3)
==3816097==    by 0x4B1BD63: get_legacy_cipher_names (in /nix/store/v89yca35zsb13k51ibz0mcz2rrzjwwrj-openssl-3.6.4/lib/libcrypto.so.3)
==3816097==    by 0x4B1751F: OPENSSL_LH_doall_arg_thunk (in /nix/store/v89yca35zsb13k51ibz0mcz2rrzjwwrj-openssl-3.6.4/lib/libcrypto.so.3)
==3816097==    by 0x4B5A893: OBJ_NAME_do_all (in /nix/store/v89yca35zsb13k51ibz0mcz2rrzjwwrj-openssl-3.6.4/lib/libcrypto.so.3)
==3816097==    by 0x4B19FE7: ossl_namemap_stored (in /nix/store/v89yca35zsb13k51ibz0mcz2rrzjwwrj-openssl-3.6.4/lib/libcrypto.so.3)
==3816097==    by 0x4AE1BEB: evp_generic_fetch (in /nix/store/v89yca35zsb13k51ibz0mcz2rrzjwwrj-openssl-3.6.4/lib/libcrypto.so.3)
==3816097==    by 0x4AFDACF: EVP_PKEY_CTX_new_from_name (in /nix/store/v89yca35zsb13k51ibz0mcz2rrzjwwrj-openssl-3.6.4/lib/libcrypto.so.3)
==3816097==    by 0x4AF7F5B: EVP_PKEY_new_raw_private_key (in /nix/store/v89yca35zsb13k51ibz0mcz2rrzjwwrj-openssl-3.6.4/lib/libcrypto.so.3)
==3816097==    by 0x1167327: crypto.backend_openssl.privateKeyFromSecret (backend_openssl.zig:274)
==3816097==    by 0x11406B7: privateKeyFromSecret (backend.zig:222)
==3816097==    by 0x11406B7: x25519.privateKey (x25519.zig:45)
==3816097==    by 0x113382B: x25519.publicFromSecret (x25519.zig:53)
==3816097==    by 0x112556B: x25519.KeyPair.generateDeterministic (x25519.zig:36)
==3816097==    by 0x111F517: x25519.KeyPair.generate (x25519.zig:32)
==3816097==    by 0x111E00F: in_memory_handshake.main (in_memory_handshake.zig:27)
==3816097==    by 0x11247A7: callMain (start.zig:627)
==3816097==    by 0x11247A7: callMainWithArgs (start.zig:587)
==3816097==    by 0x11247A7: main (start.zig:602)
==3816097==  Uninitialised value was created by a stack allocation
==3816097==    at 0x4B1BC60: get_legacy_cipher_names (in /nix/store/v89yca35zsb13k51ibz0mcz2rrzjwwrj-openssl-3.6.4/lib/libcrypto.so.3)
==3816097== 
==3816097== Conditional jump or move depends on uninitialised value(s)
==3816097==    at 0x4B1A318: ossl_namemap_name2num (in /nix/store/v89yca35zsb13k51ibz0mcz2rrzjwwrj-openssl-3.6.4/lib/libcrypto.so.3)
==3816097==    by 0x4B1A72B: namemap_add_name (in /nix/store/v89yca35zsb13k51ibz0mcz2rrzjwwrj-openssl-3.6.4/lib/libcrypto.so.3)
==3816097==    by 0x4B1B96B: ossl_namemap_add_name (in /nix/store/v89yca35zsb13k51ibz0mcz2rrzjwwrj-openssl-3.6.4/lib/libcrypto.so.3)
==3816097==    by 0x4B1BD63: get_legacy_cipher_names (in /nix/store/v89yca35zsb13k51ibz0mcz2rrzjwwrj-openssl-3.6.4/lib/libcrypto.so.3)
==3816097==    by 0x4B1751F: OPENSSL_LH_doall_arg_thunk (in /nix/store/v89yca35zsb13k51ibz0mcz2rrzjwwrj-openssl-3.6.4/lib/libcrypto.so.3)
==3816097==    by 0x4B5A893: OBJ_NAME_do_all (in /nix/store/v89yca35zsb13k51ibz0mcz2rrzjwwrj-openssl-3.6.4/lib/libcrypto.so.3)
==3816097==    by 0x4B19FE7: ossl_namemap_stored (in /nix/store/v89yca35zsb13k51ibz0mcz2rrzjwwrj-openssl-3.6.4/lib/libcrypto.so.3)
==3816097==    by 0x4AE1BEB: evp_generic_fetch (in /nix/store/v89yca35zsb13k51ibz0mcz2rrzjwwrj-openssl-3.6.4/lib/libcrypto.so.3)
==3816097==    by 0x4AFDACF: EVP_PKEY_CTX_new_from_name (in /nix/store/v89yca35zsb13k51ibz0mcz2rrzjwwrj-openssl-3.6.4/lib/libcrypto.so.3)
==3816097==    by 0x4AF7F5B: EVP_PKEY_new_raw_private_key (in /nix/store/v89yca35zsb13k51ibz0mcz2rrzjwwrj-openssl-3.6.4/lib/libcrypto.so.3)
==3816097==    by 0x1167327: crypto.backend_openssl.privateKeyFromSecret (backend_openssl.zig:274)
==3816097==    by 0x11406B7: privateKeyFromSecret (backend.zig:222)
==3816097==    by 0x11406B7: x25519.privateKey (x25519.zig:45)
==3816097==    by 0x113382B: x25519.publicFromSecret (x25519.zig:53)
==3816097==    by 0x112556B: x25519.KeyPair.generateDeterministic (x25519.zig:36)
==3816097==    by 0x111F517: x25519.KeyPair.generate (x25519.zig:32)
==3816097==    by 0x111E00F: in_memory_handshake.main (in_memory_handshake.zig:27)
==3816097==    by 0x11247A7: callMain (start.zig:627)
==3816097==    by 0x11247A7: callMainWithArgs (start.zig:587)
==3816097==    by 0x11247A7: main (start.zig:602)
==3816097==  Uninitialised value was created by a stack allocation
==3816097==    at 0x4B1BC60: get_legacy_cipher_names (in /nix/store/v89yca35zsb13k51ibz0mcz2rrzjwwrj-openssl-3.6.4/lib/libcrypto.so.3)
==3816097== 
==3816097== Conditional jump or move depends on uninitialised value(s)
==3816097==    at 0x4B1A99C: namemap_add_name (in /nix/store/v89yca35zsb13k51ibz0mcz2rrzjwwrj-openssl-3.6.4/lib/libcrypto.so.3)
==3816097==    by 0x4B1B96B: ossl_namemap_add_name (in /nix/store/v89yca35zsb13k51ibz0mcz2rrzjwwrj-openssl-3.6.4/lib/libcrypto.so.3)
==3816097==    by 0x4B1BD63: get_legacy_cipher_names (in /nix/store/v89yca35zsb13k51ibz0mcz2rrzjwwrj-openssl-3.6.4/lib/libcrypto.so.3)
==3816097==    by 0x4B1751F: OPENSSL_LH_doall_arg_thunk (in /nix/store/v89yca35zsb13k51ibz0mcz2rrzjwwrj-openssl-3.6.4/lib/libcrypto.so.3)
==3816097==    by 0x4B5A893: OBJ_NAME_do_all (in /nix/store/v89yca35zsb13k51ibz0mcz2rrzjwwrj-openssl-3.6.4/lib/libcrypto.so.3)
==3816097==    by 0x4B19FE7: ossl_namemap_stored (in /nix/store/v89yca35zsb13k51ibz0mcz2rrzjwwrj-openssl-3.6.4/lib/libcrypto.so.3)
==3816097==    by 0x4AE1BEB: evp_generic_fetch (in /nix/store/v89yca35zsb13k51ibz0mcz2rrzjwwrj-openssl-3.6.4/lib/libcrypto.so.3)
==3816097==    by 0x4AFDACF: EVP_PKEY_CTX_new_from_name (in /nix/store/v89yca35zsb13k51ibz0mcz2rrzjwwrj-openssl-3.6.4/lib/libcrypto.so.3)
==3816097==    by 0x4AF7F5B: EVP_PKEY_new_raw_private_key (in /nix/store/v89yca35zsb13k51ibz0mcz2rrzjwwrj-openssl-3.6.4/lib/libcrypto.so.3)
==3816097==    by 0x1167327: crypto.backend_openssl.privateKeyFromSecret (backend_openssl.zig:274)
==3816097==    by 0x11406B7: privateKeyFromSecret (backend.zig:222)
==3816097==    by 0x11406B7: x25519.privateKey (x25519.zig:45)
==3816097==    by 0x113382B: x25519.publicFromSecret (x25519.zig:53)
==3816097==    by 0x112556B: x25519.KeyPair.generateDeterministic (x25519.zig:36)
==3816097==    by 0x111F517: x25519.KeyPair.generate (x25519.zig:32)
==3816097==    by 0x111E00F: in_memory_handshake.main (in_memory_handshake.zig:27)
==3816097==    by 0x11247A7: callMain (start.zig:627)
==3816097==    by 0x11247A7: callMainWithArgs (start.zig:587)
==3816097==    by 0x11247A7: main (start.zig:602)
==3816097==  Uninitialised value was created by a stack allocation
==3816097==    at 0x4B1BC60: get_legacy_cipher_names (in /nix/store/v89yca35zsb13k51ibz0mcz2rrzjwwrj-openssl-3.6.4/lib/libcrypto.so.3)
==3816097== 
==3816097== Conditional jump or move depends on uninitialised value(s)
==3816097==    at 0x4B223D0: OPENSSL_strlcpy (in /nix/store/v89yca35zsb13k51ibz0mcz2rrzjwwrj-openssl-3.6.4/lib/libcrypto.so.3)
==3816097==    by 0x4B5CB27: OBJ_obj2txt (in /nix/store/v89yca35zsb13k51ibz0mcz2rrzjwwrj-openssl-3.6.4/lib/libcrypto.so.3)
==3816097==    by 0x4B1BC37: get_legacy_md_names (in /nix/store/v89yca35zsb13k51ibz0mcz2rrzjwwrj-openssl-3.6.4/lib/libcrypto.so.3)
==3816097==    by 0x4B1751F: OPENSSL_LH_doall_arg_thunk (in /nix/store/v89yca35zsb13k51ibz0mcz2rrzjwwrj-openssl-3.6.4/lib/libcrypto.so.3)
==3816097==    by 0x4B5A893: OBJ_NAME_do_all (in /nix/store/v89yca35zsb13k51ibz0mcz2rrzjwwrj-openssl-3.6.4/lib/libcrypto.so.3)
==3816097==    by 0x4B19FFB: ossl_namemap_stored (in /nix/store/v89yca35zsb13k51ibz0mcz2rrzjwwrj-openssl-3.6.4/lib/libcrypto.so.3)
==3816097==    by 0x4AE1BEB: evp_generic_fetch (in /nix/store/v89yca35zsb13k51ibz0mcz2rrzjwwrj-openssl-3.6.4/lib/libcrypto.so.3)
==3816097==    by 0x4AFDACF: EVP_PKEY_CTX_new_from_name (in /nix/store/v89yca35zsb13k51ibz0mcz2rrzjwwrj-openssl-3.6.4/lib/libcrypto.so.3)
==3816097==    by 0x4AF7F5B: EVP_PKEY_new_raw_private_key (in /nix/store/v89yca35zsb13k51ibz0mcz2rrzjwwrj-openssl-3.6.4/lib/libcrypto.so.3)
==3816097==    by 0x1167327: crypto.backend_openssl.privateKeyFromSecret (backend_openssl.zig:274)
==3816097==    by 0x11406B7: privateKeyFromSecret (backend.zig:222)
==3816097==    by 0x11406B7: x25519.privateKey (x25519.zig:45)
==3816097==    by 0x113382B: x25519.publicFromSecret (x25519.zig:53)
==3816097==    by 0x112556B: x25519.KeyPair.generateDeterministic (x25519.zig:36)
==3816097==    by 0x111F517: x25519.KeyPair.generate (x25519.zig:32)
==3816097==    by 0x111E00F: in_memory_handshake.main (in_memory_handshake.zig:27)
==3816097==    by 0x11247A7: callMain (start.zig:627)
==3816097==    by 0x11247A7: callMainWithArgs (start.zig:587)
==3816097==    by 0x11247A7: main (start.zig:602)
==3816097==  Uninitialised value was created by a stack allocation
==3816097==    at 0x4B5C768: OBJ_obj2txt (in /nix/store/v89yca35zsb13k51ibz0mcz2rrzjwwrj-openssl-3.6.4/lib/libcrypto.so.3)
==3816097== 
==3816097== Conditional jump or move depends on uninitialised value(s)
==3816097==    at 0x4B1A344: ossl_namemap_name2num (in /nix/store/v89yca35zsb13k51ibz0mcz2rrzjwwrj-openssl-3.6.4/lib/libcrypto.so.3)
==3816097==    by 0x4B1A72B: namemap_add_name (in /nix/store/v89yca35zsb13k51ibz0mcz2rrzjwwrj-openssl-3.6.4/lib/libcrypto.so.3)
==3816097==    by 0x4B1B96B: ossl_namemap_add_name (in /nix/store/v89yca35zsb13k51ibz0mcz2rrzjwwrj-openssl-3.6.4/lib/libcrypto.so.3)
==3816097==    by 0x4B1BC4F: get_legacy_md_names (in /nix/store/v89yca35zsb13k51ibz0mcz2rrzjwwrj-openssl-3.6.4/lib/libcrypto.so.3)
==3816097==    by 0x4B1751F: OPENSSL_LH_doall_arg_thunk (in /nix/store/v89yca35zsb13k51ibz0mcz2rrzjwwrj-openssl-3.6.4/lib/libcrypto.so.3)
==3816097==    by 0x4B5A893: OBJ_NAME_do_all (in /nix/store/v89yca35zsb13k51ibz0mcz2rrzjwwrj-openssl-3.6.4/lib/libcrypto.so.3)
==3816097==    by 0x4B19FFB: ossl_namemap_stored (in /nix/store/v89yca35zsb13k51ibz0mcz2rrzjwwrj-openssl-3.6.4/lib/libcrypto.so.3)
==3816097==    by 0x4AE1BEB: evp_generic_fetch (in /nix/store/v89yca35zsb13k51ibz0mcz2rrzjwwrj-openssl-3.6.4/lib/libcrypto.so.3)
==3816097==    by 0x4AFDACF: EVP_PKEY_CTX_new_from_name (in /nix/store/v89yca35zsb13k51ibz0mcz2rrzjwwrj-openssl-3.6.4/lib/libcrypto.so.3)
==3816097==    by 0x4AF7F5B: EVP_PKEY_new_raw_private_key (in /nix/store/v89yca35zsb13k51ibz0mcz2rrzjwwrj-openssl-3.6.4/lib/libcrypto.so.3)
==3816097==    by 0x1167327: crypto.backend_openssl.privateKeyFromSecret (backend_openssl.zig:274)
==3816097==    by 0x11406B7: privateKeyFromSecret (backend.zig:222)
==3816097==    by 0x11406B7: x25519.privateKey (x25519.zig:45)
==3816097==    by 0x113382B: x25519.publicFromSecret (x25519.zig:53)
==3816097==    by 0x112556B: x25519.KeyPair.generateDeterministic (x25519.zig:36)
==3816097==    by 0x111F517: x25519.KeyPair.generate (x25519.zig:32)
==3816097==    by 0x111E00F: in_memory_handshake.main (in_memory_handshake.zig:27)
==3816097==    by 0x11247A7: callMain (start.zig:627)
==3816097==    by 0x11247A7: callMainWithArgs (start.zig:587)
==3816097==    by 0x11247A7: main (start.zig:602)
==3816097==  Uninitialised value was created by a stack allocation
==3816097==    at 0x4B1BB4C: get_legacy_md_names (in /nix/store/v89yca35zsb13k51ibz0mcz2rrzjwwrj-openssl-3.6.4/lib/libcrypto.so.3)
==3816097== 
==3816097== Conditional jump or move depends on uninitialised value(s)
==3816097==    at 0x4B1A9C8: namemap_add_name (in /nix/store/v89yca35zsb13k51ibz0mcz2rrzjwwrj-openssl-3.6.4/lib/libcrypto.so.3)
==3816097==    by 0x4B1B96B: ossl_namemap_add_name (in /nix/store/v89yca35zsb13k51ibz0mcz2rrzjwwrj-openssl-3.6.4/lib/libcrypto.so.3)
==3816097==    by 0x4B1BC4F: get_legacy_md_names (in /nix/store/v89yca35zsb13k51ibz0mcz2rrzjwwrj-openssl-3.6.4/lib/libcrypto.so.3)
==3816097==    by 0x4B1751F: OPENSSL_LH_doall_arg_thunk (in /nix/store/v89yca35zsb13k51ibz0mcz2rrzjwwrj-openssl-3.6.4/lib/libcrypto.so.3)
==3816097==    by 0x4B5A893: OBJ_NAME_do_all (in /nix/store/v89yca35zsb13k51ibz0mcz2rrzjwwrj-openssl-3.6.4/lib/libcrypto.so.3)
==3816097==    by 0x4B19FFB: ossl_namemap_stored (in /nix/store/v89yca35zsb13k51ibz0mcz2rrzjwwrj-openssl-3.6.4/lib/libcrypto.so.3)
==3816097==    by 0x4AE1BEB: evp_generic_fetch (in /nix/store/v89yca35zsb13k51ibz0mcz2rrzjwwrj-openssl-3.6.4/lib/libcrypto.so.3)
==3816097==    by 0x4AFDACF: EVP_PKEY_CTX_new_from_name (in /nix/store/v89yca35zsb13k51ibz0mcz2rrzjwwrj-openssl-3.6.4/lib/libcrypto.so.3)
==3816097==    by 0x4AF7F5B: EVP_PKEY_new_raw_private_key (in /nix/store/v89yca35zsb13k51ibz0mcz2rrzjwwrj-openssl-3.6.4/lib/libcrypto.so.3)
==3816097==    by 0x1167327: crypto.backend_openssl.privateKeyFromSecret (backend_openssl.zig:274)
==3816097==    by 0x11406B7: privateKeyFromSecret (backend.zig:222)
==3816097==    by 0x11406B7: x25519.privateKey (x25519.zig:45)
==3816097==    by 0x113382B: x25519.publicFromSecret (x25519.zig:53)
==3816097==    by 0x112556B: x25519.KeyPair.generateDeterministic (x25519.zig:36)
==3816097==    by 0x111F517: x25519.KeyPair.generate (x25519.zig:32)
==3816097==    by 0x111E00F: in_memory_handshake.main (in_memory_handshake.zig:27)
==3816097==    by 0x11247A7: callMain (start.zig:627)
==3816097==    by 0x11247A7: callMainWithArgs (start.zig:587)
==3816097==    by 0x11247A7: main (start.zig:602)
==3816097==  Uninitialised value was created by a stack allocation
==3816097==    at 0x4B1BB4C: get_legacy_md_names (in /nix/store/v89yca35zsb13k51ibz0mcz2rrzjwwrj-openssl-3.6.4/lib/libcrypto.so.3)
==3816097== 
==3816097== Conditional jump or move depends on uninitialised value(s)
==3816097==    at 0x4B1A318: ossl_namemap_name2num (in /nix/store/v89yca35zsb13k51ibz0mcz2rrzjwwrj-openssl-3.6.4/lib/libcrypto.so.3)
==3816097==    by 0x4B1A72B: namemap_add_name (in /nix/store/v89yca35zsb13k51ibz0mcz2rrzjwwrj-openssl-3.6.4/lib/libcrypto.so.3)
==3816097==    by 0x4B1B96B: ossl_namemap_add_name (in /nix/store/v89yca35zsb13k51ibz0mcz2rrzjwwrj-openssl-3.6.4/lib/libcrypto.so.3)
==3816097==    by 0x4B1BC4F: get_legacy_md_names (in /nix/store/v89yca35zsb13k51ibz0mcz2rrzjwwrj-openssl-3.6.4/lib/libcrypto.so.3)
==3816097==    by 0x4B1751F: OPENSSL_LH_doall_arg_thunk (in /nix/store/v89yca35zsb13k51ibz0mcz2rrzjwwrj-openssl-3.6.4/lib/libcrypto.so.3)
==3816097==    by 0x4B5A893: OBJ_NAME_do_all (in /nix/store/v89yca35zsb13k51ibz0mcz2rrzjwwrj-openssl-3.6.4/lib/libcrypto.so.3)
==3816097==    by 0x4B19FFB: ossl_namemap_stored (in /nix/store/v89yca35zsb13k51ibz0mcz2rrzjwwrj-openssl-3.6.4/lib/libcrypto.so.3)
==3816097==    by 0x4AE1BEB: evp_generic_fetch (in /nix/store/v89yca35zsb13k51ibz0mcz2rrzjwwrj-openssl-3.6.4/lib/libcrypto.so.3)
==3816097==    by 0x4AFDACF: EVP_PKEY_CTX_new_from_name (in /nix/store/v89yca35zsb13k51ibz0mcz2rrzjwwrj-openssl-3.6.4/lib/libcrypto.so.3)
==3816097==    by 0x4AF7F5B: EVP_PKEY_new_raw_private_key (in /nix/store/v89yca35zsb13k51ibz0mcz2rrzjwwrj-openssl-3.6.4/lib/libcrypto.so.3)
==3816097==    by 0x1167327: crypto.backend_openssl.privateKeyFromSecret (backend_openssl.zig:274)
==3816097==    by 0x11406B7: privateKeyFromSecret (backend.zig:222)
==3816097==    by 0x11406B7: x25519.privateKey (x25519.zig:45)
==3816097==    by 0x113382B: x25519.publicFromSecret (x25519.zig:53)
==3816097==    by 0x112556B: x25519.KeyPair.generateDeterministic (x25519.zig:36)
==3816097==    by 0x111F517: x25519.KeyPair.generate (x25519.zig:32)
==3816097==    by 0x111E00F: in_memory_handshake.main (in_memory_handshake.zig:27)
==3816097==    by 0x11247A7: callMain (start.zig:627)
==3816097==    by 0x11247A7: callMainWithArgs (start.zig:587)
==3816097==    by 0x11247A7: main (start.zig:602)
==3816097==  Uninitialised value was created by a stack allocation
==3816097==    at 0x4B1BB4C: get_legacy_md_names (in /nix/store/v89yca35zsb13k51ibz0mcz2rrzjwwrj-openssl-3.6.4/lib/libcrypto.so.3)
==3816097== 
==3816097== Conditional jump or move depends on uninitialised value(s)
==3816097==    at 0x4B1A99C: namemap_add_name (in /nix/store/v89yca35zsb13k51ibz0mcz2rrzjwwrj-openssl-3.6.4/lib/libcrypto.so.3)
==3816097==    by 0x4B1B96B: ossl_namemap_add_name (in /nix/store/v89yca35zsb13k51ibz0mcz2rrzjwwrj-openssl-3.6.4/lib/libcrypto.so.3)
==3816097==    by 0x4B1BC4F: get_legacy_md_names (in /nix/store/v89yca35zsb13k51ibz0mcz2rrzjwwrj-openssl-3.6.4/lib/libcrypto.so.3)
==3816097==    by 0x4B1751F: OPENSSL_LH_doall_arg_thunk (in /nix/store/v89yca35zsb13k51ibz0mcz2rrzjwwrj-openssl-3.6.4/lib/libcrypto.so.3)
==3816097==    by 0x4B5A893: OBJ_NAME_do_all (in /nix/store/v89yca35zsb13k51ibz0mcz2rrzjwwrj-openssl-3.6.4/lib/libcrypto.so.3)
==3816097==    by 0x4B19FFB: ossl_namemap_stored (in /nix/store/v89yca35zsb13k51ibz0mcz2rrzjwwrj-openssl-3.6.4/lib/libcrypto.so.3)
==3816097==    by 0x4AE1BEB: evp_generic_fetch (in /nix/store/v89yca35zsb13k51ibz0mcz2rrzjwwrj-openssl-3.6.4/lib/libcrypto.so.3)
==3816097==    by 0x4AFDACF: EVP_PKEY_CTX_new_from_name (in /nix/store/v89yca35zsb13k51ibz0mcz2rrzjwwrj-openssl-3.6.4/lib/libcrypto.so.3)
==3816097==    by 0x4AF7F5B: EVP_PKEY_new_raw_private_key (in /nix/store/v89yca35zsb13k51ibz0mcz2rrzjwwrj-openssl-3.6.4/lib/libcrypto.so.3)
==3816097==    by 0x1167327: crypto.backend_openssl.privateKeyFromSecret (backend_openssl.zig:274)
==3816097==    by 0x11406B7: privateKeyFromSecret (backend.zig:222)
==3816097==    by 0x11406B7: x25519.privateKey (x25519.zig:45)
==3816097==    by 0x113382B: x25519.publicFromSecret (x25519.zig:53)
==3816097==    by 0x112556B: x25519.KeyPair.generateDeterministic (x25519.zig:36)
==3816097==    by 0x111F517: x25519.KeyPair.generate (x25519.zig:32)
==3816097==    by 0x111E00F: in_memory_handshake.main (in_memory_handshake.zig:27)
==3816097==    by 0x11247A7: callMain (start.zig:627)
==3816097==    by 0x11247A7: callMainWithArgs (start.zig:587)
==3816097==    by 0x11247A7: main (start.zig:602)
==3816097==  Uninitialised value was created by a stack allocation
==3816097==    at 0x4B1BB4C: get_legacy_md_names (in /nix/store/v89yca35zsb13k51ibz0mcz2rrzjwwrj-openssl-3.6.4/lib/libcrypto.so.3)
==3816097== 
==3816097== Conditional jump or move depends on uninitialised value(s)
==3816097==    at 0x4B223D0: OPENSSL_strlcpy (in /nix/store/v89yca35zsb13k51ibz0mcz2rrzjwwrj-openssl-3.6.4/lib/libcrypto.so.3)
==3816097==    by 0x4B5CB27: OBJ_obj2txt (in /nix/store/v89yca35zsb13k51ibz0mcz2rrzjwwrj-openssl-3.6.4/lib/libcrypto.so.3)
==3816097==    by 0x4B1BAF3: get_legacy_evp_names (in /nix/store/v89yca35zsb13k51ibz0mcz2rrzjwwrj-openssl-3.6.4/lib/libcrypto.so.3)
==3816097==    by 0x4B1A047: ossl_namemap_stored (in /nix/store/v89yca35zsb13k51ibz0mcz2rrzjwwrj-openssl-3.6.4/lib/libcrypto.so.3)
==3816097==    by 0x4AE1BEB: evp_generic_fetch (in /nix/store/v89yca35zsb13k51ibz0mcz2rrzjwwrj-openssl-3.6.4/lib/libcrypto.so.3)
==3816097==    by 0x4AFDACF: EVP_PKEY_CTX_new_from_name (in /nix/store/v89yca35zsb13k51ibz0mcz2rrzjwwrj-openssl-3.6.4/lib/libcrypto.so.3)
==3816097==    by 0x4AF7F5B: EVP_PKEY_new_raw_private_key (in /nix/store/v89yca35zsb13k51ibz0mcz2rrzjwwrj-openssl-3.6.4/lib/libcrypto.so.3)
==3816097==    by 0x1167327: crypto.backend_openssl.privateKeyFromSecret (backend_openssl.zig:274)
==3816097==    by 0x11406B7: privateKeyFromSecret (backend.zig:222)
==3816097==    by 0x11406B7: x25519.privateKey (x25519.zig:45)
==3816097==    by 0x113382B: x25519.publicFromSecret (x25519.zig:53)
==3816097==    by 0x112556B: x25519.KeyPair.generateDeterministic (x25519.zig:36)
==3816097==    by 0x111F517: x25519.KeyPair.generate (x25519.zig:32)
==3816097==    by 0x111E00F: in_memory_handshake.main (in_memory_handshake.zig:27)
==3816097==    by 0x11247A7: callMain (start.zig:627)
==3816097==    by 0x11247A7: callMainWithArgs (start.zig:587)
==3816097==    by 0x11247A7: main (start.zig:602)
==3816097==  Uninitialised value was created by a stack allocation
==3816097==    at 0x4B5C768: OBJ_obj2txt (in /nix/store/v89yca35zsb13k51ibz0mcz2rrzjwwrj-openssl-3.6.4/lib/libcrypto.so.3)
==3816097== 
==3816097== Conditional jump or move depends on uninitialised value(s)
==3816097==    at 0x4B1A344: ossl_namemap_name2num (in /nix/store/v89yca35zsb13k51ibz0mcz2rrzjwwrj-openssl-3.6.4/lib/libcrypto.so.3)
==3816097==    by 0x4B1A72B: namemap_add_name (in /nix/store/v89yca35zsb13k51ibz0mcz2rrzjwwrj-openssl-3.6.4/lib/libcrypto.so.3)
==3816097==    by 0x4B1B96B: ossl_namemap_add_name (in /nix/store/v89yca35zsb13k51ibz0mcz2rrzjwwrj-openssl-3.6.4/lib/libcrypto.so.3)
==3816097==    by 0x4B1BB0B: get_legacy_evp_names (in /nix/store/v89yca35zsb13k51ibz0mcz2rrzjwwrj-openssl-3.6.4/lib/libcrypto.so.3)
==3816097==    by 0x4B1A047: ossl_namemap_stored (in /nix/store/v89yca35zsb13k51ibz0mcz2rrzjwwrj-openssl-3.6.4/lib/libcrypto.so.3)
==3816097==    by 0x4AE1BEB: evp_generic_fetch (in /nix/store/v89yca35zsb13k51ibz0mcz2rrzjwwrj-openssl-3.6.4/lib/libcrypto.so.3)
==3816097==    by 0x4AFDACF: EVP_PKEY_CTX_new_from_name (in /nix/store/v89yca35zsb13k51ibz0mcz2rrzjwwrj-openssl-3.6.4/lib/libcrypto.so.3)
==3816097==    by 0x4AF7F5B: EVP_PKEY_new_raw_private_key (in /nix/store/v89yca35zsb13k51ibz0mcz2rrzjwwrj-openssl-3.6.4/lib/libcrypto.so.3)
==3816097==    by 0x1167327: crypto.backend_openssl.privateKeyFromSecret (backend_openssl.zig:274)
==3816097==    by 0x11406B7: privateKeyFromSecret (backend.zig:222)
==3816097==    by 0x11406B7: x25519.privateKey (x25519.zig:45)
==3816097==    by 0x113382B: x25519.publicFromSecret (x25519.zig:53)
==3816097==    by 0x112556B: x25519.KeyPair.generateDeterministic (x25519.zig:36)
==3816097==    by 0x111F517: x25519.KeyPair.generate (x25519.zig:32)
==3816097==    by 0x111E00F: in_memory_handshake.main (in_memory_handshake.zig:27)
==3816097==    by 0x11247A7: callMain (start.zig:627)
==3816097==    by 0x11247A7: callMainWithArgs (start.zig:587)
==3816097==    by 0x11247A7: main (start.zig:602)
==3816097==  Uninitialised value was created by a stack allocation
==3816097==    at 0x4B1B9E0: get_legacy_evp_names (in /nix/store/v89yca35zsb13k51ibz0mcz2rrzjwwrj-openssl-3.6.4/lib/libcrypto.so.3)
==3816097== 
==3816097== Conditional jump or move depends on uninitialised value(s)
==3816097==    at 0x4B1A9C8: namemap_add_name (in /nix/store/v89yca35zsb13k51ibz0mcz2rrzjwwrj-openssl-3.6.4/lib/libcrypto.so.3)
==3816097==    by 0x4B1B96B: ossl_namemap_add_name (in /nix/store/v89yca35zsb13k51ibz0mcz2rrzjwwrj-openssl-3.6.4/lib/libcrypto.so.3)
==3816097==    by 0x4B1BB0B: get_legacy_evp_names (in /nix/store/v89yca35zsb13k51ibz0mcz2rrzjwwrj-openssl-3.6.4/lib/libcrypto.so.3)
==3816097==    by 0x4B1A047: ossl_namemap_stored (in /nix/store/v89yca35zsb13k51ibz0mcz2rrzjwwrj-openssl-3.6.4/lib/libcrypto.so.3)
==3816097==    by 0x4AE1BEB: evp_generic_fetch (in /nix/store/v89yca35zsb13k51ibz0mcz2rrzjwwrj-openssl-3.6.4/lib/libcrypto.so.3)
==3816097==    by 0x4AFDACF: EVP_PKEY_CTX_new_from_name (in /nix/store/v89yca35zsb13k51ibz0mcz2rrzjwwrj-openssl-3.6.4/lib/libcrypto.so.3)
==3816097==    by 0x4AF7F5B: EVP_PKEY_new_raw_private_key (in /nix/store/v89yca35zsb13k51ibz0mcz2rrzjwwrj-openssl-3.6.4/lib/libcrypto.so.3)
==3816097==    by 0x1167327: crypto.backend_openssl.privateKeyFromSecret (backend_openssl.zig:274)
==3816097==    by 0x11406B7: privateKeyFromSecret (backend.zig:222)
==3816097==    by 0x11406B7: x25519.privateKey (x25519.zig:45)
==3816097==    by 0x113382B: x25519.publicFromSecret (x25519.zig:53)
==3816097==    by 0x112556B: x25519.KeyPair.generateDeterministic (x25519.zig:36)
==3816097==    by 0x111F517: x25519.KeyPair.generate (x25519.zig:32)
==3816097==    by 0x111E00F: in_memory_handshake.main (in_memory_handshake.zig:27)
==3816097==    by 0x11247A7: callMain (start.zig:627)
==3816097==    by 0x11247A7: callMainWithArgs (start.zig:587)
==3816097==    by 0x11247A7: main (start.zig:602)
==3816097==  Uninitialised value was created by a stack allocation
==3816097==    at 0x4B1B9E0: get_legacy_evp_names (in /nix/store/v89yca35zsb13k51ibz0mcz2rrzjwwrj-openssl-3.6.4/lib/libcrypto.so.3)
==3816097== 
==3816097== Conditional jump or move depends on uninitialised value(s)
==3816097==    at 0x4B223D0: OPENSSL_strlcpy (in /nix/store/v89yca35zsb13k51ibz0mcz2rrzjwwrj-openssl-3.6.4/lib/libcrypto.so.3)
==3816097==    by 0x4B5CB27: OBJ_obj2txt (in /nix/store/v89yca35zsb13k51ibz0mcz2rrzjwwrj-openssl-3.6.4/lib/libcrypto.so.3)
==3816097==    by 0x4B1BAF3: get_legacy_evp_names (in /nix/store/v89yca35zsb13k51ibz0mcz2rrzjwwrj-openssl-3.6.4/lib/libcrypto.so.3)
==3816097==    by 0x4B1A0AF: ossl_namemap_stored (in /nix/store/v89yca35zsb13k51ibz0mcz2rrzjwwrj-openssl-3.6.4/lib/libcrypto.so.3)
==3816097==    by 0x4AE1BEB: evp_generic_fetch (in /nix/store/v89yca35zsb13k51ibz0mcz2rrzjwwrj-openssl-3.6.4/lib/libcrypto.so.3)
==3816097==    by 0x4AFDACF: EVP_PKEY_CTX_new_from_name (in /nix/store/v89yca35zsb13k51ibz0mcz2rrzjwwrj-openssl-3.6.4/lib/libcrypto.so.3)
==3816097==    by 0x4AF7F5B: EVP_PKEY_new_raw_private_key (in /nix/store/v89yca35zsb13k51ibz0mcz2rrzjwwrj-openssl-3.6.4/lib/libcrypto.so.3)
==3816097==    by 0x1167327: crypto.backend_openssl.privateKeyFromSecret (backend_openssl.zig:274)
==3816097==    by 0x11406B7: privateKeyFromSecret (backend.zig:222)
==3816097==    by 0x11406B7: x25519.privateKey (x25519.zig:45)
==3816097==    by 0x113382B: x25519.publicFromSecret (x25519.zig:53)
==3816097==    by 0x112556B: x25519.KeyPair.generateDeterministic (x25519.zig:36)
==3816097==    by 0x111F517: x25519.KeyPair.generate (x25519.zig:32)
==3816097==    by 0x111E00F: in_memory_handshake.main (in_memory_handshake.zig:27)
==3816097==    by 0x11247A7: callMain (start.zig:627)
==3816097==    by 0x11247A7: callMainWithArgs (start.zig:587)
==3816097==    by 0x11247A7: main (start.zig:602)
==3816097==  Uninitialised value was created by a stack allocation
==3816097==    at 0x4B5C768: OBJ_obj2txt (in /nix/store/v89yca35zsb13k51ibz0mcz2rrzjwwrj-openssl-3.6.4/lib/libcrypto.so.3)
==3816097== 
==3816097== Conditional jump or move depends on uninitialised value(s)
==3816097==    at 0x4B1A318: ossl_namemap_name2num (in /nix/store/v89yca35zsb13k51ibz0mcz2rrzjwwrj-openssl-3.6.4/lib/libcrypto.so.3)
==3816097==    by 0x4B1A72B: namemap_add_name (in /nix/store/v89yca35zsb13k51ibz0mcz2rrzjwwrj-openssl-3.6.4/lib/libcrypto.so.3)
==3816097==    by 0x4B1B96B: ossl_namemap_add_name (in /nix/store/v89yca35zsb13k51ibz0mcz2rrzjwwrj-openssl-3.6.4/lib/libcrypto.so.3)
==3816097==    by 0x4B1BB0B: get_legacy_evp_names (in /nix/store/v89yca35zsb13k51ibz0mcz2rrzjwwrj-openssl-3.6.4/lib/libcrypto.so.3)
==3816097==    by 0x4B1A0AF: ossl_namemap_stored (in /nix/store/v89yca35zsb13k51ibz0mcz2rrzjwwrj-openssl-3.6.4/lib/libcrypto.so.3)
==3816097==    by 0x4AE1BEB: evp_generic_fetch (in /nix/store/v89yca35zsb13k51ibz0mcz2rrzjwwrj-openssl-3.6.4/lib/libcrypto.so.3)
==3816097==    by 0x4AFDACF: EVP_PKEY_CTX_new_from_name (in /nix/store/v89yca35zsb13k51ibz0mcz2rrzjwwrj-openssl-3.6.4/lib/libcrypto.so.3)
==3816097==    by 0x4AF7F5B: EVP_PKEY_new_raw_private_key (in /nix/store/v89yca35zsb13k51ibz0mcz2rrzjwwrj-openssl-3.6.4/lib/libcrypto.so.3)
==3816097==    by 0x1167327: crypto.backend_openssl.privateKeyFromSecret (backend_openssl.zig:274)
==3816097==    by 0x11406B7: privateKeyFromSecret (backend.zig:222)
==3816097==    by 0x11406B7: x25519.privateKey (x25519.zig:45)
==3816097==    by 0x113382B: x25519.publicFromSecret (x25519.zig:53)
==3816097==    by 0x112556B: x25519.KeyPair.generateDeterministic (x25519.zig:36)
==3816097==    by 0x111F517: x25519.KeyPair.generate (x25519.zig:32)
==3816097==    by 0x111E00F: in_memory_handshake.main (in_memory_handshake.zig:27)
==3816097==    by 0x11247A7: callMain (start.zig:627)
==3816097==    by 0x11247A7: callMainWithArgs (start.zig:587)
==3816097==    by 0x11247A7: main (start.zig:602)
==3816097==  Uninitialised value was created by a stack allocation
==3816097==    at 0x4B1B9E0: get_legacy_evp_names (in /nix/store/v89yca35zsb13k51ibz0mcz2rrzjwwrj-openssl-3.6.4/lib/libcrypto.so.3)
==3816097== 
==3816097== Conditional jump or move depends on uninitialised value(s)
==3816097==    at 0x4B1A99C: namemap_add_name (in /nix/store/v89yca35zsb13k51ibz0mcz2rrzjwwrj-openssl-3.6.4/lib/libcrypto.so.3)
==3816097==    by 0x4B1B96B: ossl_namemap_add_name (in /nix/store/v89yca35zsb13k51ibz0mcz2rrzjwwrj-openssl-3.6.4/lib/libcrypto.so.3)
==3816097==    by 0x4B1BB0B: get_legacy_evp_names (in /nix/store/v89yca35zsb13k51ibz0mcz2rrzjwwrj-openssl-3.6.4/lib/libcrypto.so.3)
==3816097==    by 0x4B1A0AF: ossl_namemap_stored (in /nix/store/v89yca35zsb13k51ibz0mcz2rrzjwwrj-openssl-3.6.4/lib/libcrypto.so.3)
==3816097==    by 0x4AE1BEB: evp_generic_fetch (in /nix/store/v89yca35zsb13k51ibz0mcz2rrzjwwrj-openssl-3.6.4/lib/libcrypto.so.3)
==3816097==    by 0x4AFDACF: EVP_PKEY_CTX_new_from_name (in /nix/store/v89yca35zsb13k51ibz0mcz2rrzjwwrj-openssl-3.6.4/lib/libcrypto.so.3)
==3816097==    by 0x4AF7F5B: EVP_PKEY_new_raw_private_key (in /nix/store/v89yca35zsb13k51ibz0mcz2rrzjwwrj-openssl-3.6.4/lib/libcrypto.so.3)
==3816097==    by 0x1167327: crypto.backend_openssl.privateKeyFromSecret (backend_openssl.zig:274)
==3816097==    by 0x11406B7: privateKeyFromSecret (backend.zig:222)
==3816097==    by 0x11406B7: x25519.privateKey (x25519.zig:45)
==3816097==    by 0x113382B: x25519.publicFromSecret (x25519.zig:53)
==3816097==    by 0x112556B: x25519.KeyPair.generateDeterministic (x25519.zig:36)
==3816097==    by 0x111F517: x25519.KeyPair.generate (x25519.zig:32)
==3816097==    by 0x111E00F: in_memory_handshake.main (in_memory_handshake.zig:27)
==3816097==    by 0x11247A7: callMain (start.zig:627)
==3816097==    by 0x11247A7: callMainWithArgs (start.zig:587)
==3816097==    by 0x11247A7: main (start.zig:602)
==3816097==  Uninitialised value was created by a stack allocation
==3816097==    at 0x4B1B9E0: get_legacy_evp_names (in /nix/store/v89yca35zsb13k51ibz0mcz2rrzjwwrj-openssl-3.6.4/lib/libcrypto.so.3)
==3816097== 
==3816097== Conditional jump or move depends on uninitialised value(s)
==3816097==    at 0x4B1A9C8: namemap_add_name (in /nix/store/v89yca35zsb13k51ibz0mcz2rrzjwwrj-openssl-3.6.4/lib/libcrypto.so.3)
==3816097==    by 0x4B1B96B: ossl_namemap_add_name (in /nix/store/v89yca35zsb13k51ibz0mcz2rrzjwwrj-openssl-3.6.4/lib/libcrypto.so.3)
==3816097==    by 0x4B1BB0B: get_legacy_evp_names (in /nix/store/v89yca35zsb13k51ibz0mcz2rrzjwwrj-openssl-3.6.4/lib/libcrypto.so.3)
==3816097==    by 0x4B1A0AF: ossl_namemap_stored (in /nix/store/v89yca35zsb13k51ibz0mcz2rrzjwwrj-openssl-3.6.4/lib/libcrypto.so.3)
==3816097==    by 0x4AE1BEB: evp_generic_fetch (in /nix/store/v89yca35zsb13k51ibz0mcz2rrzjwwrj-openssl-3.6.4/lib/libcrypto.so.3)
==3816097==    by 0x4AFDACF: EVP_PKEY_CTX_new_from_name (in /nix/store/v89yca35zsb13k51ibz0mcz2rrzjwwrj-openssl-3.6.4/lib/libcrypto.so.3)
==3816097==    by 0x4AF7F5B: EVP_PKEY_new_raw_private_key (in /nix/store/v89yca35zsb13k51ibz0mcz2rrzjwwrj-openssl-3.6.4/lib/libcrypto.so.3)
==3816097==    by 0x1167327: crypto.backend_openssl.privateKeyFromSecret (backend_openssl.zig:274)
==3816097==    by 0x11406B7: privateKeyFromSecret (backend.zig:222)
==3816097==    by 0x11406B7: x25519.privateKey (x25519.zig:45)
==3816097==    by 0x113382B: x25519.publicFromSecret (x25519.zig:53)
==3816097==    by 0x112556B: x25519.KeyPair.generateDeterministic (x25519.zig:36)
==3816097==    by 0x111F517: x25519.KeyPair.generate (x25519.zig:32)
==3816097==    by 0x111E00F: in_memory_handshake.main (in_memory_handshake.zig:27)
==3816097==    by 0x11247A7: callMain (start.zig:627)
==3816097==    by 0x11247A7: callMainWithArgs (start.zig:587)
==3816097==    by 0x11247A7: main (start.zig:602)
==3816097==  Uninitialised value was created by a stack allocation
==3816097==    at 0x4B1B9E0: get_legacy_evp_names (in /nix/store/v89yca35zsb13k51ibz0mcz2rrzjwwrj-openssl-3.6.4/lib/libcrypto.so.3)
==3816097== 
==3816097== Conditional jump or move depends on uninitialised value(s)
==3816097==    at 0x4B223D0: OPENSSL_strlcpy (in /nix/store/v89yca35zsb13k51ibz0mcz2rrzjwwrj-openssl-3.6.4/lib/libcrypto.so.3)
==3816097==    by 0x4B5CB27: OBJ_obj2txt (in /nix/store/v89yca35zsb13k51ibz0mcz2rrzjwwrj-openssl-3.6.4/lib/libcrypto.so.3)
==3816097==    by 0x4B1BAF3: get_legacy_evp_names (in /nix/store/v89yca35zsb13k51ibz0mcz2rrzjwwrj-openssl-3.6.4/lib/libcrypto.so.3)
==3816097==    by 0x4B1A0EB: ossl_namemap_stored (in /nix/store/v89yca35zsb13k51ibz0mcz2rrzjwwrj-openssl-3.6.4/lib/libcrypto.so.3)
==3816097==    by 0x4AE1BEB: evp_generic_fetch (in /nix/store/v89yca35zsb13k51ibz0mcz2rrzjwwrj-openssl-3.6.4/lib/libcrypto.so.3)
==3816097==    by 0x4AFDACF: EVP_PKEY_CTX_new_from_name (in /nix/store/v89yca35zsb13k51ibz0mcz2rrzjwwrj-openssl-3.6.4/lib/libcrypto.so.3)
==3816097==    by 0x4AF7F5B: EVP_PKEY_new_raw_private_key (in /nix/store/v89yca35zsb13k51ibz0mcz2rrzjwwrj-openssl-3.6.4/lib/libcrypto.so.3)
==3816097==    by 0x1167327: crypto.backend_openssl.privateKeyFromSecret (backend_openssl.zig:274)
==3816097==    by 0x11406B7: privateKeyFromSecret (backend.zig:222)
==3816097==    by 0x11406B7: x25519.privateKey (x25519.zig:45)
==3816097==    by 0x113382B: x25519.publicFromSecret (x25519.zig:53)
==3816097==    by 0x112556B: x25519.KeyPair.generateDeterministic (x25519.zig:36)
==3816097==    by 0x111F517: x25519.KeyPair.generate (x25519.zig:32)
==3816097==    by 0x111E00F: in_memory_handshake.main (in_memory_handshake.zig:27)
==3816097==    by 0x11247A7: callMain (start.zig:627)
==3816097==    by 0x11247A7: callMainWithArgs (start.zig:587)
==3816097==    by 0x11247A7: main (start.zig:602)
==3816097==  Uninitialised value was created by a stack allocation
==3816097==    at 0x4B5C768: OBJ_obj2txt (in /nix/store/v89yca35zsb13k51ibz0mcz2rrzjwwrj-openssl-3.6.4/lib/libcrypto.so.3)
==3816097== 
==3816097== Conditional jump or move depends on uninitialised value(s)
==3816097==    at 0x4B1A9C8: namemap_add_name (in /nix/store/v89yca35zsb13k51ibz0mcz2rrzjwwrj-openssl-3.6.4/lib/libcrypto.so.3)
==3816097==    by 0x4B1B96B: ossl_namemap_add_name (in /nix/store/v89yca35zsb13k51ibz0mcz2rrzjwwrj-openssl-3.6.4/lib/libcrypto.so.3)
==3816097==    by 0x4B1BB0B: get_legacy_evp_names (in /nix/store/v89yca35zsb13k51ibz0mcz2rrzjwwrj-openssl-3.6.4/lib/libcrypto.so.3)
==3816097==    by 0x4B1A0EB: ossl_namemap_stored (in /nix/store/v89yca35zsb13k51ibz0mcz2rrzjwwrj-openssl-3.6.4/lib/libcrypto.so.3)
==3816097==    by 0x4AE1BEB: evp_generic_fetch (in /nix/store/v89yca35zsb13k51ibz0mcz2rrzjwwrj-openssl-3.6.4/lib/libcrypto.so.3)
==3816097==    by 0x4AFDACF: EVP_PKEY_CTX_new_from_name (in /nix/store/v89yca35zsb13k51ibz0mcz2rrzjwwrj-openssl-3.6.4/lib/libcrypto.so.3)
==3816097==    by 0x4AF7F5B: EVP_PKEY_new_raw_private_key (in /nix/store/v89yca35zsb13k51ibz0mcz2rrzjwwrj-openssl-3.6.4/lib/libcrypto.so.3)
==3816097==    by 0x1167327: crypto.backend_openssl.privateKeyFromSecret (backend_openssl.zig:274)
==3816097==    by 0x11406B7: privateKeyFromSecret (backend.zig:222)
==3816097==    by 0x11406B7: x25519.privateKey (x25519.zig:45)
==3816097==    by 0x113382B: x25519.publicFromSecret (x25519.zig:53)
==3816097==    by 0x112556B: x25519.KeyPair.generateDeterministic (x25519.zig:36)
==3816097==    by 0x111F517: x25519.KeyPair.generate (x25519.zig:32)
==3816097==    by 0x111E00F: in_memory_handshake.main (in_memory_handshake.zig:27)
==3816097==    by 0x11247A7: callMain (start.zig:627)
==3816097==    by 0x11247A7: callMainWithArgs (start.zig:587)
==3816097==    by 0x11247A7: main (start.zig:602)
==3816097==  Uninitialised value was created by a stack allocation
==3816097==    at 0x4B1B9E0: get_legacy_evp_names (in /nix/store/v89yca35zsb13k51ibz0mcz2rrzjwwrj-openssl-3.6.4/lib/libcrypto.so.3)
==3816097== 
==3816097== Conditional jump or move depends on uninitialised value(s)
==3816097==    at 0x4B1A99C: namemap_add_name (in /nix/store/v89yca35zsb13k51ibz0mcz2rrzjwwrj-openssl-3.6.4/lib/libcrypto.so.3)
==3816097==    by 0x4B1B96B: ossl_namemap_add_name (in /nix/store/v89yca35zsb13k51ibz0mcz2rrzjwwrj-openssl-3.6.4/lib/libcrypto.so.3)
==3816097==    by 0x4B1BB0B: get_legacy_evp_names (in /nix/store/v89yca35zsb13k51ibz0mcz2rrzjwwrj-openssl-3.6.4/lib/libcrypto.so.3)
==3816097==    by 0x4B1A047: ossl_namemap_stored (in /nix/store/v89yca35zsb13k51ibz0mcz2rrzjwwrj-openssl-3.6.4/lib/libcrypto.so.3)
==3816097==    by 0x4AE1BEB: evp_generic_fetch (in /nix/store/v89yca35zsb13k51ibz0mcz2rrzjwwrj-openssl-3.6.4/lib/libcrypto.so.3)
==3816097==    by 0x4AFDACF: EVP_PKEY_CTX_new_from_name (in /nix/store/v89yca35zsb13k51ibz0mcz2rrzjwwrj-openssl-3.6.4/lib/libcrypto.so.3)
==3816097==    by 0x4AF7F5B: EVP_PKEY_new_raw_private_key (in /nix/store/v89yca35zsb13k51ibz0mcz2rrzjwwrj-openssl-3.6.4/lib/libcrypto.so.3)
==3816097==    by 0x1167327: crypto.backend_openssl.privateKeyFromSecret (backend_openssl.zig:274)
==3816097==    by 0x11406B7: privateKeyFromSecret (backend.zig:222)
==3816097==    by 0x11406B7: x25519.privateKey (x25519.zig:45)
==3816097==    by 0x113382B: x25519.publicFromSecret (x25519.zig:53)
==3816097==    by 0x112556B: x25519.KeyPair.generateDeterministic (x25519.zig:36)
==3816097==    by 0x111F517: x25519.KeyPair.generate (x25519.zig:32)
==3816097==    by 0x111E00F: in_memory_handshake.main (in_memory_handshake.zig:27)
==3816097==    by 0x11247A7: callMain (start.zig:627)
==3816097==    by 0x11247A7: callMainWithArgs (start.zig:587)
==3816097==    by 0x11247A7: main (start.zig:602)
==3816097==  Uninitialised value was created by a stack allocation
==3816097==    at 0x4B1B9E0: get_legacy_evp_names (in /nix/store/v89yca35zsb13k51ibz0mcz2rrzjwwrj-openssl-3.6.4/lib/libcrypto.so.3)
==3816097== 
==3816097== Conditional jump or move depends on uninitialised value(s)
==3816097==    at 0x4B223D0: OPENSSL_strlcpy (in /nix/store/v89yca35zsb13k51ibz0mcz2rrzjwwrj-openssl-3.6.4/lib/libcrypto.so.3)
==3816097==    by 0x4B5CB27: OBJ_obj2txt (in /nix/store/v89yca35zsb13k51ibz0mcz2rrzjwwrj-openssl-3.6.4/lib/libcrypto.so.3)
==3816097==    by 0x4B1BAF3: get_legacy_evp_names (in /nix/store/v89yca35zsb13k51ibz0mcz2rrzjwwrj-openssl-3.6.4/lib/libcrypto.so.3)
==3816097==    by 0x4B1A0D3: ossl_namemap_stored (in /nix/store/v89yca35zsb13k51ibz0mcz2rrzjwwrj-openssl-3.6.4/lib/libcrypto.so.3)
==3816097==    by 0x4AE1BEB: evp_generic_fetch (in /nix/store/v89yca35zsb13k51ibz0mcz2rrzjwwrj-openssl-3.6.4/lib/libcrypto.so.3)
==3816097==    by 0x4AFDACF: EVP_PKEY_CTX_new_from_name (in /nix/store/v89yca35zsb13k51ibz0mcz2rrzjwwrj-openssl-3.6.4/lib/libcrypto.so.3)
==3816097==    by 0x4AF7F5B: EVP_PKEY_new_raw_private_key (in /nix/store/v89yca35zsb13k51ibz0mcz2rrzjwwrj-openssl-3.6.4/lib/libcrypto.so.3)
==3816097==    by 0x1167327: crypto.backend_openssl.privateKeyFromSecret (backend_openssl.zig:274)
==3816097==    by 0x11406B7: privateKeyFromSecret (backend.zig:222)
==3816097==    by 0x11406B7: x25519.privateKey (x25519.zig:45)
==3816097==    by 0x113382B: x25519.publicFromSecret (x25519.zig:53)
==3816097==    by 0x112556B: x25519.KeyPair.generateDeterministic (x25519.zig:36)
==3816097==    by 0x111F517: x25519.KeyPair.generate (x25519.zig:32)
==3816097==    by 0x111E00F: in_memory_handshake.main (in_memory_handshake.zig:27)
==3816097==    by 0x11247A7: callMain (start.zig:627)
==3816097==    by 0x11247A7: callMainWithArgs (start.zig:587)
==3816097==    by 0x11247A7: main (start.zig:602)
==3816097==  Uninitialised value was created by a stack allocation
==3816097==    at 0x4B5C768: OBJ_obj2txt (in /nix/store/v89yca35zsb13k51ibz0mcz2rrzjwwrj-openssl-3.6.4/lib/libcrypto.so.3)
==3816097== 
==3816097== Conditional jump or move depends on uninitialised value(s)
==3816097==    at 0x4B1A9C8: namemap_add_name (in /nix/store/v89yca35zsb13k51ibz0mcz2rrzjwwrj-openssl-3.6.4/lib/libcrypto.so.3)
==3816097==    by 0x4B1B96B: ossl_namemap_add_name (in /nix/store/v89yca35zsb13k51ibz0mcz2rrzjwwrj-openssl-3.6.4/lib/libcrypto.so.3)
==3816097==    by 0x4B1BB0B: get_legacy_evp_names (in /nix/store/v89yca35zsb13k51ibz0mcz2rrzjwwrj-openssl-3.6.4/lib/libcrypto.so.3)
==3816097==    by 0x4B1A0D3: ossl_namemap_stored (in /nix/store/v89yca35zsb13k51ibz0mcz2rrzjwwrj-openssl-3.6.4/lib/libcrypto.so.3)
==3816097==    by 0x4AE1BEB: evp_generic_fetch (in /nix/store/v89yca35zsb13k51ibz0mcz2rrzjwwrj-openssl-3.6.4/lib/libcrypto.so.3)
==3816097==    by 0x4AFDACF: EVP_PKEY_CTX_new_from_name (in /nix/store/v89yca35zsb13k51ibz0mcz2rrzjwwrj-openssl-3.6.4/lib/libcrypto.so.3)
==3816097==    by 0x4AF7F5B: EVP_PKEY_new_raw_private_key (in /nix/store/v89yca35zsb13k51ibz0mcz2rrzjwwrj-openssl-3.6.4/lib/libcrypto.so.3)
==3816097==    by 0x1167327: crypto.backend_openssl.privateKeyFromSecret (backend_openssl.zig:274)
==3816097==    by 0x11406B7: privateKeyFromSecret (backend.zig:222)
==3816097==    by 0x11406B7: x25519.privateKey (x25519.zig:45)
==3816097==    by 0x113382B: x25519.publicFromSecret (x25519.zig:53)
==3816097==    by 0x112556B: x25519.KeyPair.generateDeterministic (x25519.zig:36)
==3816097==    by 0x111F517: x25519.KeyPair.generate (x25519.zig:32)
==3816097==    by 0x111E00F: in_memory_handshake.main (in_memory_handshake.zig:27)
==3816097==    by 0x11247A7: callMain (start.zig:627)
==3816097==    by 0x11247A7: callMainWithArgs (start.zig:587)
==3816097==    by 0x11247A7: main (start.zig:602)
==3816097==  Uninitialised value was created by a stack allocation
==3816097==    at 0x4B1B9E0: get_legacy_evp_names (in /nix/store/v89yca35zsb13k51ibz0mcz2rrzjwwrj-openssl-3.6.4/lib/libcrypto.so.3)
==3816097== 
==3816097== Conditional jump or move depends on uninitialised value(s)
==3816097==    at 0x4B1A318: ossl_namemap_name2num (in /nix/store/v89yca35zsb13k51ibz0mcz2rrzjwwrj-openssl-3.6.4/lib/libcrypto.so.3)
==3816097==    by 0x4B1AE8B: ossl_namemap_add_names (in /nix/store/v89yca35zsb13k51ibz0mcz2rrzjwwrj-openssl-3.6.4/lib/libcrypto.so.3)
==3816097==    by 0x4AE1537: construct_evp_method (in /nix/store/v89yca35zsb13k51ibz0mcz2rrzjwwrj-openssl-3.6.4/lib/libcrypto.so.3)
==3816097==    by 0x4B1999B: ossl_method_construct_this (in /nix/store/v89yca35zsb13k51ibz0mcz2rrzjwwrj-openssl-3.6.4/lib/libcrypto.so.3)
==3816097==    by 0x4B19647: algorithm_do_this (in /nix/store/v89yca35zsb13k51ibz0mcz2rrzjwwrj-openssl-3.6.4/lib/libcrypto.so.3)
==3816097==    by 0x4B31A53: ossl_provider_doall_activated (in /nix/store/v89yca35zsb13k51ibz0mcz2rrzjwwrj-openssl-3.6.4/lib/libcrypto.so.3)
==3816097==    by 0x4B197FB: ossl_algorithm_do_all (in /nix/store/v89yca35zsb13k51ibz0mcz2rrzjwwrj-openssl-3.6.4/lib/libcrypto.so.3)
==3816097==    by 0x4B19C4F: ossl_method_construct (in /nix/store/v89yca35zsb13k51ibz0mcz2rrzjwwrj-openssl-3.6.4/lib/libcrypto.so.3)
==3816097==    by 0x4AE1F07: evp_generic_fetch (in /nix/store/v89yca35zsb13k51ibz0mcz2rrzjwwrj-openssl-3.6.4/lib/libcrypto.so.3)
==3816097==    by 0x4AFDACF: EVP_PKEY_CTX_new_from_name (in /nix/store/v89yca35zsb13k51ibz0mcz2rrzjwwrj-openssl-3.6.4/lib/libcrypto.so.3)
==3816097==    by 0x4AF7F5B: EVP_PKEY_new_raw_private_key (in /nix/store/v89yca35zsb13k51ibz0mcz2rrzjwwrj-openssl-3.6.4/lib/libcrypto.so.3)
==3816097==    by 0x1167327: crypto.backend_openssl.privateKeyFromSecret (backend_openssl.zig:274)
==3816097==    by 0x11406B7: privateKeyFromSecret (backend.zig:222)
==3816097==    by 0x11406B7: x25519.privateKey (x25519.zig:45)
==3816097==    by 0x113382B: x25519.publicFromSecret (x25519.zig:53)
==3816097==    by 0x112556B: x25519.KeyPair.generateDeterministic (x25519.zig:36)
==3816097==    by 0x111F517: x25519.KeyPair.generate (x25519.zig:32)
==3816097==    by 0x111E00F: in_memory_handshake.main (in_memory_handshake.zig:27)
==3816097==    by 0x11247A7: callMain (start.zig:627)
==3816097==    by 0x11247A7: callMainWithArgs (start.zig:587)
==3816097==    by 0x11247A7: main (start.zig:602)
==3816097== 
==3816097== Conditional jump or move depends on uninitialised value(s)
==3816097==    at 0x4B1A318: ossl_namemap_name2num (in /nix/store/v89yca35zsb13k51ibz0mcz2rrzjwwrj-openssl-3.6.4/lib/libcrypto.so.3)
==3816097==    by 0x4B1A72B: namemap_add_name (in /nix/store/v89yca35zsb13k51ibz0mcz2rrzjwwrj-openssl-3.6.4/lib/libcrypto.so.3)
==3816097==    by 0x4B1AED3: ossl_namemap_add_names (in /nix/store/v89yca35zsb13k51ibz0mcz2rrzjwwrj-openssl-3.6.4/lib/libcrypto.so.3)
==3816097==    by 0x4AE1537: construct_evp_method (in /nix/store/v89yca35zsb13k51ibz0mcz2rrzjwwrj-openssl-3.6.4/lib/libcrypto.so.3)
==3816097==    by 0x4B1999B: ossl_method_construct_this (in /nix/store/v89yca35zsb13k51ibz0mcz2rrzjwwrj-openssl-3.6.4/lib/libcrypto.so.3)
==3816097==    by 0x4B19647: algorithm_do_this (in /nix/store/v89yca35zsb13k51ibz0mcz2rrzjwwrj-openssl-3.6.4/lib/libcrypto.so.3)
==3816097==    by 0x4B31A53: ossl_provider_doall_activated (in /nix/store/v89yca35zsb13k51ibz0mcz2rrzjwwrj-openssl-3.6.4/lib/libcrypto.so.3)
==3816097==    by 0x4B197FB: ossl_algorithm_do_all (in /nix/store/v89yca35zsb13k51ibz0mcz2rrzjwwrj-openssl-3.6.4/lib/libcrypto.so.3)
==3816097==    by 0x4B19C4F: ossl_method_construct (in /nix/store/v89yca35zsb13k51ibz0mcz2rrzjwwrj-openssl-3.6.4/lib/libcrypto.so.3)
==3816097==    by 0x4AE1F07: evp_generic_fetch (in /nix/store/v89yca35zsb13k51ibz0mcz2rrzjwwrj-openssl-3.6.4/lib/libcrypto.so.3)
==3816097==    by 0x4AFDACF: EVP_PKEY_CTX_new_from_name (in /nix/store/v89yca35zsb13k51ibz0mcz2rrzjwwrj-openssl-3.6.4/lib/libcrypto.so.3)
==3816097==    by 0x4AF7F5B: EVP_PKEY_new_raw_private_key (in /nix/store/v89yca35zsb13k51ibz0mcz2rrzjwwrj-openssl-3.6.4/lib/libcrypto.so.3)
==3816097==    by 0x1167327: crypto.backend_openssl.privateKeyFromSecret (backend_openssl.zig:274)
==3816097==    by 0x11406B7: privateKeyFromSecret (backend.zig:222)
==3816097==    by 0x11406B7: x25519.privateKey (x25519.zig:45)
==3816097==    by 0x113382B: x25519.publicFromSecret (x25519.zig:53)
==3816097==    by 0x112556B: x25519.KeyPair.generateDeterministic (x25519.zig:36)
==3816097==    by 0x111F517: x25519.KeyPair.generate (x25519.zig:32)
==3816097==    by 0x111E00F: in_memory_handshake.main (in_memory_handshake.zig:27)
==3816097==    by 0x11247A7: callMain (start.zig:627)
==3816097==    by 0x11247A7: callMainWithArgs (start.zig:587)
==3816097==    by 0x11247A7: main (start.zig:602)
==3816097== 
==3816097== Conditional jump or move depends on uninitialised value(s)
==3816097==    at 0x4B1A344: ossl_namemap_name2num (in /nix/store/v89yca35zsb13k51ibz0mcz2rrzjwwrj-openssl-3.6.4/lib/libcrypto.so.3)
==3816097==    by 0x4B1AE8B: ossl_namemap_add_names (in /nix/store/v89yca35zsb13k51ibz0mcz2rrzjwwrj-openssl-3.6.4/lib/libcrypto.so.3)
==3816097==    by 0x4AE1537: construct_evp_method (in /nix/store/v89yca35zsb13k51ibz0mcz2rrzjwwrj-openssl-3.6.4/lib/libcrypto.so.3)
==3816097==    by 0x4B1999B: ossl_method_construct_this (in /nix/store/v89yca35zsb13k51ibz0mcz2rrzjwwrj-openssl-3.6.4/lib/libcrypto.so.3)
==3816097==    by 0x4B19647: algorithm_do_this (in /nix/store/v89yca35zsb13k51ibz0mcz2rrzjwwrj-openssl-3.6.4/lib/libcrypto.so.3)
==3816097==    by 0x4B31A53: ossl_provider_doall_activated (in /nix/store/v89yca35zsb13k51ibz0mcz2rrzjwwrj-openssl-3.6.4/lib/libcrypto.so.3)
==3816097==    by 0x4B197FB: ossl_algorithm_do_all (in /nix/store/v89yca35zsb13k51ibz0mcz2rrzjwwrj-openssl-3.6.4/lib/libcrypto.so.3)
==3816097==    by 0x4B19C4F: ossl_method_construct (in /nix/store/v89yca35zsb13k51ibz0mcz2rrzjwwrj-openssl-3.6.4/lib/libcrypto.so.3)
==3816097==    by 0x4AE1F07: evp_generic_fetch (in /nix/store/v89yca35zsb13k51ibz0mcz2rrzjwwrj-openssl-3.6.4/lib/libcrypto.so.3)
==3816097==    by 0x4AFDACF: EVP_PKEY_CTX_new_from_name (in /nix/store/v89yca35zsb13k51ibz0mcz2rrzjwwrj-openssl-3.6.4/lib/libcrypto.so.3)
==3816097==    by 0x4AF7F5B: EVP_PKEY_new_raw_private_key (in /nix/store/v89yca35zsb13k51ibz0mcz2rrzjwwrj-openssl-3.6.4/lib/libcrypto.so.3)
==3816097==    by 0x1167327: crypto.backend_openssl.privateKeyFromSecret (backend_openssl.zig:274)
==3816097==    by 0x11406B7: privateKeyFromSecret (backend.zig:222)
==3816097==    by 0x11406B7: x25519.privateKey (x25519.zig:45)
==3816097==    by 0x113382B: x25519.publicFromSecret (x25519.zig:53)
==3816097==    by 0x112556B: x25519.KeyPair.generateDeterministic (x25519.zig:36)
==3816097==    by 0x111F517: x25519.KeyPair.generate (x25519.zig:32)
==3816097==    by 0x111E00F: in_memory_handshake.main (in_memory_handshake.zig:27)
==3816097==    by 0x11247A7: callMain (start.zig:627)
==3816097==    by 0x11247A7: callMainWithArgs (start.zig:587)
==3816097==    by 0x11247A7: main (start.zig:602)
==3816097== 
==3816097== Conditional jump or move depends on uninitialised value(s)
==3816097==    at 0x4B1A344: ossl_namemap_name2num (in /nix/store/v89yca35zsb13k51ibz0mcz2rrzjwwrj-openssl-3.6.4/lib/libcrypto.so.3)
==3816097==    by 0x4B1A72B: namemap_add_name (in /nix/store/v89yca35zsb13k51ibz0mcz2rrzjwwrj-openssl-3.6.4/lib/libcrypto.so.3)
==3816097==    by 0x4B1AED3: ossl_namemap_add_names (in /nix/store/v89yca35zsb13k51ibz0mcz2rrzjwwrj-openssl-3.6.4/lib/libcrypto.so.3)
==3816097==    by 0x4AE1537: construct_evp_method (in /nix/store/v89yca35zsb13k51ibz0mcz2rrzjwwrj-openssl-3.6.4/lib/libcrypto.so.3)
==3816097==    by 0x4B1999B: ossl_method_construct_this (in /nix/store/v89yca35zsb13k51ibz0mcz2rrzjwwrj-openssl-3.6.4/lib/libcrypto.so.3)
==3816097==    by 0x4B19647: algorithm_do_this (in /nix/store/v89yca35zsb13k51ibz0mcz2rrzjwwrj-openssl-3.6.4/lib/libcrypto.so.3)
==3816097==    by 0x4B31A53: ossl_provider_doall_activated (in /nix/store/v89yca35zsb13k51ibz0mcz2rrzjwwrj-openssl-3.6.4/lib/libcrypto.so.3)
==3816097==    by 0x4B197FB: ossl_algorithm_do_all (in /nix/store/v89yca35zsb13k51ibz0mcz2rrzjwwrj-openssl-3.6.4/lib/libcrypto.so.3)
==3816097==    by 0x4B19C4F: ossl_method_construct (in /nix/store/v89yca35zsb13k51ibz0mcz2rrzjwwrj-openssl-3.6.4/lib/libcrypto.so.3)
==3816097==    by 0x4AE1F07: evp_generic_fetch (in /nix/store/v89yca35zsb13k51ibz0mcz2rrzjwwrj-openssl-3.6.4/lib/libcrypto.so.3)
==3816097==    by 0x4AFDACF: EVP_PKEY_CTX_new_from_name (in /nix/store/v89yca35zsb13k51ibz0mcz2rrzjwwrj-openssl-3.6.4/lib/libcrypto.so.3)
==3816097==    by 0x4AF7F5B: EVP_PKEY_new_raw_private_key (in /nix/store/v89yca35zsb13k51ibz0mcz2rrzjwwrj-openssl-3.6.4/lib/libcrypto.so.3)
==3816097==    by 0x1167327: crypto.backend_openssl.privateKeyFromSecret (backend_openssl.zig:274)
==3816097==    by 0x11406B7: privateKeyFromSecret (backend.zig:222)
==3816097==    by 0x11406B7: x25519.privateKey (x25519.zig:45)
==3816097==    by 0x113382B: x25519.publicFromSecret (x25519.zig:53)
==3816097==    by 0x112556B: x25519.KeyPair.generateDeterministic (x25519.zig:36)
==3816097==    by 0x111F517: x25519.KeyPair.generate (x25519.zig:32)
==3816097==    by 0x111E00F: in_memory_handshake.main (in_memory_handshake.zig:27)
==3816097==    by 0x11247A7: callMain (start.zig:627)
==3816097==    by 0x11247A7: callMainWithArgs (start.zig:587)
==3816097==    by 0x11247A7: main (start.zig:602)
==3816097== 
==3816097== Conditional jump or move depends on uninitialised value(s)
==3816097==    at 0x4B1A99C: namemap_add_name (in /nix/store/v89yca35zsb13k51ibz0mcz2rrzjwwrj-openssl-3.6.4/lib/libcrypto.so.3)
==3816097==    by 0x4B1AED3: ossl_namemap_add_names (in /nix/store/v89yca35zsb13k51ibz0mcz2rrzjwwrj-openssl-3.6.4/lib/libcrypto.so.3)
==3816097==    by 0x4AE1537: construct_evp_method (in /nix/store/v89yca35zsb13k51ibz0mcz2rrzjwwrj-openssl-3.6.4/lib/libcrypto.so.3)
==3816097==    by 0x4B1999B: ossl_method_construct_this (in /nix/store/v89yca35zsb13k51ibz0mcz2rrzjwwrj-openssl-3.6.4/lib/libcrypto.so.3)
==3816097==    by 0x4B19647: algorithm_do_this (in /nix/store/v89yca35zsb13k51ibz0mcz2rrzjwwrj-openssl-3.6.4/lib/libcrypto.so.3)
==3816097==    by 0x4B31A53: ossl_provider_doall_activated (in /nix/store/v89yca35zsb13k51ibz0mcz2rrzjwwrj-openssl-3.6.4/lib/libcrypto.so.3)
==3816097==    by 0x4B197FB: ossl_algorithm_do_all (in /nix/store/v89yca35zsb13k51ibz0mcz2rrzjwwrj-openssl-3.6.4/lib/libcrypto.so.3)
==3816097==    by 0x4B19C4F: ossl_method_construct (in /nix/store/v89yca35zsb13k51ibz0mcz2rrzjwwrj-openssl-3.6.4/lib/libcrypto.so.3)
==3816097==    by 0x4AE1F07: evp_generic_fetch (in /nix/store/v89yca35zsb13k51ibz0mcz2rrzjwwrj-openssl-3.6.4/lib/libcrypto.so.3)
==3816097==    by 0x4AFDACF: EVP_PKEY_CTX_new_from_name (in /nix/store/v89yca35zsb13k51ibz0mcz2rrzjwwrj-openssl-3.6.4/lib/libcrypto.so.3)
==3816097==    by 0x4AF7F5B: EVP_PKEY_new_raw_private_key (in /nix/store/v89yca35zsb13k51ibz0mcz2rrzjwwrj-openssl-3.6.4/lib/libcrypto.so.3)
==3816097==    by 0x1167327: crypto.backend_openssl.privateKeyFromSecret (backend_openssl.zig:274)
==3816097==    by 0x11406B7: privateKeyFromSecret (backend.zig:222)
==3816097==    by 0x11406B7: x25519.privateKey (x25519.zig:45)
==3816097==    by 0x113382B: x25519.publicFromSecret (x25519.zig:53)
==3816097==    by 0x112556B: x25519.KeyPair.generateDeterministic (x25519.zig:36)
==3816097==    by 0x111F517: x25519.KeyPair.generate (x25519.zig:32)
==3816097==    by 0x111E00F: in_memory_handshake.main (in_memory_handshake.zig:27)
==3816097==    by 0x11247A7: callMain (start.zig:627)
==3816097==    by 0x11247A7: callMainWithArgs (start.zig:587)
==3816097==    by 0x11247A7: main (start.zig:602)
==3816097== 
==3816097== Conditional jump or move depends on uninitialised value(s)
==3816097==    at 0x4B1A9C8: namemap_add_name (in /nix/store/v89yca35zsb13k51ibz0mcz2rrzjwwrj-openssl-3.6.4/lib/libcrypto.so.3)
==3816097==    by 0x4B1AED3: ossl_namemap_add_names (in /nix/store/v89yca35zsb13k51ibz0mcz2rrzjwwrj-openssl-3.6.4/lib/libcrypto.so.3)
==3816097==    by 0x4AE1537: construct_evp_method (in /nix/store/v89yca35zsb13k51ibz0mcz2rrzjwwrj-openssl-3.6.4/lib/libcrypto.so.3)
==3816097==    by 0x4B1999B: ossl_method_construct_this (in /nix/store/v89yca35zsb13k51ibz0mcz2rrzjwwrj-openssl-3.6.4/lib/libcrypto.so.3)
==3816097==    by 0x4B19647: algorithm_do_this (in /nix/store/v89yca35zsb13k51ibz0mcz2rrzjwwrj-openssl-3.6.4/lib/libcrypto.so.3)
==3816097==    by 0x4B31A53: ossl_provider_doall_activated (in /nix/store/v89yca35zsb13k51ibz0mcz2rrzjwwrj-openssl-3.6.4/lib/libcrypto.so.3)
==3816097==    by 0x4B197FB: ossl_algorithm_do_all (in /nix/store/v89yca35zsb13k51ibz0mcz2rrzjwwrj-openssl-3.6.4/lib/libcrypto.so.3)
==3816097==    by 0x4B19C4F: ossl_method_construct (in /nix/store/v89yca35zsb13k51ibz0mcz2rrzjwwrj-openssl-3.6.4/lib/libcrypto.so.3)
==3816097==    by 0x4AE1F07: evp_generic_fetch (in /nix/store/v89yca35zsb13k51ibz0mcz2rrzjwwrj-openssl-3.6.4/lib/libcrypto.so.3)
==3816097==    by 0x4AFDACF: EVP_PKEY_CTX_new_from_name (in /nix/store/v89yca35zsb13k51ibz0mcz2rrzjwwrj-openssl-3.6.4/lib/libcrypto.so.3)
==3816097==    by 0x4AF7F5B: EVP_PKEY_new_raw_private_key (in /nix/store/v89yca35zsb13k51ibz0mcz2rrzjwwrj-openssl-3.6.4/lib/libcrypto.so.3)
==3816097==    by 0x1167327: crypto.backend_openssl.privateKeyFromSecret (backend_openssl.zig:274)
==3816097==    by 0x11406B7: privateKeyFromSecret (backend.zig:222)
==3816097==    by 0x11406B7: x25519.privateKey (x25519.zig:45)
==3816097==    by 0x113382B: x25519.publicFromSecret (x25519.zig:53)
==3816097==    by 0x112556B: x25519.KeyPair.generateDeterministic (x25519.zig:36)
==3816097==    by 0x111F517: x25519.KeyPair.generate (x25519.zig:32)
==3816097==    by 0x111E00F: in_memory_handshake.main (in_memory_handshake.zig:27)
==3816097==    by 0x11247A7: callMain (start.zig:627)
==3816097==    by 0x11247A7: callMainWithArgs (start.zig:587)
==3816097==    by 0x11247A7: main (start.zig:602)
==3816097== 
==3816097== Conditional jump or move depends on uninitialised value(s)
==3816097==    at 0x4B1A318: ossl_namemap_name2num (in /nix/store/v89yca35zsb13k51ibz0mcz2rrzjwwrj-openssl-3.6.4/lib/libcrypto.so.3)
==3816097==    by 0x4AE1C1F: evp_generic_fetch (in /nix/store/v89yca35zsb13k51ibz0mcz2rrzjwwrj-openssl-3.6.4/lib/libcrypto.so.3)
==3816097==    by 0x4AE9D7B: EVP_PKEY_derive_init_ex (in /nix/store/v89yca35zsb13k51ibz0mcz2rrzjwwrj-openssl-3.6.4/lib/libcrypto.so.3)
==3816097==    by 0x1140953: crypto.backend_openssl.sharedSecretDerive (backend_openssl.zig:312)
==3816097==    by 0x112C3B3: sharedSecretDerive (backend.zig:238)
==3816097==    by 0x112C3B3: x25519.sharedSecret (x25519.zig:70)
==3816097==    by 0x113C6E3: ServerHandshake.installHandshakeKeys (ServerHandshake.zig:1623)
==3816097==    by 0x1129ECB: ServerHandshake.processClientHelloMessage (ServerHandshake.zig:1364)
==3816097==    by 0x112156F: ServerHandshake.acceptClientHello (ServerHandshake.zig:991)
==3816097==    by 0x111E567: in_memory_handshake.main (in_memory_handshake.zig:66)
==3816097==    by 0x11247A7: callMain (start.zig:627)
==3816097==    by 0x11247A7: callMainWithArgs (start.zig:587)
==3816097==    by 0x11247A7: main (start.zig:602)
==3816097== 
==3816097== Conditional jump or move depends on uninitialised value(s)
==3816097==    at 0x4B1A318: ossl_namemap_name2num (in /nix/store/v89yca35zsb13k51ibz0mcz2rrzjwwrj-openssl-3.6.4/lib/libcrypto.so.3)
==3816097==    by 0x4AE213B: evp_generic_fetch_from_prov (in /nix/store/v89yca35zsb13k51ibz0mcz2rrzjwwrj-openssl-3.6.4/lib/libcrypto.so.3)
==3816097==    by 0x4AE9DA3: EVP_PKEY_derive_init_ex (in /nix/store/v89yca35zsb13k51ibz0mcz2rrzjwwrj-openssl-3.6.4/lib/libcrypto.so.3)
==3816097==    by 0x1140953: crypto.backend_openssl.sharedSecretDerive (backend_openssl.zig:312)
==3816097==    by 0x112C3B3: sharedSecretDerive (backend.zig:238)
==3816097==    by 0x112C3B3: x25519.sharedSecret (x25519.zig:70)
==3816097==    by 0x113C6E3: ServerHandshake.installHandshakeKeys (ServerHandshake.zig:1623)
==3816097==    by 0x1129ECB: ServerHandshake.processClientHelloMessage (ServerHandshake.zig:1364)
==3816097==    by 0x112156F: ServerHandshake.acceptClientHello (ServerHandshake.zig:991)
==3816097==    by 0x111E567: in_memory_handshake.main (in_memory_handshake.zig:66)
==3816097==    by 0x11247A7: callMain (start.zig:627)
==3816097==    by 0x11247A7: callMainWithArgs (start.zig:587)
==3816097==    by 0x11247A7: main (start.zig:602)
==3816097== 
==3816097== Conditional jump or move depends on uninitialised value(s)
==3816097==    at 0x4B1A318: ossl_namemap_name2num (in /nix/store/v89yca35zsb13k51ibz0mcz2rrzjwwrj-openssl-3.6.4/lib/libcrypto.so.3)
==3816097==    by 0x4AE213B: evp_generic_fetch_from_prov (in /nix/store/v89yca35zsb13k51ibz0mcz2rrzjwwrj-openssl-3.6.4/lib/libcrypto.so.3)
==3816097==    by 0x4AEA1A3: EVP_PKEY_derive_set_peer_ex (in /nix/store/v89yca35zsb13k51ibz0mcz2rrzjwwrj-openssl-3.6.4/lib/libcrypto.so.3)
==3816097==    by 0x11409BB: crypto.backend_openssl.sharedSecretDerive (backend_openssl.zig:313)
==3816097==    by 0x112C3B3: sharedSecretDerive (backend.zig:238)
==3816097==    by 0x112C3B3: x25519.sharedSecret (x25519.zig:70)
==3816097==    by 0x113C6E3: ServerHandshake.installHandshakeKeys (ServerHandshake.zig:1623)
==3816097==    by 0x1129ECB: ServerHandshake.processClientHelloMessage (ServerHandshake.zig:1364)
==3816097==    by 0x112156F: ServerHandshake.acceptClientHello (ServerHandshake.zig:991)
==3816097==    by 0x111E567: in_memory_handshake.main (in_memory_handshake.zig:66)
==3816097==    by 0x11247A7: callMain (start.zig:627)
==3816097==    by 0x11247A7: callMainWithArgs (start.zig:587)
==3816097==    by 0x11247A7: main (start.zig:602)
==3816097== 
==3816097== Conditional jump or move depends on uninitialised value(s)
==3816097==    at 0x4B1A318: ossl_namemap_name2num (in /nix/store/v89yca35zsb13k51ibz0mcz2rrzjwwrj-openssl-3.6.4/lib/libcrypto.so.3)
==3816097==    by 0x4AE213B: evp_generic_fetch_from_prov (in /nix/store/v89yca35zsb13k51ibz0mcz2rrzjwwrj-openssl-3.6.4/lib/libcrypto.so.3)
==3816097==    by 0x4AF001B: do_sigver_init (in /nix/store/v89yca35zsb13k51ibz0mcz2rrzjwwrj-openssl-3.6.4/lib/libcrypto.so.3)
==3816097==    by 0x4AF05EF: EVP_DigestSignInit (in /nix/store/v89yca35zsb13k51ibz0mcz2rrzjwwrj-openssl-3.6.4/lib/libcrypto.so.3)
==3816097==    by 0x114DC8F: crypto.backend_openssl.signatureSign (backend_openssl.zig:903)
==3816097==    by 0x1133553: sign (backend.zig:389)
==3816097==    by 0x1133553: signature.PrivateKey.sign (signature.zig:88)
==3816097==    by 0x1125467: signature.PrivateKey.signOpaque (signature.zig:84)
==3816097==    by 0x114580B: ServerHandshake.encodeAuthenticatedFlight (ServerHandshake.zig:1941)
==3816097==    by 0x112EDCB: ServerHandshake.sendPreparedServerFlight (ServerHandshake.zig:1882)
==3816097==    by 0x1122DAB: ServerHandshake.sendServerFlightBuffered (ServerHandshake.zig:1895)
==3816097==    by 0x111E7EB: in_memory_handshake.main (in_memory_handshake.zig:75)
==3816097==    by 0x11247A7: callMain (start.zig:627)
==3816097==    by 0x11247A7: callMainWithArgs (start.zig:587)
==3816097==    by 0x11247A7: main (start.zig:602)
==3816097== 
==3816097== Conditional jump or move depends on uninitialised value(s)
==3816097==    at 0x4B1A318: ossl_namemap_name2num (in /nix/store/v89yca35zsb13k51ibz0mcz2rrzjwwrj-openssl-3.6.4/lib/libcrypto.so.3)
==3816097==    by 0x4AE1C1F: evp_generic_fetch (in /nix/store/v89yca35zsb13k51ibz0mcz2rrzjwwrj-openssl-3.6.4/lib/libcrypto.so.3)
==3816097==    by 0x4C8BF2F: drbg_ctr_set_ctx_params_locked (in /nix/store/v89yca35zsb13k51ibz0mcz2rrzjwwrj-openssl-3.6.4/lib/libcrypto.so.3)
==3816097==    by 0x4C8C3EF: drbg_ctr_instantiate_wrapper (in /nix/store/v89yca35zsb13k51ibz0mcz2rrzjwwrj-openssl-3.6.4/lib/libcrypto.so.3)
==3816097==    by 0x4AE8BA3: EVP_RAND_instantiate (in /nix/store/v89yca35zsb13k51ibz0mcz2rrzjwwrj-openssl-3.6.4/lib/libcrypto.so.3)
==3816097==    by 0x4B812CB: rand_new_drbg (in /nix/store/v89yca35zsb13k51ibz0mcz2rrzjwwrj-openssl-3.6.4/lib/libcrypto.so.3)
==3816097==    by 0x4B81673: rand_get0_primary (in /nix/store/v89yca35zsb13k51ibz0mcz2rrzjwwrj-openssl-3.6.4/lib/libcrypto.so.3)
==3816097==    by 0x4B81C27: RAND_priv_bytes_ex (in /nix/store/v89yca35zsb13k51ibz0mcz2rrzjwwrj-openssl-3.6.4/lib/libcrypto.so.3)
==3816097==    by 0x4A20A73: ossl_bn_gen_dsa_nonce_fixed_top (in /nix/store/v89yca35zsb13k51ibz0mcz2rrzjwwrj-openssl-3.6.4/lib/libcrypto.so.3)
==3816097==    by 0x4A9744F: ecdsa_sign_setup (in /nix/store/v89yca35zsb13k51ibz0mcz2rrzjwwrj-openssl-3.6.4/lib/libcrypto.so.3)
==3816097==    by 0x4A97EFB: ossl_ecdsa_simple_sign_sig (in /nix/store/v89yca35zsb13k51ibz0mcz2rrzjwwrj-openssl-3.6.4/lib/libcrypto.so.3)
==3816097==    by 0x4A978EF: ossl_ecdsa_sign (in /nix/store/v89yca35zsb13k51ibz0mcz2rrzjwwrj-openssl-3.6.4/lib/libcrypto.so.3)
==3816097==    by 0x4C9BB53: ecdsa_digest_sign_final (in /nix/store/v89yca35zsb13k51ibz0mcz2rrzjwwrj-openssl-3.6.4/lib/libcrypto.so.3)
==3816097==    by 0x4AF0E23: EVP_DigestSignFinal (in /nix/store/v89yca35zsb13k51ibz0mcz2rrzjwwrj-openssl-3.6.4/lib/libcrypto.so.3)
==3816097==    by 0x114DFC3: crypto.backend_openssl.signatureSign (backend_openssl.zig:913)
==3816097==    by 0x1133553: sign (backend.zig:389)
==3816097==    by 0x1133553: signature.PrivateKey.sign (signature.zig:88)
==3816097==    by 0x1125467: signature.PrivateKey.signOpaque (signature.zig:84)
==3816097==    by 0x114580B: ServerHandshake.encodeAuthenticatedFlight (ServerHandshake.zig:1941)
==3816097==    by 0x112EDCB: ServerHandshake.sendPreparedServerFlight (ServerHandshake.zig:1882)
==3816097==    by 0x1122DAB: ServerHandshake.sendServerFlightBuffered (ServerHandshake.zig:1895)
==3816097==    by 0x111E7EB: in_memory_handshake.main (in_memory_handshake.zig:75)
==3816097==    by 0x11247A7: callMain (start.zig:627)
==3816097==    by 0x11247A7: callMainWithArgs (start.zig:587)
==3816097==    by 0x11247A7: main (start.zig:602)
==3816097== 
==3816097== Conditional jump or move depends on uninitialised value(s)
==3816097==    at 0x4B1A318: ossl_namemap_name2num (in /nix/store/v89yca35zsb13k51ibz0mcz2rrzjwwrj-openssl-3.6.4/lib/libcrypto.so.3)
==3816097==    by 0x4AE213B: evp_generic_fetch_from_prov (in /nix/store/v89yca35zsb13k51ibz0mcz2rrzjwwrj-openssl-3.6.4/lib/libcrypto.so.3)
==3816097==    by 0x4AF001B: do_sigver_init (in /nix/store/v89yca35zsb13k51ibz0mcz2rrzjwwrj-openssl-3.6.4/lib/libcrypto.so.3)
==3816097==    by 0x4AF06B7: EVP_DigestVerifyInit (in /nix/store/v89yca35zsb13k51ibz0mcz2rrzjwwrj-openssl-3.6.4/lib/libcrypto.so.3)
==3816097==    by 0x11A0E0B: crypto.backend_openssl.signatureVerify (backend_openssl.zig:931)
==3816097==    by 0x1190823: verify (backend.zig:399)
==3816097==    by 0x1190823: certificate.verifySignature (certificate.zig:620)
==3816097==    by 0x11C19EB: certificate.verifyServerSignature (certificate.zig:553)
==3816097==    by 0x11A42C7: certificate.verifyServerSignatureWithSchemes (certificate.zig:565)
==3816097==    by 0x1194F97: ClientHandshake.Suite.verifyCertificate (ClientHandshake.zig:363)
==3816097==    by 0x11810AF: ClientHandshake.processFlightMessage (ClientHandshake.zig:1825)
==3816097==    by 0x116F4EB: ClientHandshake.processFlightBytes (ClientHandshake.zig:1676)
==3816097==    by 0x11476FB: ClientHandshake.processFlight (ClientHandshake.zig:1659)
==3816097==    by 0x112FFE7: ClientHandshake.processHandshakeRecord (ClientHandshake.zig:1259)
==3816097==    by 0x112318F: ClientHandshake.handleRecord (ClientHandshake.zig:1101)
==3816097==    by 0x111E92B: in_memory_handshake.main (in_memory_handshake.zig:79)
==3816097==    by 0x11247A7: callMain (start.zig:627)
==3816097==    by 0x11247A7: callMainWithArgs (start.zig:587)
==3816097==    by 0x11247A7: main (start.zig:602)
==3816097== 
==3816097== 
==3816097== HEAP SUMMARY:
==3816097==     in use at exit: 0 bytes in 0 blocks
==3816097==   total heap usage: 9,424 allocs, 9,424 frees, 595,625 bytes allocated
==3816097== 
==3816097== All heap blocks were freed -- no leaks are possible
==3816097== 
==3816097== For lists of detected and suppressed errors, rerun with: -s
==3816097== ERROR SUMMARY: 1921 errors from 34 contexts (suppressed: 0 from 0)
