encrypted-pem-check: ok (pipe, terminal)
ztest: Running 850 tests...
[1/850] PASS: test_0 (445.32ms)
[2/850] PASS: Wycheproof: X25519 shared secret tcId 1 (446.05ms)
[3/850] PASS: Wycheproof boundary: X25519 identity element is rejected (446.11ms)
[4/850] PASS: Wycheproof boundary: X25519 small-order public key is rejected (446.17ms)
[5/850] PASS: Wycheproof: AES-128-GCM AAD/tag handling tcId 2 (446.42ms)
[6/850] PASS: Wycheproof boundary: AES-256-GCM AAD/tag handling (446.43ms)
[7/850] PASS: Wycheproof: ChaCha20-Poly1305 one-byte message tcId 4 (446.44ms)
[8/850] PASS: Wycheproof boundary: ChaCha20-Poly1305 AAD handling (446.45ms)
[9/850] PASS: OpenSSL s_server interoperates with ztls client (515.58ms)
[10/850] PASS: OpenSSL s_server interoperates with ztls P-384 client (544.86ms)
[11/850] PASS: OpenSSL s_server interoperates with ztls RFC 10024 client groups (617.50ms)
[12/850] PASS: ztls client resumes with OpenSSL s_server (PSK resumption) (643.22ms)
[13/850] PASS: ztls client sends 0-RTT early data to OpenSSL s_server (669.09ms)
[14/850] PASS: OpenSSL s_client interoperates with ztls server (706.08ms)
[15/850] PASS: OpenSSL s_client resumes with ztls server-issued ticket (730.80ms)
[16/850] PASS: OpenSSL s_client interoperates with ztls P-384 server (746.58ms)
[17/850] PASS: OpenSSL s_client interoperates with ztls RFC 10024 server groups (787.02ms)
[18/850] PASS: OpenSSL s_client with -cert interoperates with ztls server (required client auth) (802.96ms)
[19/850] PASS: ztls client with credentials interoperates with OpenSSL s_server -Verify (828.65ms)
[20/850] PASS: ztls-to-ztls TCP KeyUpdate round trip with ChaCha20-Poly1305 (872.09ms)
[21/850] PASS: backend.x25519: RFC 7748 §5.2 shared secret (872.19ms)
[22/850] PASS: backend.x25519: RFC 7748 §6.1 mutual key agreement (872.30ms)
[23/850] PASS: backend.x25519: Wycheproof tcId 1 shared secret (872.36ms)
[24/850] PASS: backend.x25519: all-zero public key is rejected (IdentityElement) (872.42ms)
[25/850] PASS: backend.x25519: small-order public key is rejected (IdentityElement) (872.48ms)
[26/850] PASS: backend.aead: round-trip for every advertised cipher suite (872.49ms)
[27/850] PASS: backend.aead: tag corruption is rejected for every advertised cipher suite (872.50ms)
[28/850] PASS: backend.aead: ciphertext corruption is rejected for every advertised cipher suite (872.51ms)
[29/850] PASS: backend.aead: Wycheproof AES-128-GCM tcId 2 (872.52ms)
[30/850] PASS: backend.aead: Wycheproof AES-256-GCM AAD boundary (872.52ms)
[31/850] PASS: backend.aead: Wycheproof ChaCha20-Poly1305 AAD boundary (872.53ms)
[32/850] PASS: backend.aead: ChaCha20-Poly1305 RFC 8439 §2.8.2 known-answer vector (872.55ms)
[33/850] PASS: backend.p256: mutual key agreement with fixed scalars (872.77ms)
[34/850] PASS: backend.p256: non-04 SEC1 prefix is rejected (872.80ms)
[35/850] PASS: backend.p256: off-curve point is rejected (872.80ms)
[36/850] PASS: backend.p256: zero scalar private key is rejected (872.81ms)
[37/850] PASS: backend.p256: Wycheproof tcId 1 shared secret (872.91ms)
[38/850] PASS: backend.p384: mutual key agreement with fixed scalars (876.40ms)
[39/850] PASS: backend.p384: non-04 SEC1 prefix is rejected (877.53ms)
[40/850] PASS: backend.p384: off-curve point is rejected (877.55ms)
[41/850] PASS: backend.p384: zero scalar private key is rejected (877.56ms)
[42/850] PASS: backend.p384: Wycheproof tcId 1 shared secret (879.28ms)
[43/850] PASS: backend.sign: RSA-PSS SHA-256 sign/verify round-trip (880.61ms)
[44/850] PASS: backend.sign: RSA-PSS SHA-256 rejects tampered signature (881.54ms)
[45/850] PASS: backend.sign: RSA-PSS SHA-384 sign/verify round-trip and tamper rejection (882.47ms)
[46/850] PASS: backend.sign: ECDSA P-256 SHA-256 sign/verify round-trip (882.61ms)
[47/850] PASS: backend.sign: ECDSA P-256 SHA-256 rejects tampered signature (882.68ms)
[48/850] PASS: backend.sign: ECDSA P-384 SHA-384 sign/verify round-trip and tamper rejection (884.98ms)
[49/850] PASS: backend.sign: BufferTooShort on undersized output (885.03ms)
[50/850] PASS: backend.sign: key/scheme mismatch is a libcrypto failure (885.07ms)
[51/850] PASS: backend.sign: Wycheproof RSA-PSS tcId 3 verify (885.13ms)
[52/850] PASS: backend.sign: Wycheproof RSA-PSS tcId 62 invalid signature (885.17ms)
[53/850] PASS: backend.sign: Wycheproof ECDSA P-256 tcId 1 verify (885.25ms)
[54/850] PASS: backend.sign: Wycheproof ECDSA P-256 tcId 6 invalid signature (885.28ms)
[55/850] PASS: backend.sign: Wycheproof ECDSA P-384 tcId 1 verify (885.79ms)
[56/850] PASS: backend.sign: Wycheproof ECDSA P-384 tcId 6 invalid signature (885.83ms)
[57/850] PASS: backend error-queue hygiene: malformed EC public key leaves no residue (#88) (885.83ms)
[58/850] PASS: backend error-queue hygiene: caller queue entries survive a failing wrapper (#88) (886.10ms)
[59/850] PASS: backend error-queue hygiene: scalar key load does not nest guards (#88) (886.18ms)
[60/850] PASS: backend error-queue hygiene: repeated failures leave the queue empty each round (#88) (886.27ms)
[61/850] PASS: backend error-queue hygiene: successful key load preserves caller entries (#88) (886.37ms)
[62/850] PASS: backend error-queue hygiene: failed signature verification leaves no residue (#88) (886.41ms)
[63/850] PASS: backend error-queue hygiene: failed record decrypt leaves no residue (#88) (886.42ms)
[64/850] PASS: backend error-queue hygiene: failed decrypt preserves caller entries exactly (#88) (886.50ms)
[65/850] PASS: backend error-queue hygiene: DER key load preservation is lane-dependent (#88) (886.61ms)
[66/850] PASS: backend error-queue hygiene: scheme inference preserves caller entries (#112) (886.70ms)
[67/850] PASS: backend error-queue hygiene: declined encrypted PEM loads leave no residue (#114) (886.76ms)
[68/850] PASS: backend error-queue hygiene: cert/key mismatch preservation is lane-dependent (#113) (886.97ms)
[69/850] PASS: RFC 5280 §4.2.1.10 name-constraint verdicts vs OpenSSL 3.6.3 ground truth (887.44ms)
[70/850] PASS: fuzz: verifyNameConstraints handles arbitrary NameConstraints and SAN DER (887.45ms)
[71/850] PASS: capi: ztls_version returns a non-empty string (887.45ms)
[72/850] PASS: capi: insecure client init is explicitly named (887.45ms)
[73/850] PASS: capi: size and alignment are non-zero and sane (887.45ms)
[74/850] PASS: capi: NULL parameters are rejected (887.46ms)
[75/850] PASS: capi: full client handshake through the C ABI (887.98ms)
[76/850] PASS: capi: send_application_data before connected fails (888.06ms)
[77/850] PASS: capi: KeyUpdate response is surfaced as a write event (888.56ms)
[78/850] PASS: capi: KeyUpdate without response maps to none without pending write (889.02ms)
[79/850] PASS: capi: NewSessionTicket maps to none without pending write (889.47ms)
[80/850] PASS: encrypt: rejects mismatched plaintext and ciphertext lengths (889.47ms)
[81/850] PASS: decrypt: rejects mismatched plaintext and ciphertext lengths (889.48ms)
[82/850] PASS: Aes128Gcm: encrypt/decrypt round-trip (889.48ms)
[83/850] PASS: Aes256Gcm: encrypt/decrypt round-trip (889.48ms)
[84/850] PASS: ChaCha20Poly1305: encrypt/decrypt round-trip (889.49ms)
[85/850] PASS: ChaCha20Poly1305: RFC 8439 known-answer vector (889.50ms)
[86/850] PASS: ChaCha20Poly1305: empty plaintext known-answer vector (889.51ms)
[87/850] PASS: ChaCha20Poly1305: authentication failure on tampered ciphertext (889.51ms)
[88/850] PASS: ChaCha20Poly1305: authentication failure on tampered tag (889.52ms)
[89/850] PASS: ChaCha20Poly1305: authentication failure on tampered ad (889.52ms)
[90/850] PASS: decrypt: authentication failure on tampered ciphertext (889.53ms)
[91/850] PASS: decrypt: authentication failure on tampered tag (889.53ms)
[92/850] PASS: decrypt: authentication failure on tampered ad (889.54ms)
[93/850] PASS: construct: seq 0 is just the IV (889.54ms)
[94/850] PASS: construct: seq increments flip the right bytes (889.54ms)
[95/850] PASS: construct: XOR with non-zero IV (889.54ms)
[96/850] PASS: construct: seq max u64 produces expected nonce (889.54ms)
[97/850] PASS: parse: close_notify (889.55ms)
[98/850] PASS: parse: warning-level error alert is fatal (889.55ms)
[99/850] PASS: parse: unknown alert description is fatal (889.55ms)
[100/850] PASS: parse: user_canceled is not fatal (889.56ms)
[101/850] PASS: parse: truncated (889.56ms)
[102/850] PASS: parse: rejects coalesced alert bytes (889.56ms)
[103/850] PASS: encode (889.56ms)
[104/850] PASS: fuzz: parse handles arbitrary input (889.57ms)
[105/850] PASS: alertForError: certificate failures map to certificate alerts (889.57ms)
[106/850] PASS: alertForError: parser and semantic failures map to protocol alerts (889.57ms)
[107/850] PASS: alertForError: provider failure maps to internal_error (889.57ms)
[108/850] PASS: alertForError: unknown error maps to internal_error (889.58ms)
[109/850] PASS: parse: oversized cert_len does not overflow bounds check (889.58ms)
[110/850] PASS: parseClientCertificate: oversized ctx_len does not overflow (889.58ms)
[111/850] PASS: parse: extracts public key from ECDSA P-256 certificate (889.59ms)
[112/850] PASS: parse: wrong handshake type (889.60ms)
[113/850] PASS: parse: rejects mismatched Certificate handshake body length (889.60ms)
[114/850] PASS: encodeWithRequestContext: encodes empty client certificate list (889.60ms)
[115/850] PASS: encodeWithRequestContext: rejects oversized request context (889.60ms)
[116/850] PASS: parseClientCertificate: accepts empty certificate with matching context (889.61ms)
[117/850] PASS: parseClientCertificate: rejects mismatched request context (889.61ms)
[118/850] PASS: parse: rejects non-empty server certificate request context (889.61ms)
[119/850] PASS: parse: rejects empty certificate list (889.62ms)
[120/850] PASS: parse: rejects certificate list length shorter than entries (889.62ms)
[121/850] PASS: encode: round trips certificate chain (896.15ms)
[122/850] PASS: parse: rejects unsupported CertificateEntry status_request (896.16ms)
[123/850] PASS: parse: rejects unsupported CertificateEntry SCT (896.16ms)
[124/850] PASS: parse: rejects forbidden CertificateEntry status_request_v2 (896.17ms)
[125/850] PASS: parse: rejects duplicate CertificateEntry status_request (896.18ms)
[126/850] PASS: parse: rejects malformed CertificateEntry extension length (896.18ms)
[127/850] PASS: parse: ignores unknown CertificateEntry extension (896.19ms)
[128/850] PASS: parse: validates hostname (896.20ms)
[129/850] PASS: parse: rejects hostname mismatch (896.20ms)
[130/850] PASS: parse: rejects missing trust anchor by default (896.21ms)
[131/850] PASS: parse: validates leaf against trust bundle (902.87ms)
[132/850] PASS: parse: validates leaf-intermediate-root chain (915.93ms)
[133/850] PASS: parse: rejects end-entity certificate used as issuer (916.03ms)
[134/850] PASS: parse: rejects chain with intermediate before leaf (916.12ms)
[135/850] PASS: parse: anchors chain below a cross-signed root (935.58ms)
[136/850] PASS: parse: rejects cross-signed root without a bundle anchor below it (948.54ms)
[137/850] PASS: parse: rejects chain with missing intermediate (948.63ms)
[138/850] PASS: parse: rejects chain hostname mismatch (948.71ms)
[139/850] PASS: parse: rejects untrusted leaf when bundle misses issuer (948.72ms)
[140/850] PASS: parse: accepts chain with matching DNS name constraints (962.17ms)
[141/850] PASS: parse: rejects chain with excluded DNS name constraints (975.62ms)
[142/850] PASS: parse: rejects chain outside permitted DNS name constraints (989.12ms)
[143/850] PASS: parse: insecure no-anchor path still enforces name constraints (995.58ms)
[144/850] PASS: parse: rejects signed unprocessed critical extension for both roles (995.68ms)
[145/850] PASS: parse: accepts signed noncritical extension and supported critical extensions (1021.84ms)
[146/850] PASS: parse: rejects signed SAN with an invalid wrapper (21.95ms)
[147/850] PASS: parse: rejects chain exceeding pathLenConstraint zero (42.20ms)
[148/850] PASS: parse: accepts pathLenConstraint zero with a CA target (55.69ms)
[149/850] PASS: parse: rejects chain exceeding pathLenConstraint one (82.48ms)
[150/850] PASS: parse: accepts chain at pathLenConstraint one (102.62ms)
[151/850] PASS: parse: imposes no path-length limit when pathLenConstraint is absent (122.88ms)
[152/850] PASS: parse: enforces the tightest of multiple pathLenConstraints (149.73ms)
[153/850] PASS: parse: accepts multiple satisfied pathLenConstraints (169.94ms)
[154/850] PASS: parse: self-issued intermediate does not consume path length (190.22ms)
[155/850] PASS: parse: intermediate below a self-issued certificate still counts (217.13ms)
[156/850] PASS: parse: trust anchor pathLenConstraint limits intermediates below it (237.39ms)
[157/850] PASS: parse: trust anchor pathLenConstraint satisfied (250.84ms)
[158/850] PASS: parse: certificates above the anchored path are outside the path (277.70ms)
[159/850] PASS: parse: cross-signed root constraint binds inside the anchored path (304.60ms)
[160/850] PASS: parseClientChain: rejects client chain exceeding pathLenConstraint zero (324.23ms)
[161/850] PASS: parseClientChain: accepts client chain at pathLenConstraint zero (337.30ms)
[162/850] PASS: parse: insecure no-anchor path still enforces pathLenConstraint (350.33ms)
[163/850] PASS: parse: insecure no-anchor path accepts constrained chain with self-issued steps (363.37ms)
[164/850] PASS: parse: malformed DER length is rejected, not crashed (363.38ms)
[165/850] PASS: certificate_policy.verifyServerAuth: non-v3 certificates are rejected (363.38ms)
[166/850] PASS: certificate_policy.verifyServerAuth: KeyUsage without digitalSignature is rejected (363.38ms)
[167/850] PASS: certificate_policy.verifyServerAuth: EKU without serverAuth is rejected (363.38ms)
[168/850] PASS: certificate_policy.verifyClientAuth: EKU without clientAuth is rejected (363.39ms)
[169/850] PASS: certificate_policy.verifyClientAuth: KeyUsage without digitalSignature is rejected (363.39ms)
[170/850] PASS: certificate_policy.verifyClientAuth: clientAuth EKU is accepted (363.39ms)
[171/850] PASS: certificate_policy.verifyServerAuth: legacy certificate signatures are rejected (363.39ms)
[172/850] PASS: certificate_policy.verifyServerAuth: RSA PKCS1 SHA-256 certificate signature is accepted (363.40ms)
[173/850] PASS: certificate_policy: Ed25519 chain signature algorithm accepted when advertised (363.40ms)
[174/850] PASS: certificate_policy: Ed25519 chain signature algorithm rejected when not advertised (363.40ms)
[175/850] PASS: parse: Ed25519 self-signed certificate verified via std.crypto (363.41ms)
[176/850] PASS: certificate_policy.verifyServerAuth: rejects certificate signature outside policy (363.41ms)
[177/850] PASS: certificate signature policy checks non-self-signed chain certificates (363.41ms)
[178/850] PASS: certificate signature policy skips self-signed chain certificates (363.42ms)
[179/850] PASS: certificate_policy.verifyServerAuth: unrestricted supported leaf is accepted (363.42ms)
[180/850] PASS: encodeCertificateVerify: wraps signature (363.42ms)
[181/850] PASS: verifySignature: valid ECDSA P-256 signature (363.54ms)
[182/850] PASS: verifySignature: valid RSA-PSS SHA-256 signature (363.60ms)
[183/850] PASS: verifySignature: rejects RSA-PSS signature with wrong salt length (363.64ms)
[184/850] PASS: verifySignature: wrong transcript hash (363.72ms)
[185/850] PASS: verifySignature: rejects scheme absent from offered list (363.72ms)
[186/850] PASS: verifySignature: client CV rejects scheme absent from offered list (363.73ms)
[187/850] PASS: verifySignature: rejects RSA PKCS1 CertificateVerify scheme (363.74ms)
[188/850] PASS: verifySignature: rejects certificate key and scheme mismatch (363.75ms)
[189/850] PASS: verifySignature: server signature is not valid for client context (363.83ms)
[190/850] PASS: verifySignature: wrong handshake type (363.84ms)
[191/850] PASS: parse: extracts critical name constraints (363.84ms)
[192/850] PASS: parse: extracts non-critical name constraints (363.85ms)
[193/850] PASS: fuzz: parse handles arbitrary input (363.86ms)
[194/850] PASS: CertificateChain: single certificate view (363.86ms)
[195/850] PASS: CertificateChain.fromPem: decodes a certificate chain (363.87ms)
[196/850] PASS: CertificateChain.fromPem: rejects malformed input (363.89ms)
[197/850] PASS: CertificateChain.fromPem: rejects exhausted caller storage (363.90ms)
[198/850] PASS: fuzz: CertificateChain.fromPem handles arbitrary input (363.91ms)
[199/850] PASS: active backend identity matches the private provider facade (363.91ms)
[200/850] PASS: hybrid capability queries match the active backend (363.92ms)
[201/850] PASS: validateHybridGroups reports local policy faults (363.92ms)
[202/850] PASS: requiresP384 identifies only P-384 hybrid policy (363.92ms)
[203/850] PASS: CipherSuite wire values (363.92ms)
[204/850] PASS: PskOfferIter: walks identity/binder pairs in offer order (363.93ms)
[205/850] PASS: PskOfferIter: rejects oversized lengths (363.93ms)
[206/850] PASS: PskOfferIter: rejects a slack-byte identities vector (363.93ms)
[207/850] PASS: PskOfferIter: rejects more binders than identities (363.93ms)
[208/850] PASS: encode: size matches encodedLen (363.94ms)
[209/850] PASS: encodeWithPsk: pre_shared_key is last, binder prefix and offset are correct (363.94ms)
[210/850] PASS: encodeWithPsk: rejects unsupported binder length (363.95ms)
[211/850] PASS: parse: ClientHello with pre_shared_key round-trips (363.95ms)
[212/850] PASS: encodeWithP256: size matches encodedLenWithP256 (363.96ms)
[213/850] PASS: encode: handshake type and legacy version (363.96ms)
[214/850] PASS: encode: cipher suites match backend capabilities (363.96ms)
[215/850] PASS: encode: legacy_session_id is empty (363.97ms)
[216/850] PASS: encode: supported_groups contains X25519 (363.97ms)
[217/850] PASS: encode: key_share contains public key (363.97ms)
[218/850] PASS: encodeWithP256: includes X25519 and secp256r1 key shares (363.98ms)
[219/850] PASS: encodeWithP256P384: includes X25519, secp256r1, and secp384r1 key shares (363.99ms)
[220/850] PASS: encodeWithP256P384: size matches encodedLenWithP256P384 (363.99ms)
[221/850] PASS: parse: accepts secp384r1 key share (365.17ms)
[222/850] PASS: parse: rejects compressed secp384r1 key share (365.18ms)
[223/850] PASS: encodeRetryAfterHrr: secp384r1 selected, no cookie (365.19ms)
[224/850] PASS: encode: SNI present when server_name set (365.19ms)
[225/850] PASS: encode: SNI absent when server_name is null (365.19ms)
[226/850] PASS: encode: supported_versions contains TLS 1.3 (365.20ms)
[227/850] PASS: encode: signature_algorithms match backend capabilities (365.20ms)
[228/850] PASS: encode: signature_algorithms_cert match backend capabilities (365.20ms)
[229/850] PASS: encode: ALPN present when protocols set (365.21ms)
[230/850] PASS: encode: rejects invalid ALPN protocols (365.21ms)
[231/850] PASS: parse: encoded ClientHello (365.22ms)
[232/850] PASS: parse: tracks offered SNI extension presence (365.22ms)
[233/850] PASS: parse: tracks offered record_size_limit extension presence (365.23ms)
[234/850] PASS: parse: accepts secp256r1 supported group and key share (365.26ms)
[235/850] PASS: parseSupportedGroups: records RFC 10024 groups (365.27ms)
[236/850] PASS: parse: rejects malformed X25519 key share (365.27ms)
[237/850] PASS: parse: rejects key share outside supported_groups (365.30ms)
[238/850] PASS: parse: rejects oversized legacy_session_id (365.31ms)
[239/850] PASS: parse: rejects SSLv3-or-lower legacy_version (365.31ms)
[240/850] PASS: parse: rejects missing supported_versions (365.32ms)
[241/850] PASS: parse: rejects supported_versions without TLS 1.3 (365.32ms)
[242/850] PASS: parse: rejects missing supported_groups (365.33ms)
[243/850] PASS: parse: rejects missing signature_algorithms (365.33ms)
[244/850] PASS: parse: rejects malformed signature_algorithms (365.33ms)
[245/850] PASS: parse: rejects signature_algorithms without TLS 1.3 handshake scheme (365.34ms)
[246/850] PASS: parse: rejects malformed ClientHello (365.35ms)
[247/850] PASS: parse: rejects malformed compression methods (365.35ms)
[248/850] PASS: parse: no shared supported group is rejected (365.35ms)
[249/850] PASS: parse: rejects duplicate x25519 key share entries (365.36ms)
[250/850] PASS: parseKeyShare: retains all RFC 10024 hybrid entries (365.36ms)
[251/850] PASS: encode: buffer too short (365.36ms)
[252/850] PASS: encode: server_name too long (365.37ms)
[253/850] PASS: parse: rejects duplicate supported_groups (365.37ms)
[254/850] PASS: parse: missing X25519 key share leaves public key null (365.38ms)
[255/850] PASS: parse: rejects duplicate signature_algorithms (365.38ms)
[256/850] PASS: parse: rejects duplicate signature_algorithms_cert (365.38ms)
[257/850] PASS: parse: ignores unknown extension (365.39ms)
[258/850] PASS: parse: ignores unknown supported_groups entries (365.39ms)
[259/850] PASS: fuzz: parse handles arbitrary input (365.39ms)
[260/850] PASS: encodeRetryAfterHrr: X25519 selected, no cookie (365.40ms)
[261/850] PASS: encodeRetryAfterHrr: preserves PSK key exchange mode (365.41ms)
[262/850] PASS: encodeRetryAfterHrr: secp256r1 selected, no cookie (365.41ms)
[263/850] PASS: encodeRetryAfterHrr: includes cookie when provided (365.41ms)
[264/850] PASS: encodeRetryAfterHrr: preserves SNI and ALPN from ClientHello1 (365.42ms)
[265/850] PASS: encodeRetryAfterHrr: rejects unsupported group (365.42ms)
[266/850] PASS: encodeRetryAfterHrr: missing configured hybrid share is a policy error (365.43ms)
[267/850] PASS: encodeWithHybridGroups: rejects unknown share group without panic (365.43ms)
[268/850] PASS: KEM key_share round-trip: ClientHello encode → parse preserves 1216-byte public key (365.44ms)
[269/850] PASS: parse: psk_key_exchange_modes list_len 0xFF rejected without overflow (365.45ms)
[270/850] PASS: SessionTicket.secureZero erases identity, PSK, and metadata (365.45ms)
[271/850] PASS: HybridPolicy.validate rejects an initial share outside its group list (365.45ms)
[272/850] PASS: Config.validate reports unavailable groups and missing P-384 material (365.51ms)
[273/850] PASS: start validates hybrid policy before key generation and output (365.62ms)
[274/850] PASS: transcript hash: RFC 8448 §3 ClientHello || ServerHello (365.66ms)
[275/850] PASS: deriveHandshakeKeys: RFC 8448 §3 server handshake key/iv/finished (365.72ms)
[276/850] PASS: processServerHello: RFC 8448 §3 installs server handshake keys (365.83ms)
[277/850] PASS: processServerHello: accepts secp256r1 key_share (366.01ms)
[278/850] PASS: processServerHello: rejects invalid secp256r1 point (366.07ms)
[279/850] PASS: processServerHello: rejects unoffered secp256r1 key_share (366.13ms)
[280/850] PASS: processServerHello: rejects mismatched session id echo (366.17ms)
[281/850] PASS: processServerHello: rejects unoffered cipher suite (366.23ms)
[282/850] PASS: processFlight: stores selected ALPN (366.34ms)
[283/850] PASS: processFlight: rejects unoffered ALPN (366.45ms)
[284/850] PASS: processFlight: rejects unanchored Certificate by default (366.97ms)
[285/850] PASS: processFlight: rejects non-empty server Certificate request context (367.46ms)
[286/850] PASS: processFlight: rejects empty server Certificate list (367.94ms)
[287/850] PASS: processFlight: rejects unsolicited EncryptedExtensions ALPN (368.07ms)
[288/850] PASS: processFlight: rejects unrequested server CertificateEntry status_request (368.58ms)
[289/850] PASS: processFlight: RFC 8448 §3 full server flight to connected (369.10ms)
[290/850] PASS: processFlight: rejects handshake message after server Finished (369.61ms)
[291/850] PASS: processFlight: handshake message spanning records needs buffer (370.09ms)
[292/850] PASS: processFlight: reassembles handshake message split across records (370.60ms)
[293/850] PASS: processFlight: buffered path rejects handshake message after server Finished (371.11ms)
[294/850] PASS: processFlight: RFC 8448 §3 flight split one message per record (371.61ms)
[295/850] PASS: handleRecord: malformed ServerHello is rejected (371.65ms)
[296/850] PASS: processFlight: rejects Finished before EncryptedExtensions (371.76ms)
[297/850] PASS: processFlight: rejects CertificateVerify before Certificate (372.28ms)
[298/850] PASS: processFlight: rejects Finished before CertificateVerify (372.78ms)
[299/850] PASS: processFlight: rejects unoffered CertificateVerify scheme (373.27ms)
[300/850] PASS: processFlight: rejects wrong CertificateVerify signature (373.78ms)
[301/850] PASS: processFlight: rejects wrong server Finished verify_data (374.29ms)
[302/850] PASS: handleRecord: plaintext fatal alert in wait_sh (374.36ms)
[303/850] PASS: handleRecord: malformed alert record does not set or replace lastPeerAlert (374.40ms)
[304/850] PASS: handleRecord: unknown alert codes are preserved (374.43ms)
[305/850] PASS: handleRecord: lastPeerAlert replaced by later alert, preserved by close/malformed (374.47ms)
[306/850] PASS: handleRecord: rejects ChangeCipherSpec before ClientHello (374.50ms)
[307/850] PASS: handleRecord: drops valid ChangeCipherSpec after ClientHello (374.53ms)
[308/850] PASS: handleRecord: rejects malformed ChangeCipherSpec payload (374.57ms)
[309/850] PASS: handleRecord: encrypted fatal alert during server flight (374.68ms)
[310/850] PASS: handleRecord: rejects server KeyUpdate before Finished (374.79ms)
[311/850] PASS: handleRecord: truncated encrypted flight is rejected (375.28ms)
[312/850] PASS: handleRecord: corrupted encrypted flight is rejected (375.76ms)
[313/850] PASS: handleRecord: post-handshake unexpected inner content type is rejected (376.34ms)
[314/850] PASS: handleRecord: encrypted application data during server flight is rejected (376.46ms)
[315/850] PASS: clientFinished: RFC 8448 §3 emits Finished and upgrades to app keys (376.99ms)
[316/850] PASS: processFlight: accepts CertificateRequest before server Certificate (377.47ms)
[317/850] PASS: processFlight: rejects non-empty handshake CertificateRequest context (377.95ms)
[318/850] PASS: clientFinished: sends empty Certificate before Finished for CertificateRequest (378.48ms)
[319/850] PASS: clientFinished: empty CertificateRequest with no credentials still finishes (379.01ms)
[320/850] PASS: client auth: setCredentials stores client credentials (379.06ms)
[321/850] PASS: ratchetClientKey: RFC 8446 §7.2 next application write key (379.59ms)
[322/850] PASS: handleRecord: application data resets both post-handshake flood counters (380.14ms)
[323/850] PASS: receiveRecord: RX progresses while a client TX record is pending (380.71ms)
[324/850] PASS: receiveKtlsRecord: client processes kernel-decrypted records (381.27ms)
[325/850] PASS: receiveKtlsRecord: client finds KeyUpdate after NewSessionTicket (381.81ms)
[326/850] PASS: ratchetKtlsTx: client advances only an idle TX epoch (382.36ms)
[327/850] PASS: handleRecord: server KeyUpdate(update_requested) ratchets rx and responds (382.92ms)
[328/850] PASS: handleRecord: KeyUpdate not at record boundary is rejected (383.46ms)
[329/850] PASS: handleRecord: invalid server KeyUpdate request is rejected (383.99ms)
[330/850] PASS: handleRecord: server KeyUpdate(update_not_requested) surfaces key_update rx only (384.59ms)
[331/850] PASS: handleRecord: self-initiated sendKeyUpdate response surfaces rx only (385.15ms)
[332/850] PASS: sendAlert: plaintext fatal alert before ServerHello (385.18ms)
[333/850] PASS: sendAlert: encrypted close_notify after handshake (385.71ms)
[334/850] PASS: handleRecord: close_notify returns closed (386.25ms)
[335/850] PASS: handleRecord: fatal alert returns PeerAlert (386.78ms)
[336/850] PASS: handleRecord: NewSessionTicket is surfaced as an event (387.33ms)
[337/850] PASS: clientFinished: RFC 8448 §4 resumption_master_secret over the live transcript (387.86ms)
[338/850] PASS: startWithPsk: binder matches an independent HMAC over the prefix (387.95ms)
[339/850] PASS: startWithPsk: advertises configured RFC 10024 key share (388.11ms)
[340/850] PASS: startWithPsk: ticket without early-data permission omits early_data (388.20ms)
[341/850] PASS: EncryptedExtensions: rejects early_data when server declined PSK (388.35ms)
[342/850] PASS: EncryptedExtensions: rejects early_data without early traffic keys (388.49ms)
[343/850] PASS: EncryptedExtensions: rejects early_data after HelloRetryRequest (388.64ms)
[344/850] PASS: processServerHello rejects selected PSK with incompatible cipher suite hash (388.82ms)
[345/850] PASS: handleRecord: PSK-offering client rejects bare Finished unless server selected PSK (389.19ms)
[346/850] PASS: handleRecord: accepts 17 consecutive NewSessionTickets (389.75ms)
[347/850] PASS: handleRecord: NewSessionTicket flood is rejected with ticket-specific error (390.32ms)
[348/850] PASS: handleRecord: malformed NewSessionTicket is rejected (390.87ms)
[349/850] PASS: handleRecord: KeyUpdate flood is rejected (391.60ms)
[350/850] PASS: handleRecord: empty application data does not reset flood counters (392.17ms)
[351/850] PASS: handleRecord: KeyUpdate flood cap fires despite empty app-data interleaving (392.96ms)
[352/850] PASS: start: uses Config host_name for SNI and policy (393.00ms)
[353/850] PASS: handleRecord: drives RFC 8448 §3 handshake to connected (393.54ms)
[354/850] PASS: handleRecord: unacknowledged write blocks further calls (394.07ms)
[355/850] PASS: sendEarlyData: unacknowledged write blocks further early data (394.16ms)
[356/850] PASS: handleRecord: zero-length plaintext handshake is rejected (394.19ms)
[357/850] PASS: handleRecord: zero-length encrypted handshake is rejected (394.31ms)
[358/850] PASS: handleRecord: all-zero inner plaintext maps to unexpected_message (394.85ms)
[359/850] PASS: handleRecord: application_data before ServerHello is rejected (394.88ms)
[360/850] PASS: HandshakeReader: splits coalesced messages (394.89ms)
[361/850] PASS: HandshakeReader: truncated body is UnexpectedEof (394.89ms)
[362/850] PASS: fuzz: HandshakeReader handles arbitrary input (394.89ms)
[363/850] PASS: fuzz: processFlight handles arbitrary decrypted bytes (395.21ms)
[364/850] PASS: fuzz: 0-RTT client state machine handles arbitrary inbound records (395.32ms)
[365/850] PASS: processHelloRetryRequest: rejects already-offered key_share group (395.35ms)
[366/850] PASS: processHelloRetryRequest: secp256r1 selected produces ClientHello2 (395.40ms)
[367/850] PASS: processHelloRetryRequest: transcript collapse matches §4.4.1 (395.44ms)
[368/850] PASS: processHelloRetryRequest: removes PSK with incompatible hash (395.58ms)
[369/850] PASS: processHelloRetryRequest: rejects second HRR (395.62ms)
[370/850] PASS: processHelloRetryRequest: rejects unoffered selected_group (395.65ms)
[371/850] PASS: processServerHello: post-HRR rejects mismatched cipher suite (395.69ms)
[372/850] PASS: processServerHello: post-HRR rejects mismatched key_share group (395.73ms)
[373/850] PASS: processServerHello: post-HRR accepts matching ServerHello (395.91ms)
[374/850] PASS: handleRecord: HRR returns ClientHello2 as write event (395.95ms)
[375/850] PASS: processHelloRetryRequest: returns null for normal ServerHello (395.99ms)
[376/850] PASS: processHelloRetryRequest: HRR with cookie echoes cookie in CH2 (396.06ms)
[377/850] PASS: deinit leaves caller-owned buffers to the caller (396.58ms)
[378/850] PASS: secureZero zeroes all secret material (397.77ms)
[379/850] PASS: Array.secureZero clears contents (397.77ms)
[380/850] PASS: lastIndexOfNonZero: last byte non-zero (fast path) (397.78ms)
[381/850] PASS: lastIndexOfNonZero: all zeros (397.78ms)
[382/850] PASS: lastIndexOfNonZero: single non-zero byte at start (397.78ms)
[383/850] PASS: lastIndexOfNonZero: single byte, non-zero (397.78ms)
[384/850] PASS: lastIndexOfNonZero: single byte, zero (397.79ms)
[385/850] PASS: lastIndexOfNonZero: non-zero in scalar tail (397.79ms)
[386/850] PASS: lastIndexOfNonZero: exactly chunk_len bytes, non-zero at start (397.79ms)
[387/850] PASS: lastIndexOfNonZero: exactly chunk_len bytes, all zeros (397.79ms)
[388/850] PASS: lastIndexOfNonZero: large buffer, non-zero in first chunk (397.79ms)
[389/850] PASS: lastIndexOfNonZero: large buffer, non-zero in middle chunk (397.80ms)
[390/850] PASS: lastIndexOfNonZero: large buffer, all zeros (397.80ms)
[391/850] PASS: encrypt: buffer too short (397.80ms)
[392/850] PASS: encrypt: sequence number overflow (397.81ms)
[393/850] PASS: deinit: clears caller-visible traffic key material (397.81ms)
[394/850] PASS: ktlsInfo: AES-GCM salt and IV reconstruct RFC 8446 nonce (397.82ms)
[395/850] PASS: ktlsInfo: cipher type uses Linux UAPI values (397.82ms)
[396/850] PASS: ktlsInfo: exported key material survives RecordLayer deinit (397.83ms)
[397/850] PASS: KtlsInfo.secureZero erases exported traffic material (397.83ms)
[398/850] PASS: encrypt/decrypt: key update required at AEAD usage limit (397.84ms)
[399/850] PASS: encryptPrepared/decrypt: round-trip (397.85ms)
[400/850] PASS: encrypt/decrypt: round-trip (397.85ms)
[401/850] PASS: encrypt/decrypt: sequence numbers advance (397.86ms)
[402/850] PASS: decrypt: failed auth exposes backend failure buffer behavior (397.86ms)
[403/850] PASS: decrypt: replayed record is rejected (397.87ms)
[404/850] PASS: encrypt/decrypt: zero-length application data (397.87ms)
[405/850] PASS: decrypt: rejects all-zero inner plaintext (397.88ms)
[406/850] PASS: encrypt/decrypt: maximum plaintext fragment length (397.96ms)
[407/850] PASS: decrypt: wrong content type (397.96ms)
[408/850] PASS: decrypt: payload shorter than tag (397.97ms)
[409/850] PASS: decrypt: truncated ciphertext record (397.97ms)
[410/850] PASS: decrypt: sequence number overflow (397.97ms)
[411/850] PASS: fuzz: decrypt handles arbitrary input (397.98ms)
[412/850] PASS: PendingWrite: mark and clear (397.98ms)
[413/850] PASS: SliceBuffer: append and retain (397.98ms)
[414/850] PASS: append and slice (397.99ms)
[415/850] PASS: appendAssumeCapacity (397.99ms)
[416/850] PASS: secureZero clears full storage and length (397.99ms)
[417/850] PASS: append returns error on overflow (397.99ms)
[418/850] PASS: clear resets length (398.00ms)
[419/850] PASS: Reader iterates coalesced messages (398.00ms)
[420/850] PASS: parseKeyUpdate (398.00ms)
[421/850] PASS: rejectDuplicateExtensions: rejects more than the extension count cap (398.00ms)
[422/850] PASS: rejectDuplicateExtensions: rejects duplicate unknown type (398.01ms)
[423/850] PASS: rejectDuplicateExtensions: accepts distinct extension types (398.01ms)
[424/850] PASS: ExtensionType.isGrease: detects reserved GREASE extension code points (398.01ms)
[425/850] PASS: rejectDuplicateExtensions: rejects malformed block (398.01ms)
[426/850] PASS: RFC 10024 hybrid groups round-trip (404.41ms)
[427/850] PASS: hybrid decapsulation rejects wrong server share length (404.49ms)
[428/850] PASS: NamedGroup wire identifiers (404.50ms)
[429/850] PASS: RFC 10024 hybrid group sizes (404.50ms)
[430/850] PASS: HkdfSha256.trafficKey: RFC 8448 §3 server handshake (404.50ms)
[431/850] PASS: HkdfSha384: traffic key/iv, finished key, traffic-upd (independent vector) (404.56ms)
[432/850] PASS: HkdfSha256.trafficIv: RFC 8448 §3 server handshake (404.57ms)
[433/850] PASS: HkdfSha256.earlySecret: RFC 8448 §3 (404.57ms)
[434/850] PASS: HkdfSha256: RFC 8448 §3/§4 PSK and resumption secrets (404.59ms)
[435/850] PASS: HkdfSha256.handshakeSecret: RFC 8448 §3 (404.60ms)
[436/850] PASS: HkdfSha256.masterSecret: RFC 8448 §3 (404.60ms)
[437/850] PASS: HkdfSha256.clientHandshakeTrafficSecret: RFC 8448 §3 (404.61ms)
[438/850] PASS: HkdfSha256.finishedKey: RFC 8448 §3 server (404.62ms)
[439/850] PASS: HkdfSha256.nextTrafficSecret: RFC 8446 §7.2 (404.62ms)
[440/850] PASS: HkdfSha256.serverHandshakeTrafficSecret: RFC 8448 §3 (404.63ms)
[441/850] PASS: sharedSecret: RFC 7748 X25519 vector (404.69ms)
[442/850] PASS: KeyPair.generateDeterministic: RFC 7748 public keys (404.73ms)
[443/850] PASS: KeyPair.generateDeterministic emits uncompressed SEC1 public key (404.76ms)
[444/850] PASS: sharedSecret: P-256 deterministic peers agree (404.99ms)
[445/850] PASS: KeyPair.generate: healthy entropy path (405.05ms)
[446/850] PASS: KeyPair.secureZero erases secret and public material (405.08ms)
[447/850] PASS: generateRetry: a LibcryptoFailed attempt is terminal, not retried (405.08ms)
[448/850] PASS: generateRetry: an invalid scalar retries exactly to the bound (405.09ms)
[449/850] PASS: generateRetry: retries a bad draw and succeeds (405.12ms)
[450/850] PASS: KeyPair.generateDeterministic enforces the scalar range [1, n-1] (405.16ms)
[451/850] PASS: sharedSecret: rejects compressed P-256 point (405.21ms)
[452/850] PASS: KeyPair.generateDeterministic emits uncompressed SEC1 public key (406.34ms)
[453/850] PASS: KeyPair.secureZero erases secret and public material (407.47ms)
[454/850] PASS: sharedSecret: P-384 deterministic peers agree (413.24ms)
[455/850] PASS: generateRetry: a LibcryptoFailed attempt is terminal, not retried (413.25ms)
[456/850] PASS: generateRetry: an invalid scalar retries exactly to the bound (413.29ms)
[457/850] PASS: generateRetry: retries a bad draw and succeeds (414.43ms)
[458/850] PASS: KeyPair.generateDeterministic enforces the scalar range [1, n-1] (415.53ms)
[459/850] PASS: sharedSecret: rejects compressed P-384 point (417.82ms)
[460/850] PASS: active backend matches the selected libcrypto headers (417.83ms)
[461/850] PASS: capabilities are non-empty for the active backend (417.83ms)
[462/850] PASS: x25519 handle shape matches active backend (417.83ms)
[463/850] PASS: client group capabilities match implemented client key-share plumbing (417.84ms)
[464/850] PASS: aead context shape matches active backend (417.84ms)
[465/850] SKIP: aws-lc aead deinit clears inline context (417.84ms)
[466/850] PASS: capability helpers recognize advertised algorithms (417.84ms)
[467/850] PASS: fips: chacha20_poly1305_sha256 excluded from FIPS cipher_suites (417.85ms)
[468/850] PASS: fips: rsa_pkcs1_sha* excluded from FIPS certificate_signature_schemes (417.85ms)
[469/850] PASS: fips: ed25519 excluded from FIPS certificate_signature_schemes (417.85ms)
[470/850] PASS: fips: ML-KEM disabled in FIPS capability table (417.85ms)
[471/850] PASS: fips: FIPS capabilities are a subset of non-FIPS capabilities (417.86ms)
[472/850] PASS: fips: active capabilities follow FIPS identity (417.86ms)
[473/850] PASS: OpenSSL AEAD initialization rejects wrong key length (417.86ms)
[474/850] PASS: Parsed.verifyHostName rejects universal tag 2 as dNSName (417.86ms)
[475/850] PASS: Parsed.verifyHostName requires dNSName SAN (417.87ms)
[476/850] PASS: Parsed.checkHostName rejects public suffix wildcard (417.87ms)
[477/850] PASS: Parsed.checkHostName RFC 6125 compliance (417.88ms)
[478/850] PASS: Parsed.allowsKeyUsage reads digitalSignature (417.88ms)
[479/850] PASS: Parsed.allowsKeyUsage rejects malformed empty bit payload (417.88ms)
[480/850] PASS: Parsed.allowsExtKeyUsage finds serverAuth (417.88ms)
[481/850] PASS: Parsed.allowsExtKeyUsage rejects non-SEQUENCE wrapper (417.89ms)
[482/850] PASS: Parsed.nameConstraints extracts extension value (417.89ms)
[483/850] PASS: Parsed.nameConstraints absent returns empty (417.89ms)
[484/850] PASS: Parsed.verifyNameConstraints: DNS permitted subtree (417.90ms)
[485/850] PASS: Parsed.verifyNameConstraints: DNS permitted subtree mismatch (417.90ms)
[486/850] PASS: Parsed.verifyNameConstraints: DNS excluded subtree (417.90ms)
[487/850] PASS: Parsed.verifyNameConstraints: mixed DNS SAN violation is rejected (417.90ms)
[488/850] PASS: Parsed.verifyNameConstraints: DNS common name fallback (417.91ms)
[489/850] PASS: Parsed.verifyNameConstraints: IP permitted subnet (417.91ms)
[490/850] PASS: Parsed.verifyNameConstraints: permitted subtrees are type-specific (417.91ms)
[491/850] PASS: Parsed.verifyNameConstraints: email permitted subtree (417.92ms)
[492/850] PASS: Parsed.verifyNameConstraints: email mailbox local part is case-sensitive (417.92ms)
[493/850] PASS: Parsed.verifyNameConstraints: URI excluded subtree (417.92ms)
[494/850] PASS: Parsed.verifyNameConstraints: URI strips userinfo before host matching (417.93ms)
[495/850] PASS: Parsed.verifyNameConstraints: explicit minimum zero is accepted (417.93ms)
[496/850] PASS: Parsed.verifyNameConstraints: critical unsupported subtree is rejected (417.93ms)
[497/850] PASS: Parsed.verifyNameConstraints: non-critical unsupported subtree is ignored (417.94ms)
[498/850] PASS: parseBasicConstraints rejects pathLenConstraint without cA (417.94ms)
[499/850] PASS: parse rejects unknown critical extension (417.95ms)
[500/850] PASS: parse rejects duplicate recognized extensions (417.95ms)
[501/850] PASS: parse accepts old and new authority key identifier OIDs (417.95ms)
[502/850] PASS: parseBitString rejects empty bit string content (417.96ms)
[503/850] PASS: parseTime maps UTCTime centuries and expires 1999 certificates (417.96ms)
[504/850] PASS: parseTime enforces GeneralizedTime certificate grammar (417.96ms)
[505/850] PASS: parseTime rejects impossible dates and accepts leap day (417.97ms)
[506/850] PASS: certificate_parser.decltest.parseTimeDigits (417.97ms)
[507/850] PASS: certificate_parser.decltest.parseYear4 (417.98ms)
[508/850] PASS: certificate_parser.test_0 (417.98ms)
[509/850] PASS: PrivateKey.sign: RSA-PSS SHA-256 uses TLS parameters (418.89ms)
[510/850] PASS: PrivateKey.sign: short RSA-PSS output buffer is rejected (418.92ms)
[511/850] PASS: PrivateKey.sign: key and scheme mismatch is a libcrypto failure (418.96ms)
[512/850] PASS: PrivateKey.sign: deterministic ECDSA matches the RFC 6979 vector (419.11ms)
[513/850] PASS: PrivateKey.sign: deterministic ECDSA P-384 matches the RFC 6979 A.2.6 vector (421.47ms)
[514/850] PASS: PrivateKey.sign: deterministic nonce with RSA-PSS is rejected (421.51ms)
[515/850] PASS: PrivateKey.fromPemAuto: RSA PKCS#8 and PKCS#1 both infer rsa_pss_rsae_sha256 (422.41ms)
[516/850] PASS: PrivateKey.fromPemAuto: P-256 infers ecdsa_secp256r1_sha256 and signs (422.47ms)
[517/850] PASS: PrivateKey.fromPemAuto: P-384 infers ecdsa_secp384r1_sha384 and signs (423.11ms)
[518/850] PASS: PrivateKey.fromPemAuto: P-521 is rejected at load by the capability gate (423.21ms)
[519/850] PASS: PrivateKey.fromPemAuto: Ed25519 is rejected at load by the capability gate (423.28ms)
[520/850] PASS: PrivateKey.fromPemAuto: secp224r1 has no CertificateVerify scheme (423.33ms)
[521/850] PASS: PrivateKey.fromPemAuto: garbage PEM fails at load (423.34ms)
[522/850] PASS: PrivateKey.fromPem: encrypted PEM fails at load (423.41ms)
[523/850] PASS: PrivateKey.fromPemAuto: encrypted PEM fails at load (423.46ms)
[524/850] PASS: PrivateKey.pairsWith: P-256 scalar key pairs with its leaf certificate (423.65ms)
[525/850] PASS: PrivateKey.pairsWith: auto-inferred RSA and P-256 keys pair with their leaves (423.75ms)
[526/850] PASS: PrivateKey.pairsWith: same-algorithm mismatch is a named error (423.81ms)
[527/850] PASS: PrivateKey.pairsWith: cross-algorithm mismatch is a named error (423.84ms)
[528/850] PASS: PrivateKey.pairsWith: garbage leaf DER is not a certificate (423.87ms)
[529/850] PASS: PrivateKey.pairsWith: trailing bytes make leaf DER invalid (423.91ms)
[530/850] PASS: ML-KEM-768 encapsulate/decapsulate round-trip (423.99ms)
[531/850] PASS: ML-KEM-1024 encapsulate/decapsulate round-trip (424.10ms)
[532/850] PASS: ML-KEM encapsulation-key modulus boundary (424.12ms)
[533/850] PASS: ML-KEM rejects non-canonical encapsulation keys (424.13ms)
[534/850] PASS: ML-KEM rejects a wrong-length ciphertext (424.15ms)
[535/850] PASS: classify: bounded PSK identity admission is a buffer-class limit (424.15ms)
[536/850] PASS: classify: certificate failures never fall into a generic bucket (424.16ms)
[537/850] PASS: classify: authentication failures are their own class (424.16ms)
[538/850] PASS: classify: remaining buckets (424.16ms)
[539/850] PASS: parseHeader: valid plaintext record (424.16ms)
[540/850] PASS: parseHeader: application_data record (TLSCiphertext) (424.17ms)
[541/850] PASS: parseHeader: ignores legacy_record_version (424.18ms)
[542/850] PASS: parseHeader: buffer too short (424.19ms)
[543/850] PASS: parseHeader: exactly 5 bytes (header only, no fragment) (424.19ms)
[544/850] PASS: parseHeader: max valid length (424.19ms)
[545/850] PASS: parseHeader: length exceeds max (424.19ms)
[546/850] PASS: Header.init round-trips with parseHeader (424.19ms)
[547/850] PASS: Header.write: emits TLS 1.2 legacy_record_version (424.20ms)
[548/850] PASS: fuzz: parseHeader handles arbitrary input (424.20ms)
[549/850] PASS: kernel cipher_type values match KtlsCipherType (424.20ms)
[550/850] PASS: kernel socket option constants (424.20ms)
[551/850] PASS: packed kTLS info secureZero methods erase every byte (424.21ms)
[552/850] PASS: packAesGcm128 splits the 12-byte IV and copies key/seq (424.21ms)
[553/850] PASS: packAesGcm128 rejects a non-AES-GCM-128 info (424.21ms)
[554/850] PASS: packChaCha20Poly1305 uses the full 12-byte IV (424.22ms)
[555/850] PASS: packAesGcm256 copies the 32-byte key and splits the IV (424.22ms)
[556/850] PASS: install errno decode maps onto InstallError (424.22ms)
[557/850] PASS: a record-type cmsg occupies the kernel's CMSG_LEN and CMSG_SPACE (424.23ms)
[558/850] PASS: ControlBuffer.init writes one cmsg and zeroes the padding (424.23ms)
[559/850] PASS: parseRecordType rejects control data off the kTLS contract (424.23ms)
[560/850] PASS: ulpInstall attaches once, and only to an established TCP socket (424.33ms)
[561/850] PASS: txInstall and rxInstall accept a synthetic TLS 1.3 AES-128-GCM key (424.38ms)
[562/850] PASS: installs without the ULP are typed Unavailable errors, not panics (424.41ms)
[563/850] PASS: a crypto_info the kernel cannot use is a typed EINVAL failure (424.44ms)
[564/850] PASS: record-type cmsg round-trips through a live kTLS pair (424.49ms)
[565/850] PASS: Outbox: fresh outbox is not write-blocked (424.49ms)
[566/850] PASS: Outbox: send drains fully and completes write once (424.50ms)
[567/850] PASS: Outbox: partial send stays blocked and does not complete write (424.50ms)
[568/850] PASS: Outbox: zero-byte progress stays blocked (424.50ms)
[569/850] PASS: Outbox: idle flush is drained without completing write (424.50ms)
[570/850] PASS: Outbox: partial drain resumes across flush calls (424.51ms)
[571/850] PASS: Outbox: queue while blocked returns PendingWrite (424.51ms)
[572/850] PASS: Outbox: writer error leaves pending tail and does not complete write (424.51ms)
[573/850] PASS: Outbox: writer over-reporting bytes returns WriteOverflow (424.51ms)
[574/850] PASS: Outbox: sequential records complete once each (424.52ms)
[575/850] PASS: next: two records coalesced in one fill (424.52ms)
[576/850] PASS: next: record split across two fills (424.52ms)
[577/850] PASS: next: truncated records return null (424.53ms)
[578/850] PASS: next: in-place mutation of a returned record survives across next() (424.53ms)
[579/850] PASS: next: oversized length is rejected (424.53ms)
[580/850] PASS: isEmpty distinguishes drained, partial, and complete records (424.53ms)
[581/850] PASS: parse: rejects oversized legacy_session_id_echo without overflow (424.54ms)
[582/850] PASS: encode: round trips through parse (424.54ms)
[583/850] PASS: parse: accepts secp256r1 key_share (424.55ms)
[584/850] PASS: parse: rejects compressed secp256r1 key_share (424.55ms)
[585/850] PASS: parse: accepts secp384r1 key_share (424.55ms)
[586/850] PASS: parse: rejects compressed secp384r1 key_share (424.56ms)
[587/850] PASS: encode: echoes session id (424.56ms)
[588/850] PASS: parse: RFC 8448 §3 ServerHello (424.56ms)
[589/850] PASS: parse: wrong handshake type (424.57ms)
[590/850] PASS: parse: truncated message (424.57ms)
[591/850] PASS: parse: rejects HelloRetryRequest (424.57ms)
[592/850] PASS: parse: missing extensions / no supported_versions yields UnsupportedTlsVersion (424.57ms)
[593/850] PASS: parse: rejects mismatched handshake length (424.57ms)
[594/850] PASS: parse: rejects unknown cipher suite (424.58ms)
[595/850] PASS: parse: rejects oversized extensions block (424.58ms)
[596/850] PASS: parse: rejects duplicate supported_versions (424.58ms)
[597/850] PASS: parse: rejects duplicate key_share (424.58ms)
[598/850] PASS: parse: rejects unknown unsolicited extension (424.59ms)
[599/850] PASS: parse: rejects GREASE ServerHello extension (424.59ms)
[600/850] PASS: parse: rejects forbidden signature_algorithms extension (424.59ms)
[601/850] PASS: parse: rejects forbidden heartbeat extension (424.60ms)
[602/850] PASS: parse: rejects record_size_limit in ServerHello (424.60ms)
[603/850] PASS: parse: rejects key_share for unsupported group (424.60ms)
[604/850] PASS: parse: unsupported TLS version in supported_versions is illegal_parameter (424.61ms)
[605/850] PASS: parse: rejects TLS 1.2 downgrade sentinel (424.61ms)
[606/850] PASS: parse: rejects TLS 1.1 downgrade sentinel (424.61ms)
[607/850] PASS: parse: rejects downgrade sentinel when supported_versions selects TLS 1.3 (424.61ms)
[608/850] PASS: parse: accepts non-0x0303 legacy_version when supported_versions selects TLS 1.3 (424.62ms)
[609/850] PASS: parse: no supported_versions + downgrade sentinel yields IllegalParameter (424.62ms)
[610/850] PASS: parse: rejects ServerHello without supported_versions as legacy (424.63ms)
[611/850] PASS: parse: rejects SSLv3-or-lower legacy version (424.63ms)
[612/850] PASS: parse: rejects mismatched session id echo (424.63ms)
[613/850] PASS: parse: rejects non-zero compression method (424.63ms)
[614/850] PASS: fuzz: parse handles arbitrary input (424.64ms)
[615/850] PASS: encodeHelloRetryRequest: parse round-trip (424.64ms)
[616/850] PASS: parseHelloRetryRequest: rejects mismatched session id echo (424.64ms)
[617/850] PASS: parseHelloRetryRequest: RFC 8448 §5 (424.65ms)
[618/850] PASS: parseHelloRetryRequest: no cookie (424.65ms)
[619/850] PASS: parseHelloRetryRequest: rejects non-HRR Random (424.65ms)
[620/850] PASS: parseHelloRetryRequest: rejects wrong type (424.66ms)
[621/850] PASS: parseHelloRetryRequest: rejects TLS 1.2 in supported_versions (424.66ms)
[622/850] PASS: parseHelloRetryRequest: ignores non-0x0303 legacy_version (424.66ms)
[623/850] PASS: parseHelloRetryRequest: rejects SSLv3-or-lower legacy version (424.66ms)
[624/850] PASS: parseHelloRetryRequest: rejects non-zero compression method (424.67ms)
[625/850] PASS: parseHelloRetryRequest: rejects unknown cipher suite (424.67ms)
[626/850] PASS: parseHelloRetryRequest: rejects trailing bytes after extensions (424.67ms)
[627/850] PASS: parseHelloRetryRequest: rejects cookie extension trailing bytes (424.68ms)
[628/850] PASS: parseHelloRetryRequest: rejects missing supported_versions (424.68ms)
[629/850] PASS: parseHelloRetryRequest: rejects unknown unsolicited extension (424.68ms)
[630/850] PASS: parseHelloRetryRequest: rejects record_size_limit (424.68ms)
[631/850] PASS: KEM key_share round-trip: ServerHello encode → parse preserves 1120-byte ciphertext (424.70ms)
[632/850] PASS: fuzz: parseHelloRetryRequest handles arbitrary input (424.71ms)
[633/850] PASS: Config.validate reports invalid lists and missing P-384 material (424.77ms)
[634/850] PASS: sendAlert: plaintext fatal alert before ClientHello (424.82ms)
[635/850] PASS: sendAlert: encrypted close_notify after handshake (425.05ms)
[636/850] PASS: handleRecord: rejects ChangeCipherSpec before ClientHello (425.10ms)
[637/850] PASS: handleRecord: drops valid ChangeCipherSpec while waiting for client Finished (425.25ms)
[638/850] PASS: handleRecord: rejects malformed ChangeCipherSpec payload (425.40ms)
[639/850] PASS: handleRecord: ClientHello returns ServerHello write and enforces pending write (425.55ms)
[640/850] PASS: handleRecord: zero-length plaintext handshake is rejected (425.60ms)
[641/850] PASS: handleRecord: rejects application_data before connected (425.65ms)
[642/850] PASS: acceptClientHello: emits ServerHello and installs handshake keys (425.90ms)
[643/850] PASS: acceptClientHello: negotiates secp256r1 key share (426.12ms)
[644/850] PASS: acceptClientHello: negotiates secp384r1 key share (432.02ms)
[645/850] PASS: acceptClientHello: emits HelloRetryRequest for missing secp256r1 key share (432.14ms)
[646/850] PASS: acceptClientHello: rejects ClientHello2 with changed SNI or ALPN after HRR (432.31ms)
[647/850] PASS: acceptClientHello: rejects early_data in ClientHello2 after HRR (432.40ms)
[648/850] PASS: acceptClientHello: rejects replaced PSK identity in ClientHello2 despite valid binder (432.50ms)
[649/850] PASS: acceptClientHello: rejects added, reordered, or dropped PSK identities in CH2 (432.75ms)
[650/850] PASS: acceptClientHello: accepts permitted ClientHello2 PSK updates after HRR (433.26ms)
[651/850] PASS: acceptClientHello: bounded PSK identity admission before HelloRetryRequest (433.48ms)
[652/850] PASS: acceptClientHello: rejects removal of an unknown identity whose binder claims the HRR hash (433.57ms)
[653/850] PASS: acceptClientHello: HRR path rejects a slack-byte identities vector in CH1 (433.65ms)
[654/850] PASS: acceptClientHello: HRR path rejects a slack-byte identities vector in CH2 (433.74ms)
[655/850] PASS: acceptClientHello: PSK selection rejects a slack-byte identities vector (433.81ms)
[656/850] PASS: acceptClientHello: rejects ClientHello2 that ignores HRR selected group (433.92ms)
[657/850] PASS: acceptClientHello: rejects ClientHello2 with extra key share (434.03ms)
[658/850] PASS: acceptClientHello: HRR sends at most one compatibility ChangeCipherSpec (434.18ms)
[659/850] PASS: acceptClientHello: emits compatibility ChangeCipherSpec for non-empty legacy_session_id (434.33ms)
[660/850] PASS: sendAnonymousFlightForTest: client decrypts EncryptedExtensions and Finished (434.61ms)
[661/850] PASS: sendPreparedServerFlight: credentials and pending write are enforced (434.96ms)
[662/850] PASS: sendPreparedServerFlight: encryption failure preserves handshake write epoch (435.28ms)
[663/850] PASS: sendAuthenticatedFlight: client decrypts authenticated server flight (435.61ms)
[664/850] PASS: sendAuthenticatedFlight: optional client auth sends CertificateRequest (435.93ms)
[665/850] PASS: NewSessionTicket emission derives matching client and server PSKs (436.43ms)
[666/850] PASS: NewSessionTicket emission rejects stale prepared PSK objects (436.88ms)
[667/850] PASS: server-issued NewSessionTicket resumes and can be renewed (437.70ms)
[668/850] PASS: NewSessionTicket emission owns unique bounded nonces (438.24ms)
[669/850] PASS: NewSessionTicket emission enforces write and kTLS ordering (438.68ms)
[670/850] PASS: NewSessionTicket emission preserves state on encoding failure (439.13ms)
[671/850] PASS: discardTicketPsk burns nonce and erases key material (439.57ms)
[672/850] PASS: processClientFinished: optional client auth accepts empty Certificate (440.02ms)
[673/850] PASS: processClientFinished: required client auth rejects empty Certificate (440.49ms)
[674/850] PASS: processClientFinished: required client auth verifies real client Certificate + CV (441.08ms)
[675/850] PASS: processClientFinished: bad client Finished does not retain identity (441.64ms)
[676/850] PASS: processClientFinished: client identity requires caller-owned storage (442.20ms)
[677/850] PASS: processClientFinished: required client auth rejects forged CertificateVerify (442.76ms)
[678/850] PASS: sendAuthenticatedFlight: client processes CertificateVerify and Finished (443.17ms)
[679/850] PASS: processClientFinished: verifies Finished and installs app keys (443.34ms)
[680/850] PASS: processClientFinished: rejects bad verify_data (443.51ms)
[681/850] PASS: processClientFinished: rejects EndOfEarlyData when 0-RTT was not accepted (443.67ms)
[682/850] PASS: handleRecord: rejects second plaintext ClientHello before Finished (443.83ms)
[683/850] PASS: handleRecord: rejects protected ClientHello after connected (444.02ms)
[684/850] PASS: handleRecord: rejects client KeyUpdate before Finished (444.21ms)
[685/850] PASS: receiveRecord: RX progresses while a server TX record is pending (444.40ms)
[686/850] PASS: receiveKtlsRecord: server processes kernel-decrypted records (444.59ms)
[687/850] PASS: ratchetKtlsTx: server advances only an idle TX epoch (444.78ms)
[688/850] PASS: handleRecord: client KeyUpdate(update_requested) ratchets rx and responds (444.97ms)
[689/850] PASS: handleRecord: client KeyUpdate(update_not_requested) ratchets rx only (445.16ms)
[690/850] PASS: sendKeyUpdate: server-initiated KeyUpdate encrypts under old key then ratchets tx (445.35ms)
[691/850] PASS: handleRecord: self-initiated sendKeyUpdate response surfaces rx only (445.54ms)
[692/850] PASS: handleRecord: KeyUpdate not at record boundary is rejected (445.72ms)
[693/850] PASS: handleRecord: invalid client KeyUpdate request is rejected (445.89ms)
[694/850] PASS: handleRecord: zero-length encrypted handshake is rejected (446.07ms)
[695/850] PASS: handleRecord: all-zero inner plaintext maps to unexpected_message (446.26ms)
[696/850] PASS: handleRecord: illegal post-handshake inner content type is rejected (446.44ms)
[697/850] PASS: handleRecord: empty application data does not reset post-handshake flood counter (446.62ms)
[698/850] PASS: handleRecord: KeyUpdate flood is rejected (447.00ms)
[699/850] PASS: handleRecord: KeyUpdate flood cap fires despite empty app-data interleaving (447.32ms)
[700/850] PASS: EstablishedSession: struct stays compact against the handshake engine (447.33ms)
[701/850] PASS: extractEstablished: connected events match the handshake engine (447.73ms)
[702/850] PASS: extractEstablished: engine is consumed and immediate deinit is safe (447.91ms)
[703/850] PASS: extractEstablished: moved-from rx/tx are wiped, the session's copies stay live (448.10ms)
[704/850] PASS: extractEstablished: deferred KeyUpdate obligation blocks application writes (448.31ms)
[705/850] PASS: extractEstablished: KeyUpdate flood cap survives extraction and resets on app data (448.62ms)
[706/850] PASS: extractEstablished: KeyUpdate fragment carries across extraction (448.80ms)
[707/850] PASS: extractEstablished: KeyUpdate record-boundary and fragment rules hold (448.99ms)
[708/850] PASS: extractEstablished: close_notify and fatal alerts keep server semantics (449.17ms)
[709/850] PASS: extractEstablished: sendAlert latches and ratchetTx advances the TX epoch (449.35ms)
[710/850] PASS: extractEstablished: SHA-384 suite ratchets and exchanges app data (449.90ms)
[711/850] PASS: extractEstablished: NewSessionTicket is issued before extraction (450.36ms)
[712/850] PASS: key update: simultaneous update_requested remains connected (450.86ms)
[713/850] PASS: fuzz: ServerHandshake.handleRecord rejects arbitrary input (450.91ms)
[714/850] PASS: fuzz: connected ServerHandshake.handleRecord rejects arbitrary input (451.82ms)
[715/850] PASS: application data: server sends and receives (452.00ms)
[716/850] PASS: in-memory authenticated client-server handshake reaches app data (452.50ms)
[717/850] PASS: in-memory authenticated client-server handshake suite matrix (454.36ms)
[718/850] PASS: in-memory KeyUpdate round trip across all cipher suites (456.45ms)
[719/850] PASS: selectPsk: verifies the binder for a matching PSK identity (456.54ms)
[720/850] PASS: selectPsk: returns null when the PSK binder does not verify (456.62ms)
[721/850] PASS: selectPsk: oversized binders_len does not overflow (456.69ms)
[722/850] PASS: PSK offer without psk_key_exchange_modes aborts (456.81ms)
[723/850] PASS: PSK offer with only psk_ke disables resumption and ticket issuance (457.01ms)
[724/850] PASS: client authentication policy declines PSK resumption (457.61ms)
[725/850] PASS: PSK selection skips cipher suites with an incompatible hash (458.17ms)
[726/850] PASS: in-memory PSK resumption reaches app data (458.53ms)
[727/850] PASS: in-memory RFC 10024 PSK resumption matrix reaches app data (465.75ms)
[728/850] PASS: in-memory RFC 10024 PSK resumption survives HRR (472.95ms)
[729/850] PASS: in-memory RFC 10024 SHA-384 PSK resumption survives HRR (482.76ms)
[730/850] PASS: PSK fast-path rejects bare Finished when server did NOT select PSK (483.03ms)
[731/850] PASS: in-memory 0-RTT early data is decrypted by the server (483.41ms)
[732/850] PASS: 0-RTT: accepted early data distinguishes authentication and handshake errors (484.12ms)
[733/850] PASS: 0-RTT: server rejects early data exceeding max_early_data_size (484.36ms)
[734/850] PASS: 0-RTT: max u32 early-data limit rejects bytes beyond remaining budget (484.42ms)
[735/850] PASS: 0-RTT: no PSK selected means early data is skipped and 1-RTT completes (484.89ms)
[736/850] PASS: 0-RTT: declined early records in flight are skipped and 1-RTT completes (485.25ms)
[737/850] PASS: 0-RTT: required client auth declines PSK, skips early data, completes 1-RTT (485.85ms)
[738/850] PASS: 0-RTT: decline skip budget exhaustion aborts the handshake (486.06ms)
[739/850] PASS: 0-RTT: corrupted record after the skip window aborts (486.34ms)
[740/850] PASS: 0-RTT: HRR decline skips in-flight early data and the retry handshake completes (486.82ms)
[741/850] PASS: 0-RTT: default decline-skip budget covers a full max-size early record (487.29ms)
[742/850] PASS: 0-RTT: HRR decline skip budget exhaustion aborts the handshake (487.42ms)
[743/850] PASS: 0-RTT: HRR decline skip rejects malformed application_data records (487.55ms)
[744/850] PASS: 0-RTT: HRR skip window closes at ClientHello2 (487.85ms)
[745/850] PASS: 0-RTT: server declines, client sends no EndOfEarlyData (488.24ms)
[746/850] PASS: 0-RTT: client rejects server-sent EndOfEarlyData (488.30ms)
[747/850] PASS: 0-RTT: processClientFinished rejects Finished before EndOfEarlyData (488.56ms)
[748/850] PASS: preferredHybridShare follows server preference (488.61ms)
[749/850] PASS: in-memory RFC 10024 hybrid group matrix reaches app data (496.03ms)
[750/850] PASS: RFC 10024 hybrid group matrix negotiates through HRR (502.83ms)
[751/850] PASS: hybrid share requires explicit server policy (503.04ms)
[752/850] PASS: in-memory HRR round trip reaches app data (503.49ms)
[753/850] PASS: acceptClientHello: server suite preference (503.64ms)
[754/850] PASS: acceptClientHello: exposes SNI via clientServerName (503.79ms)
[755/850] PASS: acceptClientHello: clientServerName is null when SNI absent (503.94ms)
[756/850] PASS: acceptClientHello: rejects unsupported suite (504.02ms)
[757/850] PASS: acceptClientHello: ignores unknown cipher suites in mixed list (504.32ms)
[758/850] PASS: acceptClientHello: rejects ClientHello with no shared group (504.40ms)
[759/850] PASS: handleRecord: reassembles ClientHello split across records (504.55ms)
[760/850] PASS: handleRecord: reassembles ClientHello with header and body in separate records (504.69ms)
[761/850] PASS: handleRecord: rejects CCS while ClientHello fragment pending (504.77ms)
[762/850] PASS: handleRecord: processes alert while ClientHello fragment pending (504.84ms)
[763/850] PASS: handleRecord: plaintext fatal alert in wait_ch records detail (504.93ms)
[764/850] PASS: handleRecord: unknown alert codes are preserved (504.98ms)
[765/850] PASS: handleRecord: lastPeerAlert replaced by later alert, preserved by close/malformed (505.03ms)
[766/850] PASS: handleRecord: rejects fragmented ClientHello without reassembly buffer (505.10ms)
[767/850] PASS: handleRecord: state reset after invalid fragmented ClientHello (505.25ms)
[768/850] PASS: handleRecord: rejects trailing bytes after fragmented ClientHello (505.40ms)
[769/850] PASS: handleRecord: reassembles ClientHello2 split across records after HRR (505.55ms)
[770/850] PASS: handleRecord: reassembles fragmented client Finished across encrypted records (505.73ms)
[771/850] PASS: handleRecord: rejects interleaved alert during Finished fragment reassembly (505.89ms)
[772/850] PASS: handleRecord: rejects plaintext alert during Finished fragment reassembly (506.06ms)
[773/850] PASS: handleRecord: encrypted fatal alert while waiting for Finished records detail (506.22ms)
[774/850] PASS: handleRecord: rejects plaintext alert while waiting for Finished (506.38ms)
[775/850] PASS: handleRecord: rejects zero-length encrypted handshake while waiting for Finished (506.54ms)
[776/850] PASS: handleRecord: reassembles ClientHello when handshake header is split after 1 byte (506.69ms)
[777/850] PASS: handleRecord: server reassembles 1-byte fragmented KeyUpdate(update_requested) (506.89ms)
[778/850] PASS: handleRecord: fragmented KeyUpdate(update_not_requested) works (507.10ms)
[779/850] PASS: handleRecord: non-KeyUpdate fragment starts are rejected (507.28ms)
[780/850] PASS: handleRecord: KeyUpdate with trailing record bytes is rejected before ratchet (507.46ms)
[781/850] PASS: handleRecord: app-data interleaving during KeyUpdate reassembly is rejected (507.64ms)
[782/850] PASS: receiveApplicationData: app-data interleaving during KeyUpdate reassembly is rejected (507.82ms)
[783/850] PASS: handleRecord: alert interleaving during KeyUpdate reassembly is rejected (507.99ms)
[784/850] PASS: handleRecord: connected close_notify is clean, fatal alert records detail (508.20ms)
[785/850] PASS: handleRecord: zero-length handshake during KeyUpdate reassembly is rejected (508.39ms)
[786/850] PASS: handleRecord: ClientHello body_len 0xFFFFFF rejected without overflow (fast path) (508.44ms)
[787/850] PASS: handleRecord: split-header reassembly body_len 0xFFFFFF rejected without overflow (508.49ms)
[788/850] PASS: deinit leaves caller-owned buffers to the caller (508.65ms)
[789/850] PASS: Writer.append: u8 (508.65ms)
[790/850] PASS: Writer.append: u16 big-endian (508.66ms)
[791/850] PASS: Writer.append: u24 big-endian (508.66ms)
[792/850] PASS: Writer.appendSlice (508.67ms)
[793/850] PASS: Writer.append: enum (508.67ms)
[794/850] PASS: Reader.read: u8 (508.67ms)
[795/850] PASS: Reader.read: u16 big-endian (508.67ms)
[796/850] PASS: Reader.read: enum (508.67ms)
[797/850] PASS: Reader.readSlice: zero-copy (508.68ms)
[798/850] PASS: Reader.read: UnexpectedEof (508.68ms)
[799/850] PASS: Reader assume methods skip bounds checks after caller validation (508.68ms)
[800/850] PASS: Writer.reserve: write directly into buffer (508.68ms)
[801/850] PASS: Writer: sequential appends (508.69ms)
[802/850] PASS: encode and parse NewSessionTicket round trip (508.69ms)
[803/850] PASS: encode validates NewSessionTicket bounds before writing (508.69ms)
[804/850] PASS: parse: valid NewSessionTicket (508.70ms)
[805/850] PASS: parse: captures early_data max_early_data_size (508.70ms)
[806/850] PASS: parse: skips unknown ticket extension (508.70ms)
[807/850] PASS: parse: skips GREASE ticket extension (508.70ms)
[808/850] PASS: parse: rejects duplicate early_data extension (508.71ms)
[809/850] PASS: parse: rejects malformed early_data length (508.71ms)
[810/850] PASS: parse: wrong handshake type (508.71ms)
[811/850] PASS: parse: rejects length mismatch (508.71ms)
[812/850] PASS: parse: rejects empty ticket (508.72ms)
[813/850] PASS: parse: rejects malformed extensions length (508.72ms)
[814/850] PASS: fuzz: parse handles arbitrary input (508.72ms)
[815/850] PASS: encode: empty EncryptedExtensions (508.72ms)
[816/850] PASS: encode: ALPN EncryptedExtensions (508.73ms)
[817/850] PASS: encode: early_data accepted in EncryptedExtensions (508.73ms)
[818/850] PASS: encode: early_data omitted when not accepted (508.73ms)
[819/850] PASS: parse: valid EncryptedExtensions (508.73ms)
[820/850] PASS: parse: ALPN selection (508.74ms)
[821/850] PASS: parse: rejects unsolicited ALPN (508.74ms)
[822/850] PASS: parse: rejects unoffered ALPN (508.74ms)
[823/850] PASS: parse: rejects duplicate ALPN extension (508.74ms)
[824/850] PASS: parse: rejects multiple ALPN protocols (508.74ms)
[825/850] PASS: parse: rejects forbidden supported_versions extension (508.75ms)
[826/850] PASS: parse: rejects forbidden key_share extension (508.75ms)
[827/850] PASS: parse: rejects forbidden heartbeat extension (508.75ms)
[828/850] PASS: parse: rejects GREASE EncryptedExtensions extension (508.75ms)
[829/850] PASS: parse: rejects unknown unsolicited extension (508.76ms)
[830/850] PASS: parse: accepts server_name acknowledgment when SNI offered (508.76ms)
[831/850] PASS: parse: rejects server_name when SNI not offered (508.76ms)
[832/850] PASS: parse: rejects server_name acknowledgment with non-empty extension_data (508.76ms)
[833/850] PASS: parse: rejects unoffered record_size_limit in EncryptedExtensions (508.77ms)
[834/850] PASS: parse: accepts offered record_size_limit in EncryptedExtensions (508.77ms)
[835/850] PASS: parse: rejects malformed record_size_limit in EncryptedExtensions (508.77ms)
[836/850] PASS: parse: ignores supported_groups extension (508.77ms)
[837/850] PASS: parse: wrong handshake type (508.78ms)
[838/850] PASS: parse: truncated (508.78ms)
[839/850] PASS: encode round-trips via parse (508.78ms)
[840/850] PASS: parse rejects wrong handshake type (508.78ms)
[841/850] PASS: parse rejects missing signature_algorithms (508.79ms)
[842/850] PASS: parse rejects duplicate signature_algorithms (508.79ms)
[843/850] PASS: encodedLen is accurate (508.79ms)
[844/850] PASS: verify: wrong verify_data (508.80ms)
[845/850] PASS: verify: wrong handshake type (508.80ms)
[846/850] PASS: encode then verify round-trip (508.80ms)
[847/850] PASS: messageHashSynthetic: SHA-256 header (508.81ms)
[848/850] PASS: messageHashSynthetic: SHA-384 header (508.81ms)
[849/850] PASS: messageHashSynthetic: RFC 8448 §5 ClientHello1 SHA-256 (508.81ms)
[850/850] PASS: fill writes caller buffer (508.82ms)

ztest: 849 passed, 0 failed, 1 skipped (of 850 total) in 1509ms
ALL TESTS PASSED
errq-alloc-check: early client abort
errq-alloc-check: FAILED: AllocationGrowth
test
+- run exe errq-alloc-check failure
error: the following command exited with error code 1:
/tmp/ztls-signoff-20260919/cache/o/e528474329e90638c598816a580615df/errq-alloc-check

Build Summary: 6/8 steps succeeded; 1 failed
test transitive failure
+- run exe errq-alloc-check failure

error: the following build command failed with exit code 1:
/tmp/ztls-signoff-20260919/cache/o/e5b61deb4147ae677834b244a8a33d83/build /nix/store/4x0z07w3mxafc59b5dirkmllvqhav1i6-zig-0.15.2/bin/zig /nix/store/4x0z07w3mxafc59b5dirkmllvqhav1i6-zig-0.15.2/lib/zig /Users/matt/code/ztls /tmp/ztls-signoff-20260919/cache /tmp/ztls-plc-cache/global --seed 0x52df5789 -Zf0eb1020d7214de7 test
