encrypted-pem-check: ok (pipe, terminal)
errq-alloc-check: early client abort
errq-alloc-check: early server abort
errq-alloc-check: ok (allocs 113313, frees 107383, live 5930)
ztest: Running 850 tests...
[1/850] PASS: test_0 (353.71ms)
[2/850] PASS: Wycheproof: X25519 shared secret tcId 1 (354.50ms)
[3/850] PASS: Wycheproof boundary: X25519 identity element is rejected (354.55ms)
[4/850] PASS: Wycheproof boundary: X25519 small-order public key is rejected (354.61ms)
[5/850] PASS: Wycheproof: AES-128-GCM AAD/tag handling tcId 2 (354.83ms)
[6/850] PASS: Wycheproof boundary: AES-256-GCM AAD/tag handling (354.84ms)
[7/850] PASS: Wycheproof: ChaCha20-Poly1305 one-byte message tcId 4 (354.85ms)
[8/850] PASS: Wycheproof boundary: ChaCha20-Poly1305 AAD handling (354.86ms)
[9/850] PASS: OpenSSL s_server interoperates with ztls client (424.03ms)
[10/850] PASS: OpenSSL s_server interoperates with ztls P-384 client (453.56ms)
[11/850] PASS: OpenSSL s_server interoperates with ztls RFC 10024 client groups (526.32ms)
[12/850] PASS: ztls client resumes with OpenSSL s_server (PSK resumption) (551.93ms)
[13/850] PASS: ztls client sends 0-RTT early data to OpenSSL s_server (577.49ms)
[14/850] PASS: OpenSSL s_client interoperates with ztls server (614.92ms)
[15/850] PASS: OpenSSL s_client resumes with ztls server-issued ticket (639.71ms)
[16/850] PASS: OpenSSL s_client interoperates with ztls P-384 server (655.48ms)
[17/850] PASS: OpenSSL s_client interoperates with ztls RFC 10024 server groups (695.86ms)
[18/850] PASS: OpenSSL s_client with -cert interoperates with ztls server (required client auth) (711.99ms)
[19/850] PASS: ztls client with credentials interoperates with OpenSSL s_server -Verify (737.80ms)
[20/850] PASS: ztls-to-ztls TCP KeyUpdate round trip with ChaCha20-Poly1305 (780.08ms)
[21/850] PASS: backend.x25519: RFC 7748 §5.2 shared secret (780.17ms)
[22/850] PASS: backend.x25519: RFC 7748 §6.1 mutual key agreement (780.29ms)
[23/850] PASS: backend.x25519: Wycheproof tcId 1 shared secret (780.34ms)
[24/850] PASS: backend.x25519: all-zero public key is rejected (IdentityElement) (780.40ms)
[25/850] PASS: backend.x25519: small-order public key is rejected (IdentityElement) (780.46ms)
[26/850] PASS: backend.aead: round-trip for every advertised cipher suite (780.47ms)
[27/850] PASS: backend.aead: tag corruption is rejected for every advertised cipher suite (780.48ms)
[28/850] PASS: backend.aead: ciphertext corruption is rejected for every advertised cipher suite (780.49ms)
[29/850] PASS: backend.aead: Wycheproof AES-128-GCM tcId 2 (780.50ms)
[30/850] PASS: backend.aead: Wycheproof AES-256-GCM AAD boundary (780.50ms)
[31/850] PASS: backend.aead: Wycheproof ChaCha20-Poly1305 AAD boundary (780.51ms)
[32/850] PASS: backend.aead: ChaCha20-Poly1305 RFC 8439 §2.8.2 known-answer vector (780.53ms)
[33/850] PASS: backend.p256: mutual key agreement with fixed scalars (780.74ms)
[34/850] PASS: backend.p256: non-04 SEC1 prefix is rejected (780.77ms)
[35/850] PASS: backend.p256: off-curve point is rejected (780.78ms)
[36/850] PASS: backend.p256: zero scalar private key is rejected (780.78ms)
[37/850] PASS: backend.p256: Wycheproof tcId 1 shared secret (780.88ms)
[38/850] PASS: backend.p384: mutual key agreement with fixed scalars (784.37ms)
[39/850] PASS: backend.p384: non-04 SEC1 prefix is rejected (785.50ms)
[40/850] PASS: backend.p384: off-curve point is rejected (785.51ms)
[41/850] PASS: backend.p384: zero scalar private key is rejected (785.52ms)
[42/850] PASS: backend.p384: Wycheproof tcId 1 shared secret (787.25ms)
[43/850] PASS: backend.sign: RSA-PSS SHA-256 sign/verify round-trip (788.57ms)
[44/850] PASS: backend.sign: RSA-PSS SHA-256 rejects tampered signature (789.48ms)
[45/850] PASS: backend.sign: RSA-PSS SHA-384 sign/verify round-trip and tamper rejection (790.41ms)
[46/850] PASS: backend.sign: ECDSA P-256 SHA-256 sign/verify round-trip (790.55ms)
[47/850] PASS: backend.sign: ECDSA P-256 SHA-256 rejects tampered signature (790.63ms)
[48/850] PASS: backend.sign: ECDSA P-384 SHA-384 sign/verify round-trip and tamper rejection (792.90ms)
[49/850] PASS: backend.sign: BufferTooShort on undersized output (792.96ms)
[50/850] PASS: backend.sign: key/scheme mismatch is a libcrypto failure (793.00ms)
[51/850] PASS: backend.sign: Wycheproof RSA-PSS tcId 3 verify (793.04ms)
[52/850] PASS: backend.sign: Wycheproof RSA-PSS tcId 62 invalid signature (793.09ms)
[53/850] PASS: backend.sign: Wycheproof ECDSA P-256 tcId 1 verify (793.16ms)
[54/850] PASS: backend.sign: Wycheproof ECDSA P-256 tcId 6 invalid signature (793.19ms)
[55/850] PASS: backend.sign: Wycheproof ECDSA P-384 tcId 1 verify (793.71ms)
[56/850] PASS: backend.sign: Wycheproof ECDSA P-384 tcId 6 invalid signature (793.74ms)
[57/850] PASS: backend error-queue hygiene: malformed EC public key leaves no residue (#88) (793.75ms)
[58/850] PASS: backend error-queue hygiene: caller queue entries survive a failing wrapper (#88) (794.01ms)
[59/850] PASS: backend error-queue hygiene: scalar key load does not nest guards (#88) (794.09ms)
[60/850] PASS: backend error-queue hygiene: repeated failures leave the queue empty each round (#88) (794.18ms)
[61/850] PASS: backend error-queue hygiene: successful key load preserves caller entries (#88) (794.28ms)
[62/850] PASS: backend error-queue hygiene: failed signature verification leaves no residue (#88) (794.31ms)
[63/850] PASS: backend error-queue hygiene: failed record decrypt leaves no residue (#88) (794.33ms)
[64/850] PASS: backend error-queue hygiene: failed decrypt preserves caller entries exactly (#88) (794.40ms)
[65/850] PASS: backend error-queue hygiene: DER key load preservation is lane-dependent (#88) (794.52ms)
[66/850] PASS: backend error-queue hygiene: scheme inference preserves caller entries (#112) (794.61ms)
[67/850] PASS: backend error-queue hygiene: declined encrypted PEM loads leave no residue (#114) (794.67ms)
[68/850] PASS: backend error-queue hygiene: cert/key mismatch preservation is lane-dependent (#113) (794.88ms)
[69/850] PASS: RFC 5280 §4.2.1.10 name-constraint verdicts vs OpenSSL 3.6.3 ground truth (795.35ms)
[70/850] PASS: fuzz: verifyNameConstraints handles arbitrary NameConstraints and SAN DER (795.35ms)
[71/850] PASS: capi: ztls_version returns a non-empty string (795.35ms)
[72/850] PASS: capi: insecure client init is explicitly named (795.35ms)
[73/850] PASS: capi: size and alignment are non-zero and sane (795.36ms)
[74/850] PASS: capi: NULL parameters are rejected (795.36ms)
[75/850] PASS: capi: full client handshake through the C ABI (795.88ms)
[76/850] PASS: capi: send_application_data before connected fails (795.93ms)
[77/850] PASS: capi: KeyUpdate response is surfaced as a write event (796.45ms)
[78/850] PASS: capi: KeyUpdate without response maps to none without pending write (796.91ms)
[79/850] PASS: capi: NewSessionTicket maps to none without pending write (797.36ms)
[80/850] PASS: encrypt: rejects mismatched plaintext and ciphertext lengths (797.36ms)
[81/850] PASS: decrypt: rejects mismatched plaintext and ciphertext lengths (797.37ms)
[82/850] PASS: Aes128Gcm: encrypt/decrypt round-trip (797.37ms)
[83/850] PASS: Aes256Gcm: encrypt/decrypt round-trip (797.37ms)
[84/850] PASS: ChaCha20Poly1305: encrypt/decrypt round-trip (797.38ms)
[85/850] PASS: ChaCha20Poly1305: RFC 8439 known-answer vector (797.39ms)
[86/850] PASS: ChaCha20Poly1305: empty plaintext known-answer vector (797.40ms)
[87/850] PASS: ChaCha20Poly1305: authentication failure on tampered ciphertext (797.40ms)
[88/850] PASS: ChaCha20Poly1305: authentication failure on tampered tag (797.41ms)
[89/850] PASS: ChaCha20Poly1305: authentication failure on tampered ad (797.41ms)
[90/850] PASS: decrypt: authentication failure on tampered ciphertext (797.42ms)
[91/850] PASS: decrypt: authentication failure on tampered tag (797.42ms)
[92/850] PASS: decrypt: authentication failure on tampered ad (797.42ms)
[93/850] PASS: construct: seq 0 is just the IV (797.43ms)
[94/850] PASS: construct: seq increments flip the right bytes (797.43ms)
[95/850] PASS: construct: XOR with non-zero IV (797.43ms)
[96/850] PASS: construct: seq max u64 produces expected nonce (797.43ms)
[97/850] PASS: parse: close_notify (797.44ms)
[98/850] PASS: parse: warning-level error alert is fatal (797.44ms)
[99/850] PASS: parse: unknown alert description is fatal (797.44ms)
[100/850] PASS: parse: user_canceled is not fatal (797.45ms)
[101/850] PASS: parse: truncated (797.45ms)
[102/850] PASS: parse: rejects coalesced alert bytes (797.45ms)
[103/850] PASS: encode (797.45ms)
[104/850] PASS: fuzz: parse handles arbitrary input (797.45ms)
[105/850] PASS: alertForError: certificate failures map to certificate alerts (797.46ms)
[106/850] PASS: alertForError: parser and semantic failures map to protocol alerts (797.46ms)
[107/850] PASS: alertForError: provider failure maps to internal_error (797.46ms)
[108/850] PASS: alertForError: unknown error maps to internal_error (797.46ms)
[109/850] PASS: parse: oversized cert_len does not overflow bounds check (797.47ms)
[110/850] PASS: parseClientCertificate: oversized ctx_len does not overflow (797.47ms)
[111/850] PASS: parse: extracts public key from ECDSA P-256 certificate (797.48ms)
[112/850] PASS: parse: wrong handshake type (797.48ms)
[113/850] PASS: parse: rejects mismatched Certificate handshake body length (797.49ms)
[114/850] PASS: encodeWithRequestContext: encodes empty client certificate list (797.49ms)
[115/850] PASS: encodeWithRequestContext: rejects oversized request context (797.49ms)
[116/850] PASS: parseClientCertificate: accepts empty certificate with matching context (797.50ms)
[117/850] PASS: parseClientCertificate: rejects mismatched request context (797.50ms)
[118/850] PASS: parse: rejects non-empty server certificate request context (797.50ms)
[119/850] PASS: parse: rejects empty certificate list (797.50ms)
[120/850] PASS: parse: rejects certificate list length shorter than entries (797.51ms)
[121/850] PASS: encode: round trips certificate chain (804.28ms)
[122/850] PASS: parse: rejects unsupported CertificateEntry status_request (804.29ms)
[123/850] PASS: parse: rejects unsupported CertificateEntry SCT (804.29ms)
[124/850] PASS: parse: rejects forbidden CertificateEntry status_request_v2 (804.30ms)
[125/850] PASS: parse: rejects duplicate CertificateEntry status_request (804.30ms)
[126/850] PASS: parse: rejects malformed CertificateEntry extension length (804.30ms)
[127/850] PASS: parse: ignores unknown CertificateEntry extension (804.31ms)
[128/850] PASS: parse: validates hostname (804.32ms)
[129/850] PASS: parse: rejects hostname mismatch (804.32ms)
[130/850] PASS: parse: rejects missing trust anchor by default (804.33ms)
[131/850] PASS: parse: validates leaf against trust bundle (811.15ms)
[132/850] PASS: parse: validates leaf-intermediate-root chain (824.65ms)
[133/850] PASS: parse: rejects end-entity certificate used as issuer (824.75ms)
[134/850] PASS: parse: rejects chain with intermediate before leaf (824.84ms)
[135/850] PASS: parse: anchors chain below a cross-signed root (844.92ms)
[136/850] PASS: parse: rejects cross-signed root without a bundle anchor below it (858.21ms)
[137/850] PASS: parse: rejects chain with missing intermediate (858.30ms)
[138/850] PASS: parse: rejects chain hostname mismatch (858.39ms)
[139/850] PASS: parse: rejects untrusted leaf when bundle misses issuer (858.40ms)
[140/850] PASS: parse: accepts chain with matching DNS name constraints (871.43ms)
[141/850] PASS: parse: rejects chain with excluded DNS name constraints (884.48ms)
[142/850] PASS: parse: rejects chain outside permitted DNS name constraints (897.55ms)
[143/850] PASS: parse: insecure no-anchor path still enforces name constraints (904.30ms)
[144/850] PASS: parse: rejects signed unprocessed critical extension for both roles (904.40ms)
[145/850] PASS: parse: accepts signed noncritical extension and supported critical extensions (931.22ms)
[146/850] PASS: parse: rejects signed SAN with an invalid wrapper (931.33ms)
[147/850] PASS: parse: rejects chain exceeding pathLenConstraint zero (950.96ms)
[148/850] PASS: parse: accepts pathLenConstraint zero with a CA target (964.05ms)
[149/850] PASS: parse: rejects chain exceeding pathLenConstraint one (990.01ms)
[150/850] PASS: parse: accepts chain at pathLenConstraint one (1009.50ms)
[151/850] PASS: parse: imposes no path-length limit when pathLenConstraint is absent (29.14ms)
[152/850] PASS: parse: enforces the tightest of multiple pathLenConstraints (55.16ms)
[153/850] PASS: parse: accepts multiple satisfied pathLenConstraints (74.72ms)
[154/850] PASS: parse: self-issued intermediate does not consume path length (94.36ms)
[155/850] PASS: parse: intermediate below a self-issued certificate still counts (120.56ms)
[156/850] PASS: parse: trust anchor pathLenConstraint limits intermediates below it (140.21ms)
[157/850] PASS: parse: trust anchor pathLenConstraint satisfied (153.22ms)
[158/850] PASS: parse: certificates above the anchored path are outside the path (179.28ms)
[159/850] PASS: parse: cross-signed root constraint binds inside the anchored path (205.36ms)
[160/850] PASS: parseClientChain: rejects client chain exceeding pathLenConstraint zero (225.56ms)
[161/850] PASS: parseClientChain: accepts client chain at pathLenConstraint zero (239.06ms)
[162/850] PASS: parse: insecure no-anchor path still enforces pathLenConstraint (252.44ms)
[163/850] PASS: parse: insecure no-anchor path accepts constrained chain with self-issued steps (265.83ms)
[164/850] PASS: parse: malformed DER length is rejected, not crashed (265.84ms)
[165/850] PASS: certificate_policy.verifyServerAuth: non-v3 certificates are rejected (265.84ms)
[166/850] PASS: certificate_policy.verifyServerAuth: KeyUsage without digitalSignature is rejected (265.84ms)
[167/850] PASS: certificate_policy.verifyServerAuth: EKU without serverAuth is rejected (265.85ms)
[168/850] PASS: certificate_policy.verifyClientAuth: EKU without clientAuth is rejected (265.85ms)
[169/850] PASS: certificate_policy.verifyClientAuth: KeyUsage without digitalSignature is rejected (265.85ms)
[170/850] PASS: certificate_policy.verifyClientAuth: clientAuth EKU is accepted (265.85ms)
[171/850] PASS: certificate_policy.verifyServerAuth: legacy certificate signatures are rejected (265.86ms)
[172/850] PASS: certificate_policy.verifyServerAuth: RSA PKCS1 SHA-256 certificate signature is accepted (265.86ms)
[173/850] PASS: certificate_policy: Ed25519 chain signature algorithm accepted when advertised (265.86ms)
[174/850] PASS: certificate_policy: Ed25519 chain signature algorithm rejected when not advertised (265.87ms)
[175/850] PASS: parse: Ed25519 self-signed certificate verified via std.crypto (265.87ms)
[176/850] PASS: certificate_policy.verifyServerAuth: rejects certificate signature outside policy (265.88ms)
[177/850] PASS: certificate signature policy checks non-self-signed chain certificates (265.88ms)
[178/850] PASS: certificate signature policy skips self-signed chain certificates (265.88ms)
[179/850] PASS: certificate_policy.verifyServerAuth: unrestricted supported leaf is accepted (265.88ms)
[180/850] PASS: encodeCertificateVerify: wraps signature (265.89ms)
[181/850] PASS: verifySignature: valid ECDSA P-256 signature (266.01ms)
[182/850] PASS: verifySignature: valid RSA-PSS SHA-256 signature (266.06ms)
[183/850] PASS: verifySignature: rejects RSA-PSS signature with wrong salt length (266.10ms)
[184/850] PASS: verifySignature: wrong transcript hash (266.18ms)
[185/850] PASS: verifySignature: rejects scheme absent from offered list (266.19ms)
[186/850] PASS: verifySignature: client CV rejects scheme absent from offered list (266.20ms)
[187/850] PASS: verifySignature: rejects RSA PKCS1 CertificateVerify scheme (266.20ms)
[188/850] PASS: verifySignature: rejects certificate key and scheme mismatch (266.22ms)
[189/850] PASS: verifySignature: server signature is not valid for client context (266.30ms)
[190/850] PASS: verifySignature: wrong handshake type (266.30ms)
[191/850] PASS: parse: extracts critical name constraints (266.31ms)
[192/850] PASS: parse: extracts non-critical name constraints (266.32ms)
[193/850] PASS: fuzz: parse handles arbitrary input (266.33ms)
[194/850] PASS: CertificateChain: single certificate view (266.33ms)
[195/850] PASS: CertificateChain.fromPem: decodes a certificate chain (266.34ms)
[196/850] PASS: CertificateChain.fromPem: rejects malformed input (266.35ms)
[197/850] PASS: CertificateChain.fromPem: rejects exhausted caller storage (266.36ms)
[198/850] PASS: fuzz: CertificateChain.fromPem handles arbitrary input (266.36ms)
[199/850] PASS: active backend identity matches the private provider facade (266.36ms)
[200/850] PASS: hybrid capability queries match the active backend (266.37ms)
[201/850] PASS: validateHybridGroups reports local policy faults (266.37ms)
[202/850] PASS: requiresP384 identifies only P-384 hybrid policy (266.37ms)
[203/850] PASS: CipherSuite wire values (266.37ms)
[204/850] PASS: PskOfferIter: walks identity/binder pairs in offer order (266.38ms)
[205/850] PASS: PskOfferIter: rejects oversized lengths (266.38ms)
[206/850] PASS: PskOfferIter: rejects a slack-byte identities vector (266.38ms)
[207/850] PASS: PskOfferIter: rejects more binders than identities (266.39ms)
[208/850] PASS: encode: size matches encodedLen (266.39ms)
[209/850] PASS: encodeWithPsk: pre_shared_key is last, binder prefix and offset are correct (266.39ms)
[210/850] PASS: encodeWithPsk: rejects unsupported binder length (266.40ms)
[211/850] PASS: parse: ClientHello with pre_shared_key round-trips (266.41ms)
[212/850] PASS: encodeWithP256: size matches encodedLenWithP256 (266.41ms)
[213/850] PASS: encode: handshake type and legacy version (266.41ms)
[214/850] PASS: encode: cipher suites match backend capabilities (266.42ms)
[215/850] PASS: encode: legacy_session_id is empty (266.42ms)
[216/850] PASS: encode: supported_groups contains X25519 (266.42ms)
[217/850] PASS: encode: key_share contains public key (266.43ms)
[218/850] PASS: encodeWithP256: includes X25519 and secp256r1 key shares (266.43ms)
[219/850] PASS: encodeWithP256P384: includes X25519, secp256r1, and secp384r1 key shares (266.44ms)
[220/850] PASS: encodeWithP256P384: size matches encodedLenWithP256P384 (266.45ms)
[221/850] PASS: parse: accepts secp384r1 key share (267.59ms)
[222/850] PASS: parse: rejects compressed secp384r1 key share (267.60ms)
[223/850] PASS: encodeRetryAfterHrr: secp384r1 selected, no cookie (267.61ms)
[224/850] PASS: encode: SNI present when server_name set (267.61ms)
[225/850] PASS: encode: SNI absent when server_name is null (267.62ms)
[226/850] PASS: encode: supported_versions contains TLS 1.3 (267.62ms)
[227/850] PASS: encode: signature_algorithms match backend capabilities (267.62ms)
[228/850] PASS: encode: signature_algorithms_cert match backend capabilities (267.63ms)
[229/850] PASS: encode: ALPN present when protocols set (267.63ms)
[230/850] PASS: encode: rejects invalid ALPN protocols (267.63ms)
[231/850] PASS: parse: encoded ClientHello (267.64ms)
[232/850] PASS: parse: tracks offered SNI extension presence (267.64ms)
[233/850] PASS: parse: tracks offered record_size_limit extension presence (267.65ms)
[234/850] PASS: parse: accepts secp256r1 supported group and key share (267.68ms)
[235/850] PASS: parseSupportedGroups: records RFC 10024 groups (267.69ms)
[236/850] PASS: parse: rejects malformed X25519 key share (267.69ms)
[237/850] PASS: parse: rejects key share outside supported_groups (267.72ms)
[238/850] PASS: parse: rejects oversized legacy_session_id (267.73ms)
[239/850] PASS: parse: rejects SSLv3-or-lower legacy_version (267.73ms)
[240/850] PASS: parse: rejects missing supported_versions (267.74ms)
[241/850] PASS: parse: rejects supported_versions without TLS 1.3 (267.74ms)
[242/850] PASS: parse: rejects missing supported_groups (267.75ms)
[243/850] PASS: parse: rejects missing signature_algorithms (267.75ms)
[244/850] PASS: parse: rejects malformed signature_algorithms (267.75ms)
[245/850] PASS: parse: rejects signature_algorithms without TLS 1.3 handshake scheme (267.76ms)
[246/850] PASS: parse: rejects malformed ClientHello (267.77ms)
[247/850] PASS: parse: rejects malformed compression methods (267.77ms)
[248/850] PASS: parse: no shared supported group is rejected (267.77ms)
[249/850] PASS: parse: rejects duplicate x25519 key share entries (267.78ms)
[250/850] PASS: parseKeyShare: retains all RFC 10024 hybrid entries (267.78ms)
[251/850] PASS: encode: buffer too short (267.78ms)
[252/850] PASS: encode: server_name too long (267.79ms)
[253/850] PASS: parse: rejects duplicate supported_groups (267.79ms)
[254/850] PASS: parse: missing X25519 key share leaves public key null (267.79ms)
[255/850] PASS: parse: rejects duplicate signature_algorithms (267.80ms)
[256/850] PASS: parse: rejects duplicate signature_algorithms_cert (267.80ms)
[257/850] PASS: parse: ignores unknown extension (267.81ms)
[258/850] PASS: parse: ignores unknown supported_groups entries (267.81ms)
[259/850] PASS: fuzz: parse handles arbitrary input (267.81ms)
[260/850] PASS: encodeRetryAfterHrr: X25519 selected, no cookie (267.82ms)
[261/850] PASS: encodeRetryAfterHrr: preserves PSK key exchange mode (267.82ms)
[262/850] PASS: encodeRetryAfterHrr: secp256r1 selected, no cookie (267.83ms)
[263/850] PASS: encodeRetryAfterHrr: includes cookie when provided (267.83ms)
[264/850] PASS: encodeRetryAfterHrr: preserves SNI and ALPN from ClientHello1 (267.84ms)
[265/850] PASS: encodeRetryAfterHrr: rejects unsupported group (267.84ms)
[266/850] PASS: encodeRetryAfterHrr: missing configured hybrid share is a policy error (267.84ms)
[267/850] PASS: encodeWithHybridGroups: rejects unknown share group without panic (267.85ms)
[268/850] PASS: KEM key_share round-trip: ClientHello encode → parse preserves 1216-byte public key (267.86ms)
[269/850] PASS: parse: psk_key_exchange_modes list_len 0xFF rejected without overflow (267.87ms)
[270/850] PASS: SessionTicket.secureZero erases identity, PSK, and metadata (267.87ms)
[271/850] PASS: HybridPolicy.validate rejects an initial share outside its group list (267.87ms)
[272/850] PASS: Config.validate reports unavailable groups and missing P-384 material (267.93ms)
[273/850] PASS: start validates hybrid policy before key generation and output (268.05ms)
[274/850] PASS: transcript hash: RFC 8448 §3 ClientHello || ServerHello (268.09ms)
[275/850] PASS: deriveHandshakeKeys: RFC 8448 §3 server handshake key/iv/finished (268.17ms)
[276/850] PASS: processServerHello: RFC 8448 §3 installs server handshake keys (268.29ms)
[277/850] PASS: processServerHello: accepts secp256r1 key_share (268.47ms)
[278/850] PASS: processServerHello: rejects invalid secp256r1 point (268.53ms)
[279/850] PASS: processServerHello: rejects unoffered secp256r1 key_share (268.59ms)
[280/850] PASS: processServerHello: rejects mismatched session id echo (268.63ms)
[281/850] PASS: processServerHello: rejects unoffered cipher suite (268.69ms)
[282/850] PASS: processFlight: stores selected ALPN (268.80ms)
[283/850] PASS: processFlight: rejects unoffered ALPN (268.91ms)
[284/850] PASS: processFlight: rejects unanchored Certificate by default (269.42ms)
[285/850] PASS: processFlight: rejects non-empty server Certificate request context (269.91ms)
[286/850] PASS: processFlight: rejects empty server Certificate list (270.39ms)
[287/850] PASS: processFlight: rejects unsolicited EncryptedExtensions ALPN (270.51ms)
[288/850] PASS: processFlight: rejects unrequested server CertificateEntry status_request (270.99ms)
[289/850] PASS: processFlight: RFC 8448 §3 full server flight to connected (271.51ms)
[290/850] PASS: processFlight: rejects handshake message after server Finished (272.03ms)
[291/850] PASS: processFlight: handshake message spanning records needs buffer (272.54ms)
[292/850] PASS: processFlight: reassembles handshake message split across records (273.04ms)
[293/850] PASS: processFlight: buffered path rejects handshake message after server Finished (273.55ms)
[294/850] PASS: processFlight: RFC 8448 §3 flight split one message per record (274.06ms)
[295/850] PASS: handleRecord: malformed ServerHello is rejected (274.10ms)
[296/850] PASS: processFlight: rejects Finished before EncryptedExtensions (274.21ms)
[297/850] PASS: processFlight: rejects CertificateVerify before Certificate (274.70ms)
[298/850] PASS: processFlight: rejects Finished before CertificateVerify (275.19ms)
[299/850] PASS: processFlight: rejects unoffered CertificateVerify scheme (275.67ms)
[300/850] PASS: processFlight: rejects wrong CertificateVerify signature (276.22ms)
[301/850] PASS: processFlight: rejects wrong server Finished verify_data (276.73ms)
[302/850] PASS: handleRecord: plaintext fatal alert in wait_sh (276.80ms)
[303/850] PASS: handleRecord: malformed alert record does not set or replace lastPeerAlert (276.84ms)
[304/850] PASS: handleRecord: unknown alert codes are preserved (276.87ms)
[305/850] PASS: handleRecord: lastPeerAlert replaced by later alert, preserved by close/malformed (276.91ms)
[306/850] PASS: handleRecord: rejects ChangeCipherSpec before ClientHello (276.94ms)
[307/850] PASS: handleRecord: drops valid ChangeCipherSpec after ClientHello (276.97ms)
[308/850] PASS: handleRecord: rejects malformed ChangeCipherSpec payload (277.01ms)
[309/850] PASS: handleRecord: encrypted fatal alert during server flight (277.12ms)
[310/850] PASS: handleRecord: rejects server KeyUpdate before Finished (277.23ms)
[311/850] PASS: handleRecord: truncated encrypted flight is rejected (277.71ms)
[312/850] PASS: handleRecord: corrupted encrypted flight is rejected (278.19ms)
[313/850] PASS: handleRecord: post-handshake unexpected inner content type is rejected (278.74ms)
[314/850] PASS: handleRecord: encrypted application data during server flight is rejected (278.85ms)
[315/850] PASS: clientFinished: RFC 8448 §3 emits Finished and upgrades to app keys (279.38ms)
[316/850] PASS: processFlight: accepts CertificateRequest before server Certificate (279.86ms)
[317/850] PASS: processFlight: rejects non-empty handshake CertificateRequest context (280.37ms)
[318/850] PASS: clientFinished: sends empty Certificate before Finished for CertificateRequest (280.91ms)
[319/850] PASS: clientFinished: empty CertificateRequest with no credentials still finishes (281.44ms)
[320/850] PASS: client auth: setCredentials stores client credentials (281.49ms)
[321/850] PASS: ratchetClientKey: RFC 8446 §7.2 next application write key (282.02ms)
[322/850] PASS: handleRecord: application data resets both post-handshake flood counters (282.56ms)
[323/850] PASS: receiveRecord: RX progresses while a client TX record is pending (283.10ms)
[324/850] PASS: receiveKtlsRecord: client processes kernel-decrypted records (283.66ms)
[325/850] PASS: receiveKtlsRecord: client finds KeyUpdate after NewSessionTicket (284.23ms)
[326/850] PASS: ratchetKtlsTx: client advances only an idle TX epoch (284.78ms)
[327/850] PASS: handleRecord: server KeyUpdate(update_requested) ratchets rx and responds (285.34ms)
[328/850] PASS: handleRecord: KeyUpdate not at record boundary is rejected (285.88ms)
[329/850] PASS: handleRecord: invalid server KeyUpdate request is rejected (286.41ms)
[330/850] PASS: handleRecord: server KeyUpdate(update_not_requested) surfaces key_update rx only (286.96ms)
[331/850] PASS: handleRecord: self-initiated sendKeyUpdate response surfaces rx only (287.51ms)
[332/850] PASS: sendAlert: plaintext fatal alert before ServerHello (287.54ms)
[333/850] PASS: sendAlert: encrypted close_notify after handshake (288.10ms)
[334/850] PASS: handleRecord: close_notify returns closed (288.67ms)
[335/850] PASS: handleRecord: fatal alert returns PeerAlert (289.21ms)
[336/850] PASS: handleRecord: NewSessionTicket is surfaced as an event (289.76ms)
[337/850] PASS: clientFinished: RFC 8448 §4 resumption_master_secret over the live transcript (290.30ms)
[338/850] PASS: startWithPsk: binder matches an independent HMAC over the prefix (290.38ms)
[339/850] PASS: startWithPsk: advertises configured RFC 10024 key share (290.54ms)
[340/850] PASS: startWithPsk: ticket without early-data permission omits early_data (290.60ms)
[341/850] PASS: EncryptedExtensions: rejects early_data when server declined PSK (290.75ms)
[342/850] PASS: EncryptedExtensions: rejects early_data without early traffic keys (290.89ms)
[343/850] PASS: EncryptedExtensions: rejects early_data after HelloRetryRequest (291.04ms)
[344/850] PASS: processServerHello rejects selected PSK with incompatible cipher suite hash (291.23ms)
[345/850] PASS: handleRecord: PSK-offering client rejects bare Finished unless server selected PSK (291.59ms)
[346/850] PASS: handleRecord: accepts 17 consecutive NewSessionTickets (292.22ms)
[347/850] PASS: handleRecord: NewSessionTicket flood is rejected with ticket-specific error (292.80ms)
[348/850] PASS: handleRecord: malformed NewSessionTicket is rejected (293.34ms)
[349/850] PASS: handleRecord: KeyUpdate flood is rejected (294.08ms)
[350/850] PASS: handleRecord: empty application data does not reset flood counters (294.62ms)
[351/850] PASS: handleRecord: KeyUpdate flood cap fires despite empty app-data interleaving (295.38ms)
[352/850] PASS: start: uses Config host_name for SNI and policy (295.42ms)
[353/850] PASS: handleRecord: drives RFC 8448 §3 handshake to connected (295.96ms)
[354/850] PASS: handleRecord: unacknowledged write blocks further calls (296.53ms)
[355/850] PASS: sendEarlyData: unacknowledged write blocks further early data (296.61ms)
[356/850] PASS: handleRecord: zero-length plaintext handshake is rejected (296.65ms)
[357/850] PASS: handleRecord: zero-length encrypted handshake is rejected (296.76ms)
[358/850] PASS: handleRecord: all-zero inner plaintext maps to unexpected_message (297.30ms)
[359/850] PASS: handleRecord: application_data before ServerHello is rejected (297.34ms)
[360/850] PASS: HandshakeReader: splits coalesced messages (297.35ms)
[361/850] PASS: HandshakeReader: truncated body is UnexpectedEof (297.35ms)
[362/850] PASS: fuzz: HandshakeReader handles arbitrary input (297.35ms)
[363/850] PASS: fuzz: processFlight handles arbitrary decrypted bytes (297.67ms)
[364/850] PASS: fuzz: 0-RTT client state machine handles arbitrary inbound records (297.77ms)
[365/850] PASS: processHelloRetryRequest: rejects already-offered key_share group (297.81ms)
[366/850] PASS: processHelloRetryRequest: secp256r1 selected produces ClientHello2 (297.85ms)
[367/850] PASS: processHelloRetryRequest: transcript collapse matches §4.4.1 (297.89ms)
[368/850] PASS: processHelloRetryRequest: removes PSK with incompatible hash (298.03ms)
[369/850] PASS: processHelloRetryRequest: rejects second HRR (298.07ms)
[370/850] PASS: processHelloRetryRequest: rejects unoffered selected_group (298.11ms)
[371/850] PASS: processServerHello: post-HRR rejects mismatched cipher suite (298.14ms)
[372/850] PASS: processServerHello: post-HRR rejects mismatched key_share group (298.18ms)
[373/850] PASS: processServerHello: post-HRR accepts matching ServerHello (298.37ms)
[374/850] PASS: handleRecord: HRR returns ClientHello2 as write event (298.40ms)
[375/850] PASS: processHelloRetryRequest: returns null for normal ServerHello (298.44ms)
[376/850] PASS: processHelloRetryRequest: HRR with cookie echoes cookie in CH2 (298.48ms)
[377/850] PASS: deinit leaves caller-owned buffers to the caller (298.98ms)
[378/850] PASS: secureZero zeroes all secret material (300.22ms)
[379/850] PASS: Array.secureZero clears contents (300.22ms)
[380/850] PASS: lastIndexOfNonZero: last byte non-zero (fast path) (300.23ms)
[381/850] PASS: lastIndexOfNonZero: all zeros (300.23ms)
[382/850] PASS: lastIndexOfNonZero: single non-zero byte at start (300.23ms)
[383/850] PASS: lastIndexOfNonZero: single byte, non-zero (300.23ms)
[384/850] PASS: lastIndexOfNonZero: single byte, zero (300.24ms)
[385/850] PASS: lastIndexOfNonZero: non-zero in scalar tail (300.24ms)
[386/850] PASS: lastIndexOfNonZero: exactly chunk_len bytes, non-zero at start (300.24ms)
[387/850] PASS: lastIndexOfNonZero: exactly chunk_len bytes, all zeros (300.24ms)
[388/850] PASS: lastIndexOfNonZero: large buffer, non-zero in first chunk (300.24ms)
[389/850] PASS: lastIndexOfNonZero: large buffer, non-zero in middle chunk (300.25ms)
[390/850] PASS: lastIndexOfNonZero: large buffer, all zeros (300.25ms)
[391/850] PASS: encrypt: buffer too short (300.25ms)
[392/850] PASS: encrypt: sequence number overflow (300.26ms)
[393/850] PASS: deinit: clears caller-visible traffic key material (300.26ms)
[394/850] PASS: ktlsInfo: AES-GCM salt and IV reconstruct RFC 8446 nonce (300.26ms)
[395/850] PASS: ktlsInfo: cipher type uses Linux UAPI values (300.27ms)
[396/850] PASS: ktlsInfo: exported key material survives RecordLayer deinit (300.28ms)
[397/850] PASS: KtlsInfo.secureZero erases exported traffic material (300.28ms)
[398/850] PASS: encrypt/decrypt: key update required at AEAD usage limit (300.29ms)
[399/850] PASS: encryptPrepared/decrypt: round-trip (300.29ms)
[400/850] PASS: encrypt/decrypt: round-trip (300.30ms)
[401/850] PASS: encrypt/decrypt: sequence numbers advance (300.31ms)
[402/850] PASS: decrypt: failed auth exposes backend failure buffer behavior (300.31ms)
[403/850] PASS: decrypt: replayed record is rejected (300.32ms)
[404/850] PASS: encrypt/decrypt: zero-length application data (300.32ms)
[405/850] PASS: decrypt: rejects all-zero inner plaintext (300.33ms)
[406/850] PASS: encrypt/decrypt: maximum plaintext fragment length (300.41ms)
[407/850] PASS: decrypt: wrong content type (300.42ms)
[408/850] PASS: decrypt: payload shorter than tag (300.42ms)
[409/850] PASS: decrypt: truncated ciphertext record (300.42ms)
[410/850] PASS: decrypt: sequence number overflow (300.43ms)
[411/850] PASS: fuzz: decrypt handles arbitrary input (300.43ms)
[412/850] PASS: PendingWrite: mark and clear (300.43ms)
[413/850] PASS: SliceBuffer: append and retain (300.44ms)
[414/850] PASS: append and slice (300.44ms)
[415/850] PASS: appendAssumeCapacity (300.44ms)
[416/850] PASS: secureZero clears full storage and length (300.44ms)
[417/850] PASS: append returns error on overflow (300.45ms)
[418/850] PASS: clear resets length (300.45ms)
[419/850] PASS: Reader iterates coalesced messages (300.45ms)
[420/850] PASS: parseKeyUpdate (300.45ms)
[421/850] PASS: rejectDuplicateExtensions: rejects more than the extension count cap (300.46ms)
[422/850] PASS: rejectDuplicateExtensions: rejects duplicate unknown type (300.46ms)
[423/850] PASS: rejectDuplicateExtensions: accepts distinct extension types (300.46ms)
[424/850] PASS: ExtensionType.isGrease: detects reserved GREASE extension code points (300.46ms)
[425/850] PASS: rejectDuplicateExtensions: rejects malformed block (300.47ms)
[426/850] PASS: RFC 10024 hybrid groups round-trip (306.86ms)
[427/850] PASS: hybrid decapsulation rejects wrong server share length (306.94ms)
[428/850] PASS: NamedGroup wire identifiers (306.94ms)
[429/850] PASS: RFC 10024 hybrid group sizes (306.94ms)
[430/850] PASS: HkdfSha256.trafficKey: RFC 8448 §3 server handshake (306.95ms)
[431/850] PASS: HkdfSha384: traffic key/iv, finished key, traffic-upd (independent vector) (307.00ms)
[432/850] PASS: HkdfSha256.trafficIv: RFC 8448 §3 server handshake (307.01ms)
[433/850] PASS: HkdfSha256.earlySecret: RFC 8448 §3 (307.01ms)
[434/850] PASS: HkdfSha256: RFC 8448 §3/§4 PSK and resumption secrets (307.03ms)
[435/850] PASS: HkdfSha256.handshakeSecret: RFC 8448 §3 (307.04ms)
[436/850] PASS: HkdfSha256.masterSecret: RFC 8448 §3 (307.05ms)
[437/850] PASS: HkdfSha256.clientHandshakeTrafficSecret: RFC 8448 §3 (307.05ms)
[438/850] PASS: HkdfSha256.finishedKey: RFC 8448 §3 server (307.06ms)
[439/850] PASS: HkdfSha256.nextTrafficSecret: RFC 8446 §7.2 (307.06ms)
[440/850] PASS: HkdfSha256.serverHandshakeTrafficSecret: RFC 8448 §3 (307.07ms)
[441/850] PASS: sharedSecret: RFC 7748 X25519 vector (307.13ms)
[442/850] PASS: KeyPair.generateDeterministic: RFC 7748 public keys (307.17ms)
[443/850] PASS: KeyPair.generateDeterministic emits uncompressed SEC1 public key (307.20ms)
[444/850] PASS: sharedSecret: P-256 deterministic peers agree (307.43ms)
[445/850] PASS: KeyPair.generate: healthy entropy path (307.49ms)
[446/850] PASS: KeyPair.secureZero erases secret and public material (307.52ms)
[447/850] PASS: generateRetry: a LibcryptoFailed attempt is terminal, not retried (307.52ms)
[448/850] PASS: generateRetry: an invalid scalar retries exactly to the bound (307.53ms)
[449/850] PASS: generateRetry: retries a bad draw and succeeds (307.56ms)
[450/850] PASS: KeyPair.generateDeterministic enforces the scalar range [1, n-1] (307.60ms)
[451/850] PASS: sharedSecret: rejects compressed P-256 point (307.65ms)
[452/850] PASS: KeyPair.generateDeterministic emits uncompressed SEC1 public key (308.80ms)
[453/850] PASS: KeyPair.secureZero erases secret and public material (309.94ms)
[454/850] PASS: sharedSecret: P-384 deterministic peers agree (315.68ms)
[455/850] PASS: generateRetry: a LibcryptoFailed attempt is terminal, not retried (315.68ms)
[456/850] PASS: generateRetry: an invalid scalar retries exactly to the bound (315.71ms)
[457/850] PASS: generateRetry: retries a bad draw and succeeds (316.87ms)
[458/850] PASS: KeyPair.generateDeterministic enforces the scalar range [1, n-1] (317.98ms)
[459/850] PASS: sharedSecret: rejects compressed P-384 point (320.25ms)
[460/850] PASS: active backend matches the selected libcrypto headers (320.26ms)
[461/850] PASS: capabilities are non-empty for the active backend (320.26ms)
[462/850] PASS: x25519 handle shape matches active backend (320.26ms)
[463/850] PASS: client group capabilities match implemented client key-share plumbing (320.27ms)
[464/850] PASS: aead context shape matches active backend (320.27ms)
[465/850] SKIP: aws-lc aead deinit clears inline context (320.27ms)
[466/850] PASS: capability helpers recognize advertised algorithms (320.27ms)
[467/850] PASS: fips: chacha20_poly1305_sha256 excluded from FIPS cipher_suites (320.28ms)
[468/850] PASS: fips: rsa_pkcs1_sha* excluded from FIPS certificate_signature_schemes (320.28ms)
[469/850] PASS: fips: ed25519 excluded from FIPS certificate_signature_schemes (320.28ms)
[470/850] PASS: fips: ML-KEM disabled in FIPS capability table (320.28ms)
[471/850] PASS: fips: FIPS capabilities are a subset of non-FIPS capabilities (320.29ms)
[472/850] PASS: fips: active capabilities follow FIPS identity (320.29ms)
[473/850] PASS: OpenSSL AEAD initialization rejects wrong key length (320.29ms)
[474/850] PASS: Parsed.verifyHostName rejects universal tag 2 as dNSName (320.29ms)
[475/850] PASS: Parsed.verifyHostName requires dNSName SAN (320.30ms)
[476/850] PASS: Parsed.checkHostName rejects public suffix wildcard (320.30ms)
[477/850] PASS: Parsed.checkHostName RFC 6125 compliance (320.31ms)
[478/850] PASS: Parsed.allowsKeyUsage reads digitalSignature (320.31ms)
[479/850] PASS: Parsed.allowsKeyUsage rejects malformed empty bit payload (320.31ms)
[480/850] PASS: Parsed.allowsExtKeyUsage finds serverAuth (320.32ms)
[481/850] PASS: Parsed.allowsExtKeyUsage rejects non-SEQUENCE wrapper (320.32ms)
[482/850] PASS: Parsed.nameConstraints extracts extension value (320.32ms)
[483/850] PASS: Parsed.nameConstraints absent returns empty (320.32ms)
[484/850] PASS: Parsed.verifyNameConstraints: DNS permitted subtree (320.33ms)
[485/850] PASS: Parsed.verifyNameConstraints: DNS permitted subtree mismatch (320.33ms)
[486/850] PASS: Parsed.verifyNameConstraints: DNS excluded subtree (320.33ms)
[487/850] PASS: Parsed.verifyNameConstraints: mixed DNS SAN violation is rejected (320.34ms)
[488/850] PASS: Parsed.verifyNameConstraints: DNS common name fallback (320.34ms)
[489/850] PASS: Parsed.verifyNameConstraints: IP permitted subnet (320.34ms)
[490/850] PASS: Parsed.verifyNameConstraints: permitted subtrees are type-specific (320.35ms)
[491/850] PASS: Parsed.verifyNameConstraints: email permitted subtree (320.35ms)
[492/850] PASS: Parsed.verifyNameConstraints: email mailbox local part is case-sensitive (320.35ms)
[493/850] PASS: Parsed.verifyNameConstraints: URI excluded subtree (320.36ms)
[494/850] PASS: Parsed.verifyNameConstraints: URI strips userinfo before host matching (320.36ms)
[495/850] PASS: Parsed.verifyNameConstraints: explicit minimum zero is accepted (320.36ms)
[496/850] PASS: Parsed.verifyNameConstraints: critical unsupported subtree is rejected (320.37ms)
[497/850] PASS: Parsed.verifyNameConstraints: non-critical unsupported subtree is ignored (320.37ms)
[498/850] PASS: parseBasicConstraints rejects pathLenConstraint without cA (320.37ms)
[499/850] PASS: parse rejects unknown critical extension (320.38ms)
[500/850] PASS: parse rejects duplicate recognized extensions (320.38ms)
[501/850] PASS: parse accepts old and new authority key identifier OIDs (320.39ms)
[502/850] PASS: parseBitString rejects empty bit string content (320.39ms)
[503/850] PASS: parseTime maps UTCTime centuries and expires 1999 certificates (320.39ms)
[504/850] PASS: parseTime enforces GeneralizedTime certificate grammar (320.40ms)
[505/850] PASS: parseTime rejects impossible dates and accepts leap day (320.40ms)
[506/850] PASS: certificate_parser.decltest.parseTimeDigits (320.40ms)
[507/850] PASS: certificate_parser.decltest.parseYear4 (320.41ms)
[508/850] PASS: certificate_parser.test_0 (320.41ms)
[509/850] PASS: PrivateKey.sign: RSA-PSS SHA-256 uses TLS parameters (321.32ms)
[510/850] PASS: PrivateKey.sign: short RSA-PSS output buffer is rejected (321.35ms)
[511/850] PASS: PrivateKey.sign: key and scheme mismatch is a libcrypto failure (321.40ms)
[512/850] PASS: PrivateKey.sign: deterministic ECDSA matches the RFC 6979 vector (321.54ms)
[513/850] PASS: PrivateKey.sign: deterministic ECDSA P-384 matches the RFC 6979 A.2.6 vector (323.88ms)
[514/850] PASS: PrivateKey.sign: deterministic nonce with RSA-PSS is rejected (323.91ms)
[515/850] PASS: PrivateKey.fromPemAuto: RSA PKCS#8 and PKCS#1 both infer rsa_pss_rsae_sha256 (324.85ms)
[516/850] PASS: PrivateKey.fromPemAuto: P-256 infers ecdsa_secp256r1_sha256 and signs (324.91ms)
[517/850] PASS: PrivateKey.fromPemAuto: P-384 infers ecdsa_secp384r1_sha384 and signs (325.55ms)
[518/850] PASS: PrivateKey.fromPemAuto: P-521 is rejected at load by the capability gate (325.65ms)
[519/850] PASS: PrivateKey.fromPemAuto: Ed25519 is rejected at load by the capability gate (325.73ms)
[520/850] PASS: PrivateKey.fromPemAuto: secp224r1 has no CertificateVerify scheme (325.77ms)
[521/850] PASS: PrivateKey.fromPemAuto: garbage PEM fails at load (325.78ms)
[522/850] PASS: PrivateKey.fromPem: encrypted PEM fails at load (325.86ms)
[523/850] PASS: PrivateKey.fromPemAuto: encrypted PEM fails at load (325.90ms)
[524/850] PASS: PrivateKey.pairsWith: P-256 scalar key pairs with its leaf certificate (326.09ms)
[525/850] PASS: PrivateKey.pairsWith: auto-inferred RSA and P-256 keys pair with their leaves (326.19ms)
[526/850] PASS: PrivateKey.pairsWith: same-algorithm mismatch is a named error (326.25ms)
[527/850] PASS: PrivateKey.pairsWith: cross-algorithm mismatch is a named error (326.29ms)
[528/850] PASS: PrivateKey.pairsWith: garbage leaf DER is not a certificate (326.31ms)
[529/850] PASS: PrivateKey.pairsWith: trailing bytes make leaf DER invalid (326.35ms)
[530/850] PASS: ML-KEM-768 encapsulate/decapsulate round-trip (326.44ms)
[531/850] PASS: ML-KEM-1024 encapsulate/decapsulate round-trip (326.54ms)
[532/850] PASS: ML-KEM encapsulation-key modulus boundary (326.56ms)
[533/850] PASS: ML-KEM rejects non-canonical encapsulation keys (326.56ms)
[534/850] PASS: ML-KEM rejects a wrong-length ciphertext (326.58ms)
[535/850] PASS: classify: bounded PSK identity admission is a buffer-class limit (326.59ms)
[536/850] PASS: classify: certificate failures never fall into a generic bucket (326.59ms)
[537/850] PASS: classify: authentication failures are their own class (326.59ms)
[538/850] PASS: classify: remaining buckets (326.59ms)
[539/850] PASS: parseHeader: valid plaintext record (326.60ms)
[540/850] PASS: parseHeader: application_data record (TLSCiphertext) (326.60ms)
[541/850] PASS: parseHeader: ignores legacy_record_version (326.60ms)
[542/850] PASS: parseHeader: buffer too short (326.60ms)
[543/850] PASS: parseHeader: exactly 5 bytes (header only, no fragment) (326.61ms)
[544/850] PASS: parseHeader: max valid length (326.61ms)
[545/850] PASS: parseHeader: length exceeds max (326.61ms)
[546/850] PASS: Header.init round-trips with parseHeader (326.61ms)
[547/850] PASS: Header.write: emits TLS 1.2 legacy_record_version (326.61ms)
[548/850] PASS: fuzz: parseHeader handles arbitrary input (326.62ms)
[549/850] PASS: kernel cipher_type values match KtlsCipherType (326.62ms)
[550/850] PASS: kernel socket option constants (326.62ms)
[551/850] PASS: packed kTLS info secureZero methods erase every byte (326.63ms)
[552/850] PASS: packAesGcm128 splits the 12-byte IV and copies key/seq (326.63ms)
[553/850] PASS: packAesGcm128 rejects a non-AES-GCM-128 info (326.63ms)
[554/850] PASS: packChaCha20Poly1305 uses the full 12-byte IV (326.63ms)
[555/850] PASS: packAesGcm256 copies the 32-byte key and splits the IV (326.64ms)
[556/850] PASS: install errno decode maps onto InstallError (326.64ms)
[557/850] PASS: a record-type cmsg occupies the kernel's CMSG_LEN and CMSG_SPACE (326.65ms)
[558/850] PASS: ControlBuffer.init writes one cmsg and zeroes the padding (326.65ms)
[559/850] PASS: parseRecordType rejects control data off the kTLS contract (326.65ms)
[560/850] PASS: ulpInstall attaches once, and only to an established TCP socket (326.75ms)
[561/850] PASS: txInstall and rxInstall accept a synthetic TLS 1.3 AES-128-GCM key (326.80ms)
[562/850] PASS: installs without the ULP are typed Unavailable errors, not panics (326.83ms)
[563/850] PASS: a crypto_info the kernel cannot use is a typed EINVAL failure (326.86ms)
[564/850] PASS: record-type cmsg round-trips through a live kTLS pair (326.91ms)
[565/850] PASS: Outbox: fresh outbox is not write-blocked (326.91ms)
[566/850] PASS: Outbox: send drains fully and completes write once (326.92ms)
[567/850] PASS: Outbox: partial send stays blocked and does not complete write (326.92ms)
[568/850] PASS: Outbox: zero-byte progress stays blocked (326.92ms)
[569/850] PASS: Outbox: idle flush is drained without completing write (326.92ms)
[570/850] PASS: Outbox: partial drain resumes across flush calls (326.93ms)
[571/850] PASS: Outbox: queue while blocked returns PendingWrite (326.93ms)
[572/850] PASS: Outbox: writer error leaves pending tail and does not complete write (326.93ms)
[573/850] PASS: Outbox: writer over-reporting bytes returns WriteOverflow (326.93ms)
[574/850] PASS: Outbox: sequential records complete once each (326.94ms)
[575/850] PASS: next: two records coalesced in one fill (326.94ms)
[576/850] PASS: next: record split across two fills (326.94ms)
[577/850] PASS: next: truncated records return null (326.95ms)
[578/850] PASS: next: in-place mutation of a returned record survives across next() (326.95ms)
[579/850] PASS: next: oversized length is rejected (326.95ms)
[580/850] PASS: isEmpty distinguishes drained, partial, and complete records (326.95ms)
[581/850] PASS: parse: rejects oversized legacy_session_id_echo without overflow (326.96ms)
[582/850] PASS: encode: round trips through parse (326.96ms)
[583/850] PASS: parse: accepts secp256r1 key_share (326.97ms)
[584/850] PASS: parse: rejects compressed secp256r1 key_share (326.97ms)
[585/850] PASS: parse: accepts secp384r1 key_share (326.97ms)
[586/850] PASS: parse: rejects compressed secp384r1 key_share (326.98ms)
[587/850] PASS: encode: echoes session id (326.98ms)
[588/850] PASS: parse: RFC 8448 §3 ServerHello (326.98ms)
[589/850] PASS: parse: wrong handshake type (326.99ms)
[590/850] PASS: parse: truncated message (326.99ms)
[591/850] PASS: parse: rejects HelloRetryRequest (326.99ms)
[592/850] PASS: parse: missing extensions / no supported_versions yields UnsupportedTlsVersion (326.99ms)
[593/850] PASS: parse: rejects mismatched handshake length (326.99ms)
[594/850] PASS: parse: rejects unknown cipher suite (327.00ms)
[595/850] PASS: parse: rejects oversized extensions block (327.00ms)
[596/850] PASS: parse: rejects duplicate supported_versions (327.00ms)
[597/850] PASS: parse: rejects duplicate key_share (327.01ms)
[598/850] PASS: parse: rejects unknown unsolicited extension (327.01ms)
[599/850] PASS: parse: rejects GREASE ServerHello extension (327.01ms)
[600/850] PASS: parse: rejects forbidden signature_algorithms extension (327.01ms)
[601/850] PASS: parse: rejects forbidden heartbeat extension (327.02ms)
[602/850] PASS: parse: rejects record_size_limit in ServerHello (327.02ms)
[603/850] PASS: parse: rejects key_share for unsupported group (327.02ms)
[604/850] PASS: parse: unsupported TLS version in supported_versions is illegal_parameter (327.03ms)
[605/850] PASS: parse: rejects TLS 1.2 downgrade sentinel (327.03ms)
[606/850] PASS: parse: rejects TLS 1.1 downgrade sentinel (327.03ms)
[607/850] PASS: parse: rejects downgrade sentinel when supported_versions selects TLS 1.3 (327.04ms)
[608/850] PASS: parse: accepts non-0x0303 legacy_version when supported_versions selects TLS 1.3 (327.04ms)
[609/850] PASS: parse: no supported_versions + downgrade sentinel yields IllegalParameter (327.04ms)
[610/850] PASS: parse: rejects ServerHello without supported_versions as legacy (327.05ms)
[611/850] PASS: parse: rejects SSLv3-or-lower legacy version (327.05ms)
[612/850] PASS: parse: rejects mismatched session id echo (327.05ms)
[613/850] PASS: parse: rejects non-zero compression method (327.06ms)
[614/850] PASS: fuzz: parse handles arbitrary input (327.06ms)
[615/850] PASS: encodeHelloRetryRequest: parse round-trip (327.06ms)
[616/850] PASS: parseHelloRetryRequest: rejects mismatched session id echo (327.07ms)
[617/850] PASS: parseHelloRetryRequest: RFC 8448 §5 (327.07ms)
[618/850] PASS: parseHelloRetryRequest: no cookie (327.07ms)
[619/850] PASS: parseHelloRetryRequest: rejects non-HRR Random (327.07ms)
[620/850] PASS: parseHelloRetryRequest: rejects wrong type (327.08ms)
[621/850] PASS: parseHelloRetryRequest: rejects TLS 1.2 in supported_versions (327.08ms)
[622/850] PASS: parseHelloRetryRequest: ignores non-0x0303 legacy_version (327.08ms)
[623/850] PASS: parseHelloRetryRequest: rejects SSLv3-or-lower legacy version (327.08ms)
[624/850] PASS: parseHelloRetryRequest: rejects non-zero compression method (327.09ms)
[625/850] PASS: parseHelloRetryRequest: rejects unknown cipher suite (327.09ms)
[626/850] PASS: parseHelloRetryRequest: rejects trailing bytes after extensions (327.09ms)
[627/850] PASS: parseHelloRetryRequest: rejects cookie extension trailing bytes (327.10ms)
[628/850] PASS: parseHelloRetryRequest: rejects missing supported_versions (327.10ms)
[629/850] PASS: parseHelloRetryRequest: rejects unknown unsolicited extension (327.10ms)
[630/850] PASS: parseHelloRetryRequest: rejects record_size_limit (327.11ms)
[631/850] PASS: KEM key_share round-trip: ServerHello encode → parse preserves 1120-byte ciphertext (327.12ms)
[632/850] PASS: fuzz: parseHelloRetryRequest handles arbitrary input (327.13ms)
[633/850] PASS: Config.validate reports invalid lists and missing P-384 material (327.19ms)
[634/850] PASS: sendAlert: plaintext fatal alert before ClientHello (327.24ms)
[635/850] PASS: sendAlert: encrypted close_notify after handshake (327.46ms)
[636/850] PASS: handleRecord: rejects ChangeCipherSpec before ClientHello (327.51ms)
[637/850] PASS: handleRecord: drops valid ChangeCipherSpec while waiting for client Finished (327.66ms)
[638/850] PASS: handleRecord: rejects malformed ChangeCipherSpec payload (327.81ms)
[639/850] PASS: handleRecord: ClientHello returns ServerHello write and enforces pending write (327.96ms)
[640/850] PASS: handleRecord: zero-length plaintext handshake is rejected (328.03ms)
[641/850] PASS: handleRecord: rejects application_data before connected (328.08ms)
[642/850] PASS: acceptClientHello: emits ServerHello and installs handshake keys (328.36ms)
[643/850] PASS: acceptClientHello: negotiates secp256r1 key share (328.58ms)
[644/850] PASS: acceptClientHello: negotiates secp384r1 key share (334.46ms)
[645/850] PASS: acceptClientHello: emits HelloRetryRequest for missing secp256r1 key share (334.57ms)
[646/850] PASS: acceptClientHello: rejects ClientHello2 with changed SNI or ALPN after HRR (334.73ms)
[647/850] PASS: acceptClientHello: rejects early_data in ClientHello2 after HRR (334.81ms)
[648/850] PASS: acceptClientHello: rejects replaced PSK identity in ClientHello2 despite valid binder (334.92ms)
[649/850] PASS: acceptClientHello: rejects added, reordered, or dropped PSK identities in CH2 (335.16ms)
[650/850] PASS: acceptClientHello: accepts permitted ClientHello2 PSK updates after HRR (335.68ms)
[651/850] PASS: acceptClientHello: bounded PSK identity admission before HelloRetryRequest (335.89ms)
[652/850] PASS: acceptClientHello: rejects removal of an unknown identity whose binder claims the HRR hash (335.99ms)
[653/850] PASS: acceptClientHello: HRR path rejects a slack-byte identities vector in CH1 (336.08ms)
[654/850] PASS: acceptClientHello: HRR path rejects a slack-byte identities vector in CH2 (336.19ms)
[655/850] PASS: acceptClientHello: PSK selection rejects a slack-byte identities vector (336.27ms)
[656/850] PASS: acceptClientHello: rejects ClientHello2 that ignores HRR selected group (336.37ms)
[657/850] PASS: acceptClientHello: rejects ClientHello2 with extra key share (336.48ms)
[658/850] PASS: acceptClientHello: HRR sends at most one compatibility ChangeCipherSpec (336.64ms)
[659/850] PASS: acceptClientHello: emits compatibility ChangeCipherSpec for non-empty legacy_session_id (336.78ms)
[660/850] PASS: sendAnonymousFlightForTest: client decrypts EncryptedExtensions and Finished (337.06ms)
[661/850] PASS: sendPreparedServerFlight: credentials and pending write are enforced (337.41ms)
[662/850] PASS: sendPreparedServerFlight: encryption failure preserves handshake write epoch (337.73ms)
[663/850] PASS: sendAuthenticatedFlight: client decrypts authenticated server flight (338.06ms)
[664/850] PASS: sendAuthenticatedFlight: optional client auth sends CertificateRequest (338.38ms)
[665/850] PASS: NewSessionTicket emission derives matching client and server PSKs (338.84ms)
[666/850] PASS: NewSessionTicket emission rejects stale prepared PSK objects (339.29ms)
[667/850] PASS: server-issued NewSessionTicket resumes and can be renewed (340.12ms)
[668/850] PASS: NewSessionTicket emission owns unique bounded nonces (340.68ms)
[669/850] PASS: NewSessionTicket emission enforces write and kTLS ordering (341.12ms)
[670/850] PASS: NewSessionTicket emission preserves state on encoding failure (341.57ms)
[671/850] PASS: discardTicketPsk burns nonce and erases key material (342.01ms)
[672/850] PASS: processClientFinished: optional client auth accepts empty Certificate (342.45ms)
[673/850] PASS: processClientFinished: required client auth rejects empty Certificate (342.88ms)
[674/850] PASS: processClientFinished: required client auth verifies real client Certificate + CV (343.46ms)
[675/850] PASS: processClientFinished: bad client Finished does not retain identity (344.03ms)
[676/850] PASS: processClientFinished: client identity requires caller-owned storage (344.63ms)
[677/850] PASS: processClientFinished: required client auth rejects forged CertificateVerify (345.18ms)
[678/850] PASS: sendAuthenticatedFlight: client processes CertificateVerify and Finished (345.59ms)
[679/850] PASS: processClientFinished: verifies Finished and installs app keys (345.77ms)
[680/850] PASS: processClientFinished: rejects bad verify_data (345.94ms)
[681/850] PASS: processClientFinished: rejects EndOfEarlyData when 0-RTT was not accepted (346.10ms)
[682/850] PASS: handleRecord: rejects second plaintext ClientHello before Finished (346.26ms)
[683/850] PASS: handleRecord: rejects protected ClientHello after connected (346.44ms)
[684/850] PASS: handleRecord: rejects client KeyUpdate before Finished (346.60ms)
[685/850] PASS: receiveRecord: RX progresses while a server TX record is pending (346.79ms)
[686/850] PASS: receiveKtlsRecord: server processes kernel-decrypted records (346.98ms)
[687/850] PASS: ratchetKtlsTx: server advances only an idle TX epoch (347.17ms)
[688/850] PASS: handleRecord: client KeyUpdate(update_requested) ratchets rx and responds (347.36ms)
[689/850] PASS: handleRecord: client KeyUpdate(update_not_requested) ratchets rx only (347.55ms)
[690/850] PASS: sendKeyUpdate: server-initiated KeyUpdate encrypts under old key then ratchets tx (347.73ms)
[691/850] PASS: handleRecord: self-initiated sendKeyUpdate response surfaces rx only (347.93ms)
[692/850] PASS: handleRecord: KeyUpdate not at record boundary is rejected (348.11ms)
[693/850] PASS: handleRecord: invalid client KeyUpdate request is rejected (348.31ms)
[694/850] PASS: handleRecord: zero-length encrypted handshake is rejected (348.49ms)
[695/850] PASS: handleRecord: all-zero inner plaintext maps to unexpected_message (348.67ms)
[696/850] PASS: handleRecord: illegal post-handshake inner content type is rejected (348.86ms)
[697/850] PASS: handleRecord: empty application data does not reset post-handshake flood counter (349.04ms)
[698/850] PASS: handleRecord: KeyUpdate flood is rejected (349.42ms)
[699/850] PASS: handleRecord: KeyUpdate flood cap fires despite empty app-data interleaving (349.74ms)
[700/850] PASS: EstablishedSession: struct stays compact against the handshake engine (349.74ms)
[701/850] PASS: extractEstablished: connected events match the handshake engine (350.14ms)
[702/850] PASS: extractEstablished: engine is consumed and immediate deinit is safe (350.32ms)
[703/850] PASS: extractEstablished: moved-from rx/tx are wiped, the session's copies stay live (350.50ms)
[704/850] PASS: extractEstablished: deferred KeyUpdate obligation blocks application writes (350.69ms)
[705/850] PASS: extractEstablished: KeyUpdate flood cap survives extraction and resets on app data (351.00ms)
[706/850] PASS: extractEstablished: KeyUpdate fragment carries across extraction (351.18ms)
[707/850] PASS: extractEstablished: KeyUpdate record-boundary and fragment rules hold (351.36ms)
[708/850] PASS: extractEstablished: close_notify and fatal alerts keep server semantics (351.54ms)
[709/850] PASS: extractEstablished: sendAlert latches and ratchetTx advances the TX epoch (351.73ms)
[710/850] PASS: extractEstablished: SHA-384 suite ratchets and exchanges app data (352.32ms)
[711/850] PASS: extractEstablished: NewSessionTicket is issued before extraction (352.79ms)
[712/850] PASS: key update: simultaneous update_requested remains connected (353.28ms)
[713/850] PASS: fuzz: ServerHandshake.handleRecord rejects arbitrary input (353.33ms)
[714/850] PASS: fuzz: connected ServerHandshake.handleRecord rejects arbitrary input (354.25ms)
[715/850] PASS: application data: server sends and receives (354.43ms)
[716/850] PASS: in-memory authenticated client-server handshake reaches app data (354.87ms)
[717/850] PASS: in-memory authenticated client-server handshake suite matrix (356.77ms)
[718/850] PASS: in-memory KeyUpdate round trip across all cipher suites (358.83ms)
[719/850] PASS: selectPsk: verifies the binder for a matching PSK identity (358.91ms)
[720/850] PASS: selectPsk: returns null when the PSK binder does not verify (358.99ms)
[721/850] PASS: selectPsk: oversized binders_len does not overflow (359.06ms)
[722/850] PASS: PSK offer without psk_key_exchange_modes aborts (359.18ms)
[723/850] PASS: PSK offer with only psk_ke disables resumption and ticket issuance (359.38ms)
[724/850] PASS: client authentication policy declines PSK resumption (359.97ms)
[725/850] PASS: PSK selection skips cipher suites with an incompatible hash (360.56ms)
[726/850] PASS: in-memory PSK resumption reaches app data (360.93ms)
[727/850] PASS: in-memory RFC 10024 PSK resumption matrix reaches app data (368.12ms)
[728/850] PASS: in-memory RFC 10024 PSK resumption survives HRR (375.28ms)
[729/850] PASS: in-memory RFC 10024 SHA-384 PSK resumption survives HRR (385.13ms)
[730/850] PASS: PSK fast-path rejects bare Finished when server did NOT select PSK (385.41ms)
[731/850] PASS: in-memory 0-RTT early data is decrypted by the server (385.78ms)
[732/850] PASS: 0-RTT: accepted early data distinguishes authentication and handshake errors (386.48ms)
[733/850] PASS: 0-RTT: server rejects early data exceeding max_early_data_size (386.71ms)
[734/850] PASS: 0-RTT: max u32 early-data limit rejects bytes beyond remaining budget (386.76ms)
[735/850] PASS: 0-RTT: no PSK selected means early data is skipped and 1-RTT completes (387.23ms)
[736/850] PASS: 0-RTT: declined early records in flight are skipped and 1-RTT completes (387.59ms)
[737/850] PASS: 0-RTT: required client auth declines PSK, skips early data, completes 1-RTT (388.22ms)
[738/850] PASS: 0-RTT: decline skip budget exhaustion aborts the handshake (388.43ms)
[739/850] PASS: 0-RTT: corrupted record after the skip window aborts (388.71ms)
[740/850] PASS: 0-RTT: HRR decline skips in-flight early data and the retry handshake completes (389.20ms)
[741/850] PASS: 0-RTT: default decline-skip budget covers a full max-size early record (389.67ms)
[742/850] PASS: 0-RTT: HRR decline skip budget exhaustion aborts the handshake (389.80ms)
[743/850] PASS: 0-RTT: HRR decline skip rejects malformed application_data records (389.93ms)
[744/850] PASS: 0-RTT: HRR skip window closes at ClientHello2 (390.22ms)
[745/850] PASS: 0-RTT: server declines, client sends no EndOfEarlyData (390.58ms)
[746/850] PASS: 0-RTT: client rejects server-sent EndOfEarlyData (390.64ms)
[747/850] PASS: 0-RTT: processClientFinished rejects Finished before EndOfEarlyData (390.89ms)
[748/850] PASS: preferredHybridShare follows server preference (390.95ms)
[749/850] PASS: in-memory RFC 10024 hybrid group matrix reaches app data (398.38ms)
[750/850] PASS: RFC 10024 hybrid group matrix negotiates through HRR (405.19ms)
[751/850] PASS: hybrid share requires explicit server policy (405.40ms)
[752/850] PASS: in-memory HRR round trip reaches app data (405.85ms)
[753/850] PASS: acceptClientHello: server suite preference (406.00ms)
[754/850] PASS: acceptClientHello: exposes SNI via clientServerName (406.15ms)
[755/850] PASS: acceptClientHello: clientServerName is null when SNI absent (406.30ms)
[756/850] PASS: acceptClientHello: rejects unsupported suite (406.37ms)
[757/850] PASS: acceptClientHello: ignores unknown cipher suites in mixed list (406.65ms)
[758/850] PASS: acceptClientHello: rejects ClientHello with no shared group (406.72ms)
[759/850] PASS: handleRecord: reassembles ClientHello split across records (406.87ms)
[760/850] PASS: handleRecord: reassembles ClientHello with header and body in separate records (407.02ms)
[761/850] PASS: handleRecord: rejects CCS while ClientHello fragment pending (407.09ms)
[762/850] PASS: handleRecord: processes alert while ClientHello fragment pending (407.16ms)
[763/850] PASS: handleRecord: plaintext fatal alert in wait_ch records detail (407.26ms)
[764/850] PASS: handleRecord: unknown alert codes are preserved (407.31ms)
[765/850] PASS: handleRecord: lastPeerAlert replaced by later alert, preserved by close/malformed (407.36ms)
[766/850] PASS: handleRecord: rejects fragmented ClientHello without reassembly buffer (407.43ms)
[767/850] PASS: handleRecord: state reset after invalid fragmented ClientHello (407.58ms)
[768/850] PASS: handleRecord: rejects trailing bytes after fragmented ClientHello (407.73ms)
[769/850] PASS: handleRecord: reassembles ClientHello2 split across records after HRR (407.88ms)
[770/850] PASS: handleRecord: reassembles fragmented client Finished across encrypted records (408.07ms)
[771/850] PASS: handleRecord: rejects interleaved alert during Finished fragment reassembly (408.25ms)
[772/850] PASS: handleRecord: rejects plaintext alert during Finished fragment reassembly (408.41ms)
[773/850] PASS: handleRecord: encrypted fatal alert while waiting for Finished records detail (408.57ms)
[774/850] PASS: handleRecord: rejects plaintext alert while waiting for Finished (408.73ms)
[775/850] PASS: handleRecord: rejects zero-length encrypted handshake while waiting for Finished (408.89ms)
[776/850] PASS: handleRecord: reassembles ClientHello when handshake header is split after 1 byte (409.04ms)
[777/850] PASS: handleRecord: server reassembles 1-byte fragmented KeyUpdate(update_requested) (409.24ms)
[778/850] PASS: handleRecord: fragmented KeyUpdate(update_not_requested) works (409.43ms)
[779/850] PASS: handleRecord: non-KeyUpdate fragment starts are rejected (409.61ms)
[780/850] PASS: handleRecord: KeyUpdate with trailing record bytes is rejected before ratchet (409.79ms)
[781/850] PASS: handleRecord: app-data interleaving during KeyUpdate reassembly is rejected (409.97ms)
[782/850] PASS: receiveApplicationData: app-data interleaving during KeyUpdate reassembly is rejected (410.14ms)
[783/850] PASS: handleRecord: alert interleaving during KeyUpdate reassembly is rejected (410.33ms)
[784/850] PASS: handleRecord: connected close_notify is clean, fatal alert records detail (410.51ms)
[785/850] PASS: handleRecord: zero-length handshake during KeyUpdate reassembly is rejected (410.69ms)
[786/850] PASS: handleRecord: ClientHello body_len 0xFFFFFF rejected without overflow (fast path) (410.74ms)
[787/850] PASS: handleRecord: split-header reassembly body_len 0xFFFFFF rejected without overflow (410.79ms)
[788/850] PASS: deinit leaves caller-owned buffers to the caller (410.95ms)
[789/850] PASS: Writer.append: u8 (410.96ms)
[790/850] PASS: Writer.append: u16 big-endian (410.96ms)
[791/850] PASS: Writer.append: u24 big-endian (410.96ms)
[792/850] PASS: Writer.appendSlice (410.97ms)
[793/850] PASS: Writer.append: enum (410.97ms)
[794/850] PASS: Reader.read: u8 (410.97ms)
[795/850] PASS: Reader.read: u16 big-endian (410.97ms)
[796/850] PASS: Reader.read: enum (410.97ms)
[797/850] PASS: Reader.readSlice: zero-copy (410.98ms)
[798/850] PASS: Reader.read: UnexpectedEof (410.98ms)
[799/850] PASS: Reader assume methods skip bounds checks after caller validation (410.98ms)
[800/850] PASS: Writer.reserve: write directly into buffer (410.98ms)
[801/850] PASS: Writer: sequential appends (410.98ms)
[802/850] PASS: encode and parse NewSessionTicket round trip (410.99ms)
[803/850] PASS: encode validates NewSessionTicket bounds before writing (410.99ms)
[804/850] PASS: parse: valid NewSessionTicket (411.00ms)
[805/850] PASS: parse: captures early_data max_early_data_size (411.00ms)
[806/850] PASS: parse: skips unknown ticket extension (411.00ms)
[807/850] PASS: parse: skips GREASE ticket extension (411.00ms)
[808/850] PASS: parse: rejects duplicate early_data extension (411.01ms)
[809/850] PASS: parse: rejects malformed early_data length (411.01ms)
[810/850] PASS: parse: wrong handshake type (411.01ms)
[811/850] PASS: parse: rejects length mismatch (411.01ms)
[812/850] PASS: parse: rejects empty ticket (411.02ms)
[813/850] PASS: parse: rejects malformed extensions length (411.02ms)
[814/850] PASS: fuzz: parse handles arbitrary input (411.02ms)
[815/850] PASS: encode: empty EncryptedExtensions (411.02ms)
[816/850] PASS: encode: ALPN EncryptedExtensions (411.02ms)
[817/850] PASS: encode: early_data accepted in EncryptedExtensions (411.03ms)
[818/850] PASS: encode: early_data omitted when not accepted (411.03ms)
[819/850] PASS: parse: valid EncryptedExtensions (411.03ms)
[820/850] PASS: parse: ALPN selection (411.03ms)
[821/850] PASS: parse: rejects unsolicited ALPN (411.04ms)
[822/850] PASS: parse: rejects unoffered ALPN (411.04ms)
[823/850] PASS: parse: rejects duplicate ALPN extension (411.04ms)
[824/850] PASS: parse: rejects multiple ALPN protocols (411.04ms)
[825/850] PASS: parse: rejects forbidden supported_versions extension (411.05ms)
[826/850] PASS: parse: rejects forbidden key_share extension (411.05ms)
[827/850] PASS: parse: rejects forbidden heartbeat extension (411.05ms)
[828/850] PASS: parse: rejects GREASE EncryptedExtensions extension (411.05ms)
[829/850] PASS: parse: rejects unknown unsolicited extension (411.06ms)
[830/850] PASS: parse: accepts server_name acknowledgment when SNI offered (411.06ms)
[831/850] PASS: parse: rejects server_name when SNI not offered (411.06ms)
[832/850] PASS: parse: rejects server_name acknowledgment with non-empty extension_data (411.06ms)
[833/850] PASS: parse: rejects unoffered record_size_limit in EncryptedExtensions (411.07ms)
[834/850] PASS: parse: accepts offered record_size_limit in EncryptedExtensions (411.07ms)
[835/850] PASS: parse: rejects malformed record_size_limit in EncryptedExtensions (411.07ms)
[836/850] PASS: parse: ignores supported_groups extension (411.07ms)
[837/850] PASS: parse: wrong handshake type (411.08ms)
[838/850] PASS: parse: truncated (411.08ms)
[839/850] PASS: encode round-trips via parse (411.08ms)
[840/850] PASS: parse rejects wrong handshake type (411.08ms)
[841/850] PASS: parse rejects missing signature_algorithms (411.09ms)
[842/850] PASS: parse rejects duplicate signature_algorithms (411.09ms)
[843/850] PASS: encodedLen is accurate (411.09ms)
[844/850] PASS: verify: wrong verify_data (411.10ms)
[845/850] PASS: verify: wrong handshake type (411.10ms)
[846/850] PASS: encode then verify round-trip (411.10ms)
[847/850] PASS: messageHashSynthetic: SHA-256 header (411.11ms)
[848/850] PASS: messageHashSynthetic: SHA-384 header (411.11ms)
[849/850] PASS: messageHashSynthetic: RFC 8448 §5 ClientHello1 SHA-256 (411.11ms)
[850/850] PASS: fill writes caller buffer (411.11ms)

ztest: 849 passed, 0 failed, 1 skipped (of 850 total) in 1411ms
ALL TESTS PASSED
