encrypted-pem-check: ok (pipe, terminal)
errq-alloc-check: early client abort
errq-alloc-check: early server abort
errq-alloc-check: FAILED: AllocationGrowth
test
+- run exe errq-alloc-check failure
error: the following command exited with error code 1:
/tmp/ztls-signoff-20260919/cache/o/f3d49f3b6c1a9e89bf5e4965e317032e/errq-alloc-check
ztest: Running 850 tests...
[1/850] PASS: test_0 (760.51ms)
[2/850] PASS: Wycheproof: X25519 shared secret tcId 1 (761.29ms)
[3/850] PASS: Wycheproof boundary: X25519 identity element is rejected (761.35ms)
[4/850] PASS: Wycheproof boundary: X25519 small-order public key is rejected (761.41ms)
[5/850] PASS: Wycheproof: AES-128-GCM AAD/tag handling tcId 2 (761.64ms)
[6/850] PASS: Wycheproof boundary: AES-256-GCM AAD/tag handling (761.65ms)
[7/850] PASS: Wycheproof: ChaCha20-Poly1305 one-byte message tcId 4 (761.66ms)
[8/850] PASS: Wycheproof boundary: ChaCha20-Poly1305 AAD handling (761.67ms)
[9/850] PASS: OpenSSL s_server interoperates with ztls client (830.70ms)
[10/850] PASS: OpenSSL s_server interoperates with ztls P-384 client (859.93ms)
[11/850] PASS: OpenSSL s_server interoperates with ztls RFC 10024 client groups (932.52ms)
[12/850] PASS: ztls client resumes with OpenSSL s_server (PSK resumption) (958.06ms)
[13/850] PASS: ztls client sends 0-RTT early data to OpenSSL s_server (983.65ms)
[14/850] PASS: OpenSSL s_client interoperates with ztls server (1020.42ms)
[15/850] PASS: OpenSSL s_client resumes with ztls server-issued ticket (44.92ms)
[16/850] PASS: OpenSSL s_client interoperates with ztls P-384 server (60.89ms)
[17/850] PASS: OpenSSL s_client interoperates with ztls RFC 10024 server groups (101.78ms)
[18/850] PASS: OpenSSL s_client with -cert interoperates with ztls server (required client auth) (117.98ms)
[19/850] PASS: ztls client with credentials interoperates with OpenSSL s_server -Verify (143.78ms)
[20/850] PASS: ztls-to-ztls TCP KeyUpdate round trip with ChaCha20-Poly1305 (188.11ms)
[21/850] PASS: backend.x25519: RFC 7748 §5.2 shared secret (188.20ms)
[22/850] PASS: backend.x25519: RFC 7748 §6.1 mutual key agreement (188.31ms)
[23/850] PASS: backend.x25519: Wycheproof tcId 1 shared secret (188.37ms)
[24/850] PASS: backend.x25519: all-zero public key is rejected (IdentityElement) (188.43ms)
[25/850] PASS: backend.x25519: small-order public key is rejected (IdentityElement) (188.49ms)
[26/850] PASS: backend.aead: round-trip for every advertised cipher suite (188.50ms)
[27/850] PASS: backend.aead: tag corruption is rejected for every advertised cipher suite (188.51ms)
[28/850] PASS: backend.aead: ciphertext corruption is rejected for every advertised cipher suite (188.52ms)
[29/850] PASS: backend.aead: Wycheproof AES-128-GCM tcId 2 (188.53ms)
[30/850] PASS: backend.aead: Wycheproof AES-256-GCM AAD boundary (188.54ms)
[31/850] PASS: backend.aead: Wycheproof ChaCha20-Poly1305 AAD boundary (188.54ms)
[32/850] PASS: backend.aead: ChaCha20-Poly1305 RFC 8439 §2.8.2 known-answer vector (188.56ms)
[33/850] PASS: backend.p256: mutual key agreement with fixed scalars (188.78ms)
[34/850] PASS: backend.p256: non-04 SEC1 prefix is rejected (188.80ms)
[35/850] PASS: backend.p256: off-curve point is rejected (188.81ms)
[36/850] PASS: backend.p256: zero scalar private key is rejected (188.82ms)
[37/850] PASS: backend.p256: Wycheproof tcId 1 shared secret (188.92ms)
[38/850] PASS: backend.p384: mutual key agreement with fixed scalars (192.40ms)
[39/850] PASS: backend.p384: non-04 SEC1 prefix is rejected (193.53ms)
[40/850] PASS: backend.p384: off-curve point is rejected (193.55ms)
[41/850] PASS: backend.p384: zero scalar private key is rejected (193.56ms)
[42/850] PASS: backend.p384: Wycheproof tcId 1 shared secret (195.28ms)
[43/850] PASS: backend.sign: RSA-PSS SHA-256 sign/verify round-trip (196.61ms)
[44/850] PASS: backend.sign: RSA-PSS SHA-256 rejects tampered signature (197.53ms)
[45/850] PASS: backend.sign: RSA-PSS SHA-384 sign/verify round-trip and tamper rejection (198.45ms)
[46/850] PASS: backend.sign: ECDSA P-256 SHA-256 sign/verify round-trip (198.59ms)
[47/850] PASS: backend.sign: ECDSA P-256 SHA-256 rejects tampered signature (198.67ms)
[48/850] PASS: backend.sign: ECDSA P-384 SHA-384 sign/verify round-trip and tamper rejection (200.95ms)
[49/850] PASS: backend.sign: BufferTooShort on undersized output (201.00ms)
[50/850] PASS: backend.sign: key/scheme mismatch is a libcrypto failure (201.03ms)
[51/850] PASS: backend.sign: Wycheproof RSA-PSS tcId 3 verify (201.08ms)
[52/850] PASS: backend.sign: Wycheproof RSA-PSS tcId 62 invalid signature (201.13ms)
[53/850] PASS: backend.sign: Wycheproof ECDSA P-256 tcId 1 verify (201.20ms)
[54/850] PASS: backend.sign: Wycheproof ECDSA P-256 tcId 6 invalid signature (201.23ms)
[55/850] PASS: backend.sign: Wycheproof ECDSA P-384 tcId 1 verify (201.74ms)
[56/850] PASS: backend.sign: Wycheproof ECDSA P-384 tcId 6 invalid signature (201.78ms)
[57/850] PASS: backend error-queue hygiene: malformed EC public key leaves no residue (#88) (201.78ms)
[58/850] PASS: backend error-queue hygiene: caller queue entries survive a failing wrapper (#88) (202.05ms)
[59/850] PASS: backend error-queue hygiene: scalar key load does not nest guards (#88) (202.13ms)
[60/850] PASS: backend error-queue hygiene: repeated failures leave the queue empty each round (#88) (202.22ms)
[61/850] PASS: backend error-queue hygiene: successful key load preserves caller entries (#88) (202.32ms)
[62/850] PASS: backend error-queue hygiene: failed signature verification leaves no residue (#88) (202.36ms)
[63/850] PASS: backend error-queue hygiene: failed record decrypt leaves no residue (#88) (202.37ms)
[64/850] PASS: backend error-queue hygiene: failed decrypt preserves caller entries exactly (#88) (202.45ms)
[65/850] PASS: backend error-queue hygiene: DER key load preservation is lane-dependent (#88) (202.56ms)
[66/850] PASS: backend error-queue hygiene: scheme inference preserves caller entries (#112) (202.66ms)
[67/850] PASS: backend error-queue hygiene: declined encrypted PEM loads leave no residue (#114) (202.72ms)
[68/850] PASS: backend error-queue hygiene: cert/key mismatch preservation is lane-dependent (#113) (202.93ms)
[69/850] PASS: RFC 5280 §4.2.1.10 name-constraint verdicts vs OpenSSL 3.6.3 ground truth (203.40ms)
[70/850] PASS: fuzz: verifyNameConstraints handles arbitrary NameConstraints and SAN DER (203.41ms)
[71/850] PASS: capi: ztls_version returns a non-empty string (203.41ms)
[72/850] PASS: capi: insecure client init is explicitly named (203.41ms)
[73/850] PASS: capi: size and alignment are non-zero and sane (203.41ms)
[74/850] PASS: capi: NULL parameters are rejected (203.42ms)
[75/850] PASS: capi: full client handshake through the C ABI (203.94ms)
[76/850] PASS: capi: send_application_data before connected fails (204.00ms)
[77/850] PASS: capi: KeyUpdate response is surfaced as a write event (204.51ms)
[78/850] PASS: capi: KeyUpdate without response maps to none without pending write (204.97ms)
[79/850] PASS: capi: NewSessionTicket maps to none without pending write (205.41ms)
[80/850] PASS: encrypt: rejects mismatched plaintext and ciphertext lengths (205.42ms)
[81/850] PASS: decrypt: rejects mismatched plaintext and ciphertext lengths (205.42ms)
[82/850] PASS: Aes128Gcm: encrypt/decrypt round-trip (205.43ms)
[83/850] PASS: Aes256Gcm: encrypt/decrypt round-trip (205.43ms)
[84/850] PASS: ChaCha20Poly1305: encrypt/decrypt round-trip (205.44ms)
[85/850] PASS: ChaCha20Poly1305: RFC 8439 known-answer vector (205.45ms)
[86/850] PASS: ChaCha20Poly1305: empty plaintext known-answer vector (205.46ms)
[87/850] PASS: ChaCha20Poly1305: authentication failure on tampered ciphertext (205.46ms)
[88/850] PASS: ChaCha20Poly1305: authentication failure on tampered tag (205.47ms)
[89/850] PASS: ChaCha20Poly1305: authentication failure on tampered ad (205.47ms)
[90/850] PASS: decrypt: authentication failure on tampered ciphertext (205.47ms)
[91/850] PASS: decrypt: authentication failure on tampered tag (205.48ms)
[92/850] PASS: decrypt: authentication failure on tampered ad (205.48ms)
[93/850] PASS: construct: seq 0 is just the IV (205.49ms)
[94/850] PASS: construct: seq increments flip the right bytes (205.49ms)
[95/850] PASS: construct: XOR with non-zero IV (205.49ms)
[96/850] PASS: construct: seq max u64 produces expected nonce (205.50ms)
[97/850] PASS: parse: close_notify (205.50ms)
[98/850] PASS: parse: warning-level error alert is fatal (205.50ms)
[99/850] PASS: parse: unknown alert description is fatal (205.50ms)
[100/850] PASS: parse: user_canceled is not fatal (205.51ms)
[101/850] PASS: parse: truncated (205.51ms)
[102/850] PASS: parse: rejects coalesced alert bytes (205.51ms)
[103/850] PASS: encode (205.51ms)
[104/850] PASS: fuzz: parse handles arbitrary input (205.51ms)
[105/850] PASS: alertForError: certificate failures map to certificate alerts (205.52ms)
[106/850] PASS: alertForError: parser and semantic failures map to protocol alerts (205.52ms)
[107/850] PASS: alertForError: provider failure maps to internal_error (205.52ms)
[108/850] PASS: alertForError: unknown error maps to internal_error (205.52ms)
[109/850] PASS: parse: oversized cert_len does not overflow bounds check (205.53ms)
[110/850] PASS: parseClientCertificate: oversized ctx_len does not overflow (205.53ms)
[111/850] PASS: parse: extracts public key from ECDSA P-256 certificate (205.54ms)
[112/850] PASS: parse: wrong handshake type (205.55ms)
[113/850] PASS: parse: rejects mismatched Certificate handshake body length (205.55ms)
[114/850] PASS: encodeWithRequestContext: encodes empty client certificate list (205.55ms)
[115/850] PASS: encodeWithRequestContext: rejects oversized request context (205.55ms)
[116/850] PASS: parseClientCertificate: accepts empty certificate with matching context (205.56ms)
[117/850] PASS: parseClientCertificate: rejects mismatched request context (205.56ms)
[118/850] PASS: parse: rejects non-empty server certificate request context (205.56ms)
[119/850] PASS: parse: rejects empty certificate list (205.56ms)
[120/850] PASS: parse: rejects certificate list length shorter than entries (205.57ms)
[121/850] PASS: encode: round trips certificate chain (212.10ms)
[122/850] PASS: parse: rejects unsupported CertificateEntry status_request (212.11ms)
[123/850] PASS: parse: rejects unsupported CertificateEntry SCT (212.11ms)
[124/850] PASS: parse: rejects forbidden CertificateEntry status_request_v2 (212.12ms)
[125/850] PASS: parse: rejects duplicate CertificateEntry status_request (212.12ms)
[126/850] PASS: parse: rejects malformed CertificateEntry extension length (212.12ms)
[127/850] PASS: parse: ignores unknown CertificateEntry extension (212.13ms)
[128/850] PASS: parse: validates hostname (212.14ms)
[129/850] PASS: parse: rejects hostname mismatch (212.14ms)
[130/850] PASS: parse: rejects missing trust anchor by default (212.15ms)
[131/850] PASS: parse: validates leaf against trust bundle (218.81ms)
[132/850] PASS: parse: validates leaf-intermediate-root chain (231.87ms)
[133/850] PASS: parse: rejects end-entity certificate used as issuer (231.96ms)
[134/850] PASS: parse: rejects chain with intermediate before leaf (232.05ms)
[135/850] PASS: parse: anchors chain below a cross-signed root (251.49ms)
[136/850] PASS: parse: rejects cross-signed root without a bundle anchor below it (264.39ms)
[137/850] PASS: parse: rejects chain with missing intermediate (264.48ms)
[138/850] PASS: parse: rejects chain hostname mismatch (264.56ms)
[139/850] PASS: parse: rejects untrusted leaf when bundle misses issuer (264.57ms)
[140/850] PASS: parse: accepts chain with matching DNS name constraints (278.02ms)
[141/850] PASS: parse: rejects chain with excluded DNS name constraints (291.46ms)
[142/850] PASS: parse: rejects chain outside permitted DNS name constraints (304.98ms)
[143/850] PASS: parse: insecure no-anchor path still enforces name constraints (311.45ms)
[144/850] PASS: parse: rejects signed unprocessed critical extension for both roles (311.55ms)
[145/850] PASS: parse: accepts signed noncritical extension and supported critical extensions (337.61ms)
[146/850] PASS: parse: rejects signed SAN with an invalid wrapper (337.72ms)
[147/850] PASS: parse: rejects chain exceeding pathLenConstraint zero (357.91ms)
[148/850] PASS: parse: accepts pathLenConstraint zero with a CA target (371.39ms)
[149/850] PASS: parse: rejects chain exceeding pathLenConstraint one (398.24ms)
[150/850] PASS: parse: accepts chain at pathLenConstraint one (418.32ms)
[151/850] PASS: parse: imposes no path-length limit when pathLenConstraint is absent (438.51ms)
[152/850] PASS: parse: enforces the tightest of multiple pathLenConstraints (465.42ms)
[153/850] PASS: parse: accepts multiple satisfied pathLenConstraints (485.55ms)
[154/850] PASS: parse: self-issued intermediate does not consume path length (505.76ms)
[155/850] PASS: parse: intermediate below a self-issued certificate still counts (532.79ms)
[156/850] PASS: parse: trust anchor pathLenConstraint limits intermediates below it (553.00ms)
[157/850] PASS: parse: trust anchor pathLenConstraint satisfied (566.44ms)
[158/850] PASS: parse: certificates above the anchored path are outside the path (593.41ms)
[159/850] PASS: parse: cross-signed root constraint binds inside the anchored path (620.35ms)
[160/850] PASS: parseClientChain: rejects client chain exceeding pathLenConstraint zero (639.93ms)
[161/850] PASS: parseClientChain: accepts client chain at pathLenConstraint zero (653.05ms)
[162/850] PASS: parse: insecure no-anchor path still enforces pathLenConstraint (666.09ms)
[163/850] PASS: parse: insecure no-anchor path accepts constrained chain with self-issued steps (679.12ms)
[164/850] PASS: parse: malformed DER length is rejected, not crashed (679.13ms)
[165/850] PASS: certificate_policy.verifyServerAuth: non-v3 certificates are rejected (679.13ms)
[166/850] PASS: certificate_policy.verifyServerAuth: KeyUsage without digitalSignature is rejected (679.13ms)
[167/850] PASS: certificate_policy.verifyServerAuth: EKU without serverAuth is rejected (679.14ms)
[168/850] PASS: certificate_policy.verifyClientAuth: EKU without clientAuth is rejected (679.14ms)
[169/850] PASS: certificate_policy.verifyClientAuth: KeyUsage without digitalSignature is rejected (679.14ms)
[170/850] PASS: certificate_policy.verifyClientAuth: clientAuth EKU is accepted (679.14ms)
[171/850] PASS: certificate_policy.verifyServerAuth: legacy certificate signatures are rejected (679.15ms)
[172/850] PASS: certificate_policy.verifyServerAuth: RSA PKCS1 SHA-256 certificate signature is accepted (679.15ms)
[173/850] PASS: certificate_policy: Ed25519 chain signature algorithm accepted when advertised (679.15ms)
[174/850] PASS: certificate_policy: Ed25519 chain signature algorithm rejected when not advertised (679.16ms)
[175/850] PASS: parse: Ed25519 self-signed certificate verified via std.crypto (679.16ms)
[176/850] PASS: certificate_policy.verifyServerAuth: rejects certificate signature outside policy (679.17ms)
[177/850] PASS: certificate signature policy checks non-self-signed chain certificates (679.17ms)
[178/850] PASS: certificate signature policy skips self-signed chain certificates (679.17ms)
[179/850] PASS: certificate_policy.verifyServerAuth: unrestricted supported leaf is accepted (679.17ms)
[180/850] PASS: encodeCertificateVerify: wraps signature (679.18ms)
[181/850] PASS: verifySignature: valid ECDSA P-256 signature (679.29ms)
[182/850] PASS: verifySignature: valid RSA-PSS SHA-256 signature (679.35ms)
[183/850] PASS: verifySignature: rejects RSA-PSS signature with wrong salt length (679.39ms)
[184/850] PASS: verifySignature: wrong transcript hash (679.47ms)
[185/850] PASS: verifySignature: rejects scheme absent from offered list (679.48ms)
[186/850] PASS: verifySignature: client CV rejects scheme absent from offered list (679.48ms)
[187/850] PASS: verifySignature: rejects RSA PKCS1 CertificateVerify scheme (679.49ms)
[188/850] PASS: verifySignature: rejects certificate key and scheme mismatch (679.51ms)
[189/850] PASS: verifySignature: server signature is not valid for client context (679.58ms)
[190/850] PASS: verifySignature: wrong handshake type (679.59ms)
[191/850] PASS: parse: extracts critical name constraints (679.60ms)
[192/850] PASS: parse: extracts non-critical name constraints (679.61ms)
[193/850] PASS: fuzz: parse handles arbitrary input (679.61ms)
[194/850] PASS: CertificateChain: single certificate view (679.62ms)
[195/850] PASS: CertificateChain.fromPem: decodes a certificate chain (679.63ms)
[196/850] PASS: CertificateChain.fromPem: rejects malformed input (679.63ms)
[197/850] PASS: CertificateChain.fromPem: rejects exhausted caller storage (679.64ms)
[198/850] PASS: fuzz: CertificateChain.fromPem handles arbitrary input (679.65ms)
[199/850] PASS: active backend identity matches the private provider facade (679.65ms)
[200/850] PASS: hybrid capability queries match the active backend (679.65ms)
[201/850] PASS: validateHybridGroups reports local policy faults (679.66ms)
[202/850] PASS: requiresP384 identifies only P-384 hybrid policy (679.66ms)
[203/850] PASS: CipherSuite wire values (679.66ms)
[204/850] PASS: PskOfferIter: walks identity/binder pairs in offer order (679.66ms)
[205/850] PASS: PskOfferIter: rejects oversized lengths (679.67ms)
[206/850] PASS: PskOfferIter: rejects a slack-byte identities vector (679.67ms)
[207/850] PASS: PskOfferIter: rejects more binders than identities (679.67ms)
[208/850] PASS: encode: size matches encodedLen (679.68ms)
[209/850] PASS: encodeWithPsk: pre_shared_key is last, binder prefix and offset are correct (679.68ms)
[210/850] PASS: encodeWithPsk: rejects unsupported binder length (679.68ms)
[211/850] PASS: parse: ClientHello with pre_shared_key round-trips (679.69ms)
[212/850] PASS: encodeWithP256: size matches encodedLenWithP256 (679.70ms)
[213/850] PASS: encode: handshake type and legacy version (679.70ms)
[214/850] PASS: encode: cipher suites match backend capabilities (679.70ms)
[215/850] PASS: encode: legacy_session_id is empty (679.71ms)
[216/850] PASS: encode: supported_groups contains X25519 (679.71ms)
[217/850] PASS: encode: key_share contains public key (679.71ms)
[218/850] PASS: encodeWithP256: includes X25519 and secp256r1 key shares (679.72ms)
[219/850] PASS: encodeWithP256P384: includes X25519, secp256r1, and secp384r1 key shares (679.73ms)
[220/850] PASS: encodeWithP256P384: size matches encodedLenWithP256P384 (679.73ms)
[221/850] PASS: parse: accepts secp384r1 key share (680.91ms)
[222/850] PASS: parse: rejects compressed secp384r1 key share (680.92ms)
[223/850] PASS: encodeRetryAfterHrr: secp384r1 selected, no cookie (680.93ms)
[224/850] PASS: encode: SNI present when server_name set (680.93ms)
[225/850] PASS: encode: SNI absent when server_name is null (680.93ms)
[226/850] PASS: encode: supported_versions contains TLS 1.3 (680.94ms)
[227/850] PASS: encode: signature_algorithms match backend capabilities (680.94ms)
[228/850] PASS: encode: signature_algorithms_cert match backend capabilities (680.94ms)
[229/850] PASS: encode: ALPN present when protocols set (680.95ms)
[230/850] PASS: encode: rejects invalid ALPN protocols (680.95ms)
[231/850] PASS: parse: encoded ClientHello (680.96ms)
[232/850] PASS: parse: tracks offered SNI extension presence (680.96ms)
[233/850] PASS: parse: tracks offered record_size_limit extension presence (680.97ms)
[234/850] PASS: parse: accepts secp256r1 supported group and key share (681.00ms)
[235/850] PASS: parseSupportedGroups: records RFC 10024 groups (681.00ms)
[236/850] PASS: parse: rejects malformed X25519 key share (681.01ms)
[237/850] PASS: parse: rejects key share outside supported_groups (681.04ms)
[238/850] PASS: parse: rejects oversized legacy_session_id (681.05ms)
[239/850] PASS: parse: rejects SSLv3-or-lower legacy_version (681.05ms)
[240/850] PASS: parse: rejects missing supported_versions (681.06ms)
[241/850] PASS: parse: rejects supported_versions without TLS 1.3 (681.06ms)
[242/850] PASS: parse: rejects missing supported_groups (681.07ms)
[243/850] PASS: parse: rejects missing signature_algorithms (681.07ms)
[244/850] PASS: parse: rejects malformed signature_algorithms (681.08ms)
[245/850] PASS: parse: rejects signature_algorithms without TLS 1.3 handshake scheme (681.08ms)
[246/850] PASS: parse: rejects malformed ClientHello (681.09ms)
[247/850] PASS: parse: rejects malformed compression methods (681.09ms)
[248/850] PASS: parse: no shared supported group is rejected (681.10ms)
[249/850] PASS: parse: rejects duplicate x25519 key share entries (681.10ms)
[250/850] PASS: parseKeyShare: retains all RFC 10024 hybrid entries (681.10ms)
[251/850] PASS: encode: buffer too short (681.11ms)
[252/850] PASS: encode: server_name too long (681.11ms)
[253/850] PASS: parse: rejects duplicate supported_groups (681.11ms)
[254/850] PASS: parse: missing X25519 key share leaves public key null (681.12ms)
[255/850] PASS: parse: rejects duplicate signature_algorithms (681.12ms)
[256/850] PASS: parse: rejects duplicate signature_algorithms_cert (681.12ms)
[257/850] PASS: parse: ignores unknown extension (681.13ms)
[258/850] PASS: parse: ignores unknown supported_groups entries (681.13ms)
[259/850] PASS: fuzz: parse handles arbitrary input (681.14ms)
[260/850] PASS: encodeRetryAfterHrr: X25519 selected, no cookie (681.14ms)
[261/850] PASS: encodeRetryAfterHrr: preserves PSK key exchange mode (681.15ms)
[262/850] PASS: encodeRetryAfterHrr: secp256r1 selected, no cookie (681.15ms)
[263/850] PASS: encodeRetryAfterHrr: includes cookie when provided (681.16ms)
[264/850] PASS: encodeRetryAfterHrr: preserves SNI and ALPN from ClientHello1 (681.16ms)
[265/850] PASS: encodeRetryAfterHrr: rejects unsupported group (681.16ms)
[266/850] PASS: encodeRetryAfterHrr: missing configured hybrid share is a policy error (681.17ms)
[267/850] PASS: encodeWithHybridGroups: rejects unknown share group without panic (681.17ms)
[268/850] PASS: KEM key_share round-trip: ClientHello encode → parse preserves 1216-byte public key (681.19ms)
[269/850] PASS: parse: psk_key_exchange_modes list_len 0xFF rejected without overflow (681.19ms)
[270/850] PASS: SessionTicket.secureZero erases identity, PSK, and metadata (681.19ms)
[271/850] PASS: HybridPolicy.validate rejects an initial share outside its group list (681.20ms)
[272/850] PASS: Config.validate reports unavailable groups and missing P-384 material (681.25ms)
[273/850] PASS: start validates hybrid policy before key generation and output (681.36ms)
[274/850] PASS: transcript hash: RFC 8448 §3 ClientHello || ServerHello (681.40ms)
[275/850] PASS: deriveHandshakeKeys: RFC 8448 §3 server handshake key/iv/finished (681.46ms)
[276/850] PASS: processServerHello: RFC 8448 §3 installs server handshake keys (681.57ms)
[277/850] PASS: processServerHello: accepts secp256r1 key_share (681.75ms)
[278/850] PASS: processServerHello: rejects invalid secp256r1 point (681.82ms)
[279/850] PASS: processServerHello: rejects unoffered secp256r1 key_share (681.88ms)
[280/850] PASS: processServerHello: rejects mismatched session id echo (681.91ms)
[281/850] PASS: processServerHello: rejects unoffered cipher suite (681.97ms)
[282/850] PASS: processFlight: stores selected ALPN (682.08ms)
[283/850] PASS: processFlight: rejects unoffered ALPN (682.19ms)
[284/850] PASS: processFlight: rejects unanchored Certificate by default (682.71ms)
[285/850] PASS: processFlight: rejects non-empty server Certificate request context (683.20ms)
[286/850] PASS: processFlight: rejects empty server Certificate list (683.68ms)
[287/850] PASS: processFlight: rejects unsolicited EncryptedExtensions ALPN (683.80ms)
[288/850] PASS: processFlight: rejects unrequested server CertificateEntry status_request (684.32ms)
[289/850] PASS: processFlight: RFC 8448 §3 full server flight to connected (684.84ms)
[290/850] PASS: processFlight: rejects handshake message after server Finished (685.35ms)
[291/850] PASS: processFlight: handshake message spanning records needs buffer (685.83ms)
[292/850] PASS: processFlight: reassembles handshake message split across records (686.33ms)
[293/850] PASS: processFlight: buffered path rejects handshake message after server Finished (686.84ms)
[294/850] PASS: processFlight: RFC 8448 §3 flight split one message per record (687.34ms)
[295/850] PASS: handleRecord: malformed ServerHello is rejected (687.38ms)
[296/850] PASS: processFlight: rejects Finished before EncryptedExtensions (687.49ms)
[297/850] PASS: processFlight: rejects CertificateVerify before Certificate (687.98ms)
[298/850] PASS: processFlight: rejects Finished before CertificateVerify (688.49ms)
[299/850] PASS: processFlight: rejects unoffered CertificateVerify scheme (688.99ms)
[300/850] PASS: processFlight: rejects wrong CertificateVerify signature (689.50ms)
[301/850] PASS: processFlight: rejects wrong server Finished verify_data (690.01ms)
[302/850] PASS: handleRecord: plaintext fatal alert in wait_sh (690.07ms)
[303/850] PASS: handleRecord: malformed alert record does not set or replace lastPeerAlert (690.11ms)
[304/850] PASS: handleRecord: unknown alert codes are preserved (690.15ms)
[305/850] PASS: handleRecord: lastPeerAlert replaced by later alert, preserved by close/malformed (690.18ms)
[306/850] PASS: handleRecord: rejects ChangeCipherSpec before ClientHello (690.21ms)
[307/850] PASS: handleRecord: drops valid ChangeCipherSpec after ClientHello (690.25ms)
[308/850] PASS: handleRecord: rejects malformed ChangeCipherSpec payload (690.28ms)
[309/850] PASS: handleRecord: encrypted fatal alert during server flight (690.39ms)
[310/850] PASS: handleRecord: rejects server KeyUpdate before Finished (690.50ms)
[311/850] PASS: handleRecord: truncated encrypted flight is rejected (690.99ms)
[312/850] PASS: handleRecord: corrupted encrypted flight is rejected (691.47ms)
[313/850] PASS: handleRecord: post-handshake unexpected inner content type is rejected (692.02ms)
[314/850] PASS: handleRecord: encrypted application data during server flight is rejected (692.14ms)
[315/850] PASS: clientFinished: RFC 8448 §3 emits Finished and upgrades to app keys (692.69ms)
[316/850] PASS: processFlight: accepts CertificateRequest before server Certificate (693.17ms)
[317/850] PASS: processFlight: rejects non-empty handshake CertificateRequest context (693.65ms)
[318/850] PASS: clientFinished: sends empty Certificate before Finished for CertificateRequest (694.18ms)
[319/850] PASS: clientFinished: empty CertificateRequest with no credentials still finishes (694.70ms)
[320/850] PASS: client auth: setCredentials stores client credentials (694.76ms)
[321/850] PASS: ratchetClientKey: RFC 8446 §7.2 next application write key (695.29ms)
[322/850] PASS: handleRecord: application data resets both post-handshake flood counters (695.82ms)
[323/850] PASS: receiveRecord: RX progresses while a client TX record is pending (696.40ms)
[324/850] PASS: receiveKtlsRecord: client processes kernel-decrypted records (696.95ms)
[325/850] PASS: receiveKtlsRecord: client finds KeyUpdate after NewSessionTicket (697.49ms)
[326/850] PASS: ratchetKtlsTx: client advances only an idle TX epoch (698.03ms)
[327/850] PASS: handleRecord: server KeyUpdate(update_requested) ratchets rx and responds (698.58ms)
[328/850] PASS: handleRecord: KeyUpdate not at record boundary is rejected (699.12ms)
[329/850] PASS: handleRecord: invalid server KeyUpdate request is rejected (699.65ms)
[330/850] PASS: handleRecord: server KeyUpdate(update_not_requested) surfaces key_update rx only (700.23ms)
[331/850] PASS: handleRecord: self-initiated sendKeyUpdate response surfaces rx only (700.79ms)
[332/850] PASS: sendAlert: plaintext fatal alert before ServerHello (700.82ms)
[333/850] PASS: sendAlert: encrypted close_notify after handshake (701.35ms)
[334/850] PASS: handleRecord: close_notify returns closed (701.89ms)
[335/850] PASS: handleRecord: fatal alert returns PeerAlert (702.42ms)
[336/850] PASS: handleRecord: NewSessionTicket is surfaced as an event (702.97ms)
[337/850] PASS: clientFinished: RFC 8448 §4 resumption_master_secret over the live transcript (703.50ms)
[338/850] PASS: startWithPsk: binder matches an independent HMAC over the prefix (703.59ms)
[339/850] PASS: startWithPsk: advertises configured RFC 10024 key share (703.74ms)
[340/850] PASS: startWithPsk: ticket without early-data permission omits early_data (703.81ms)
[341/850] PASS: EncryptedExtensions: rejects early_data when server declined PSK (703.95ms)
[342/850] PASS: EncryptedExtensions: rejects early_data without early traffic keys (704.13ms)
[343/850] PASS: EncryptedExtensions: rejects early_data after HelloRetryRequest (704.30ms)
[344/850] PASS: processServerHello rejects selected PSK with incompatible cipher suite hash (704.49ms)
[345/850] PASS: handleRecord: PSK-offering client rejects bare Finished unless server selected PSK (704.86ms)
[346/850] PASS: handleRecord: accepts 17 consecutive NewSessionTickets (705.42ms)
[347/850] PASS: handleRecord: NewSessionTicket flood is rejected with ticket-specific error (705.98ms)
[348/850] PASS: handleRecord: malformed NewSessionTicket is rejected (706.53ms)
[349/850] PASS: handleRecord: KeyUpdate flood is rejected (707.26ms)
[350/850] PASS: handleRecord: empty application data does not reset flood counters (707.80ms)
[351/850] PASS: handleRecord: KeyUpdate flood cap fires despite empty app-data interleaving (708.60ms)
[352/850] PASS: start: uses Config host_name for SNI and policy (708.65ms)
[353/850] PASS: handleRecord: drives RFC 8448 §3 handshake to connected (709.20ms)
[354/850] PASS: handleRecord: unacknowledged write blocks further calls (709.73ms)
[355/850] PASS: sendEarlyData: unacknowledged write blocks further early data (709.81ms)
[356/850] PASS: handleRecord: zero-length plaintext handshake is rejected (709.84ms)
[357/850] PASS: handleRecord: zero-length encrypted handshake is rejected (709.96ms)
[358/850] PASS: handleRecord: all-zero inner plaintext maps to unexpected_message (710.50ms)
[359/850] PASS: handleRecord: application_data before ServerHello is rejected (710.53ms)
[360/850] PASS: HandshakeReader: splits coalesced messages (710.54ms)
[361/850] PASS: HandshakeReader: truncated body is UnexpectedEof (710.54ms)
[362/850] PASS: fuzz: HandshakeReader handles arbitrary input (710.54ms)
[363/850] PASS: fuzz: processFlight handles arbitrary decrypted bytes (710.86ms)
[364/850] PASS: fuzz: 0-RTT client state machine handles arbitrary inbound records (710.96ms)
[365/850] PASS: processHelloRetryRequest: rejects already-offered key_share group (711.00ms)
[366/850] PASS: processHelloRetryRequest: secp256r1 selected produces ClientHello2 (711.04ms)
[367/850] PASS: processHelloRetryRequest: transcript collapse matches §4.4.1 (711.09ms)
[368/850] PASS: processHelloRetryRequest: removes PSK with incompatible hash (711.22ms)
[369/850] PASS: processHelloRetryRequest: rejects second HRR (711.26ms)
[370/850] PASS: processHelloRetryRequest: rejects unoffered selected_group (711.30ms)
[371/850] PASS: processServerHello: post-HRR rejects mismatched cipher suite (711.34ms)
[372/850] PASS: processServerHello: post-HRR rejects mismatched key_share group (711.38ms)
[373/850] PASS: processServerHello: post-HRR accepts matching ServerHello (711.56ms)
[374/850] PASS: handleRecord: HRR returns ClientHello2 as write event (711.60ms)
[375/850] PASS: processHelloRetryRequest: returns null for normal ServerHello (711.63ms)
[376/850] PASS: processHelloRetryRequest: HRR with cookie echoes cookie in CH2 (711.67ms)
[377/850] PASS: deinit leaves caller-owned buffers to the caller (712.20ms)
[378/850] PASS: secureZero zeroes all secret material (713.40ms)
[379/850] PASS: Array.secureZero clears contents (713.40ms)
[380/850] PASS: lastIndexOfNonZero: last byte non-zero (fast path) (713.40ms)
[381/850] PASS: lastIndexOfNonZero: all zeros (713.40ms)
[382/850] PASS: lastIndexOfNonZero: single non-zero byte at start (713.41ms)
[383/850] PASS: lastIndexOfNonZero: single byte, non-zero (713.41ms)
[384/850] PASS: lastIndexOfNonZero: single byte, zero (713.41ms)
[385/850] PASS: lastIndexOfNonZero: non-zero in scalar tail (713.41ms)
[386/850] PASS: lastIndexOfNonZero: exactly chunk_len bytes, non-zero at start (713.42ms)
[387/850] PASS: lastIndexOfNonZero: exactly chunk_len bytes, all zeros (713.42ms)
[388/850] PASS: lastIndexOfNonZero: large buffer, non-zero in first chunk (713.42ms)
[389/850] PASS: lastIndexOfNonZero: large buffer, non-zero in middle chunk (713.42ms)
[390/850] PASS: lastIndexOfNonZero: large buffer, all zeros (713.43ms)
[391/850] PASS: encrypt: buffer too short (713.43ms)
[392/850] PASS: encrypt: sequence number overflow (713.43ms)
[393/850] PASS: deinit: clears caller-visible traffic key material (713.44ms)
[394/850] PASS: ktlsInfo: AES-GCM salt and IV reconstruct RFC 8446 nonce (713.45ms)
[395/850] PASS: ktlsInfo: cipher type uses Linux UAPI values (713.45ms)
[396/850] PASS: ktlsInfo: exported key material survives RecordLayer deinit (713.46ms)
[397/850] PASS: KtlsInfo.secureZero erases exported traffic material (713.46ms)
[398/850] PASS: encrypt/decrypt: key update required at AEAD usage limit (713.47ms)
[399/850] PASS: encryptPrepared/decrypt: round-trip (713.47ms)
[400/850] PASS: encrypt/decrypt: round-trip (713.48ms)
[401/850] PASS: encrypt/decrypt: sequence numbers advance (713.48ms)
[402/850] PASS: decrypt: failed auth exposes backend failure buffer behavior (713.49ms)
[403/850] PASS: decrypt: replayed record is rejected (713.49ms)
[404/850] PASS: encrypt/decrypt: zero-length application data (713.50ms)
[405/850] PASS: decrypt: rejects all-zero inner plaintext (713.51ms)
[406/850] PASS: encrypt/decrypt: maximum plaintext fragment length (713.59ms)
[407/850] PASS: decrypt: wrong content type (713.59ms)
[408/850] PASS: decrypt: payload shorter than tag (713.60ms)
[409/850] PASS: decrypt: truncated ciphertext record (713.60ms)
[410/850] PASS: decrypt: sequence number overflow (713.60ms)
[411/850] PASS: fuzz: decrypt handles arbitrary input (713.61ms)
[412/850] PASS: PendingWrite: mark and clear (713.61ms)
[413/850] PASS: SliceBuffer: append and retain (713.61ms)
[414/850] PASS: append and slice (713.62ms)
[415/850] PASS: appendAssumeCapacity (713.62ms)
[416/850] PASS: secureZero clears full storage and length (713.62ms)
[417/850] PASS: append returns error on overflow (713.62ms)
[418/850] PASS: clear resets length (713.63ms)
[419/850] PASS: Reader iterates coalesced messages (713.63ms)
[420/850] PASS: parseKeyUpdate (713.63ms)
[421/850] PASS: rejectDuplicateExtensions: rejects more than the extension count cap (713.63ms)
[422/850] PASS: rejectDuplicateExtensions: rejects duplicate unknown type (713.64ms)
[423/850] PASS: rejectDuplicateExtensions: accepts distinct extension types (713.64ms)
[424/850] PASS: ExtensionType.isGrease: detects reserved GREASE extension code points (713.64ms)
[425/850] PASS: rejectDuplicateExtensions: rejects malformed block (713.64ms)
[426/850] PASS: RFC 10024 hybrid groups round-trip (720.06ms)
[427/850] PASS: hybrid decapsulation rejects wrong server share length (720.14ms)
[428/850] PASS: NamedGroup wire identifiers (720.15ms)
[429/850] PASS: RFC 10024 hybrid group sizes (720.15ms)
[430/850] PASS: HkdfSha256.trafficKey: RFC 8448 §3 server handshake (720.17ms)
[431/850] PASS: HkdfSha384: traffic key/iv, finished key, traffic-upd (independent vector) (720.23ms)
[432/850] PASS: HkdfSha256.trafficIv: RFC 8448 §3 server handshake (720.23ms)
[433/850] PASS: HkdfSha256.earlySecret: RFC 8448 §3 (720.23ms)
[434/850] PASS: HkdfSha256: RFC 8448 §3/§4 PSK and resumption secrets (720.26ms)
[435/850] PASS: HkdfSha256.handshakeSecret: RFC 8448 §3 (720.26ms)
[436/850] PASS: HkdfSha256.masterSecret: RFC 8448 §3 (720.27ms)
[437/850] PASS: HkdfSha256.clientHandshakeTrafficSecret: RFC 8448 §3 (720.28ms)
[438/850] PASS: HkdfSha256.finishedKey: RFC 8448 §3 server (720.28ms)
[439/850] PASS: HkdfSha256.nextTrafficSecret: RFC 8446 §7.2 (720.29ms)
[440/850] PASS: HkdfSha256.serverHandshakeTrafficSecret: RFC 8448 §3 (720.29ms)
[441/850] PASS: sharedSecret: RFC 7748 X25519 vector (720.35ms)
[442/850] PASS: KeyPair.generateDeterministic: RFC 7748 public keys (720.40ms)
[443/850] PASS: KeyPair.generateDeterministic emits uncompressed SEC1 public key (720.42ms)
[444/850] PASS: sharedSecret: P-256 deterministic peers agree (720.66ms)
[445/850] PASS: KeyPair.generate: healthy entropy path (720.71ms)
[446/850] PASS: KeyPair.secureZero erases secret and public material (720.74ms)
[447/850] PASS: generateRetry: a LibcryptoFailed attempt is terminal, not retried (720.74ms)
[448/850] PASS: generateRetry: an invalid scalar retries exactly to the bound (720.76ms)
[449/850] PASS: generateRetry: retries a bad draw and succeeds (720.79ms)
[450/850] PASS: KeyPair.generateDeterministic enforces the scalar range [1, n-1] (720.82ms)
[451/850] PASS: sharedSecret: rejects compressed P-256 point (720.88ms)
[452/850] PASS: KeyPair.generateDeterministic emits uncompressed SEC1 public key (722.01ms)
[453/850] PASS: KeyPair.secureZero erases secret and public material (723.14ms)
[454/850] PASS: sharedSecret: P-384 deterministic peers agree (728.88ms)
[455/850] PASS: generateRetry: a LibcryptoFailed attempt is terminal, not retried (728.89ms)
[456/850] PASS: generateRetry: an invalid scalar retries exactly to the bound (728.92ms)
[457/850] PASS: generateRetry: retries a bad draw and succeeds (730.06ms)
[458/850] PASS: KeyPair.generateDeterministic enforces the scalar range [1, n-1] (731.16ms)
[459/850] PASS: sharedSecret: rejects compressed P-384 point (733.43ms)
[460/850] PASS: active backend matches the selected libcrypto headers (733.44ms)
[461/850] PASS: capabilities are non-empty for the active backend (733.44ms)
[462/850] PASS: x25519 handle shape matches active backend (733.44ms)
[463/850] PASS: client group capabilities match implemented client key-share plumbing (733.44ms)
[464/850] PASS: aead context shape matches active backend (733.45ms)
[465/850] SKIP: aws-lc aead deinit clears inline context (733.45ms)
[466/850] PASS: capability helpers recognize advertised algorithms (733.45ms)
[467/850] PASS: fips: chacha20_poly1305_sha256 excluded from FIPS cipher_suites (733.45ms)
[468/850] PASS: fips: rsa_pkcs1_sha* excluded from FIPS certificate_signature_schemes (733.46ms)
[469/850] PASS: fips: ed25519 excluded from FIPS certificate_signature_schemes (733.46ms)
[470/850] PASS: fips: ML-KEM disabled in FIPS capability table (733.46ms)
[471/850] PASS: fips: FIPS capabilities are a subset of non-FIPS capabilities (733.46ms)
[472/850] PASS: fips: active capabilities follow FIPS identity (733.47ms)
[473/850] PASS: OpenSSL AEAD initialization rejects wrong key length (733.47ms)
[474/850] PASS: Parsed.verifyHostName rejects universal tag 2 as dNSName (733.47ms)
[475/850] PASS: Parsed.verifyHostName requires dNSName SAN (733.48ms)
[476/850] PASS: Parsed.checkHostName rejects public suffix wildcard (733.48ms)
[477/850] PASS: Parsed.checkHostName RFC 6125 compliance (733.48ms)
[478/850] PASS: Parsed.allowsKeyUsage reads digitalSignature (733.49ms)
[479/850] PASS: Parsed.allowsKeyUsage rejects malformed empty bit payload (733.49ms)
[480/850] PASS: Parsed.allowsExtKeyUsage finds serverAuth (733.49ms)
[481/850] PASS: Parsed.allowsExtKeyUsage rejects non-SEQUENCE wrapper (733.49ms)
[482/850] PASS: Parsed.nameConstraints extracts extension value (733.50ms)
[483/850] PASS: Parsed.nameConstraints absent returns empty (733.50ms)
[484/850] PASS: Parsed.verifyNameConstraints: DNS permitted subtree (733.50ms)
[485/850] PASS: Parsed.verifyNameConstraints: DNS permitted subtree mismatch (733.51ms)
[486/850] PASS: Parsed.verifyNameConstraints: DNS excluded subtree (733.51ms)
[487/850] PASS: Parsed.verifyNameConstraints: mixed DNS SAN violation is rejected (733.51ms)
[488/850] PASS: Parsed.verifyNameConstraints: DNS common name fallback (733.52ms)
[489/850] PASS: Parsed.verifyNameConstraints: IP permitted subnet (733.52ms)
[490/850] PASS: Parsed.verifyNameConstraints: permitted subtrees are type-specific (733.52ms)
[491/850] PASS: Parsed.verifyNameConstraints: email permitted subtree (733.53ms)
[492/850] PASS: Parsed.verifyNameConstraints: email mailbox local part is case-sensitive (733.53ms)
[493/850] PASS: Parsed.verifyNameConstraints: URI excluded subtree (733.53ms)
[494/850] PASS: Parsed.verifyNameConstraints: URI strips userinfo before host matching (733.54ms)
[495/850] PASS: Parsed.verifyNameConstraints: explicit minimum zero is accepted (733.54ms)
[496/850] PASS: Parsed.verifyNameConstraints: critical unsupported subtree is rejected (733.54ms)
[497/850] PASS: Parsed.verifyNameConstraints: non-critical unsupported subtree is ignored (733.55ms)
[498/850] PASS: parseBasicConstraints rejects pathLenConstraint without cA (733.55ms)
[499/850] PASS: parse rejects unknown critical extension (733.55ms)
[500/850] PASS: parse rejects duplicate recognized extensions (733.56ms)
[501/850] PASS: parse accepts old and new authority key identifier OIDs (733.56ms)
[502/850] PASS: parseBitString rejects empty bit string content (733.57ms)
[503/850] PASS: parseTime maps UTCTime centuries and expires 1999 certificates (733.57ms)
[504/850] PASS: parseTime enforces GeneralizedTime certificate grammar (733.58ms)
[505/850] PASS: parseTime rejects impossible dates and accepts leap day (733.58ms)
[506/850] PASS: certificate_parser.decltest.parseTimeDigits (733.58ms)
[507/850] PASS: certificate_parser.decltest.parseYear4 (733.58ms)
[508/850] PASS: certificate_parser.test_0 (733.59ms)
[509/850] PASS: PrivateKey.sign: RSA-PSS SHA-256 uses TLS parameters (734.49ms)
[510/850] PASS: PrivateKey.sign: short RSA-PSS output buffer is rejected (734.52ms)
[511/850] PASS: PrivateKey.sign: key and scheme mismatch is a libcrypto failure (734.56ms)
[512/850] PASS: PrivateKey.sign: deterministic ECDSA matches the RFC 6979 vector (734.70ms)
[513/850] PASS: PrivateKey.sign: deterministic ECDSA P-384 matches the RFC 6979 A.2.6 vector (737.07ms)
[514/850] PASS: PrivateKey.sign: deterministic nonce with RSA-PSS is rejected (737.11ms)
[515/850] PASS: PrivateKey.fromPemAuto: RSA PKCS#8 and PKCS#1 both infer rsa_pss_rsae_sha256 (738.00ms)
[516/850] PASS: PrivateKey.fromPemAuto: P-256 infers ecdsa_secp256r1_sha256 and signs (738.07ms)
[517/850] PASS: PrivateKey.fromPemAuto: P-384 infers ecdsa_secp384r1_sha384 and signs (738.71ms)
[518/850] PASS: PrivateKey.fromPemAuto: P-521 is rejected at load by the capability gate (738.81ms)
[519/850] PASS: PrivateKey.fromPemAuto: Ed25519 is rejected at load by the capability gate (738.88ms)
[520/850] PASS: PrivateKey.fromPemAuto: secp224r1 has no CertificateVerify scheme (738.92ms)
[521/850] PASS: PrivateKey.fromPemAuto: garbage PEM fails at load (738.93ms)
[522/850] PASS: PrivateKey.fromPem: encrypted PEM fails at load (739.01ms)
[523/850] PASS: PrivateKey.fromPemAuto: encrypted PEM fails at load (739.05ms)
[524/850] PASS: PrivateKey.pairsWith: P-256 scalar key pairs with its leaf certificate (739.24ms)
[525/850] PASS: PrivateKey.pairsWith: auto-inferred RSA and P-256 keys pair with their leaves (739.35ms)
[526/850] PASS: PrivateKey.pairsWith: same-algorithm mismatch is a named error (739.40ms)
[527/850] PASS: PrivateKey.pairsWith: cross-algorithm mismatch is a named error (739.44ms)
[528/850] PASS: PrivateKey.pairsWith: garbage leaf DER is not a certificate (739.46ms)
[529/850] PASS: PrivateKey.pairsWith: trailing bytes make leaf DER invalid (739.50ms)
[530/850] PASS: ML-KEM-768 encapsulate/decapsulate round-trip (739.59ms)
[531/850] PASS: ML-KEM-1024 encapsulate/decapsulate round-trip (739.69ms)
[532/850] PASS: ML-KEM encapsulation-key modulus boundary (739.70ms)
[533/850] PASS: ML-KEM rejects non-canonical encapsulation keys (739.71ms)
[534/850] PASS: ML-KEM rejects a wrong-length ciphertext (739.73ms)
[535/850] PASS: classify: bounded PSK identity admission is a buffer-class limit (739.73ms)
[536/850] PASS: classify: certificate failures never fall into a generic bucket (739.74ms)
[537/850] PASS: classify: authentication failures are their own class (739.74ms)
[538/850] PASS: classify: remaining buckets (739.74ms)
[539/850] PASS: parseHeader: valid plaintext record (739.74ms)
[540/850] PASS: parseHeader: application_data record (TLSCiphertext) (739.75ms)
[541/850] PASS: parseHeader: ignores legacy_record_version (739.75ms)
[542/850] PASS: parseHeader: buffer too short (739.75ms)
[543/850] PASS: parseHeader: exactly 5 bytes (header only, no fragment) (739.75ms)
[544/850] PASS: parseHeader: max valid length (739.76ms)
[545/850] PASS: parseHeader: length exceeds max (739.76ms)
[546/850] PASS: Header.init round-trips with parseHeader (739.76ms)
[547/850] PASS: Header.write: emits TLS 1.2 legacy_record_version (739.76ms)
[548/850] PASS: fuzz: parseHeader handles arbitrary input (739.77ms)
[549/850] PASS: kernel cipher_type values match KtlsCipherType (739.77ms)
[550/850] PASS: kernel socket option constants (739.77ms)
[551/850] PASS: packed kTLS info secureZero methods erase every byte (739.77ms)
[552/850] PASS: packAesGcm128 splits the 12-byte IV and copies key/seq (739.78ms)
[553/850] PASS: packAesGcm128 rejects a non-AES-GCM-128 info (739.78ms)
[554/850] PASS: packChaCha20Poly1305 uses the full 12-byte IV (739.78ms)
[555/850] PASS: packAesGcm256 copies the 32-byte key and splits the IV (739.79ms)
[556/850] PASS: install errno decode maps onto InstallError (739.79ms)
[557/850] PASS: a record-type cmsg occupies the kernel's CMSG_LEN and CMSG_SPACE (739.79ms)
[558/850] PASS: ControlBuffer.init writes one cmsg and zeroes the padding (739.80ms)
[559/850] PASS: parseRecordType rejects control data off the kTLS contract (739.80ms)
[560/850] PASS: ulpInstall attaches once, and only to an established TCP socket (739.90ms)
[561/850] PASS: txInstall and rxInstall accept a synthetic TLS 1.3 AES-128-GCM key (739.94ms)
[562/850] PASS: installs without the ULP are typed Unavailable errors, not panics (739.97ms)
[563/850] PASS: a crypto_info the kernel cannot use is a typed EINVAL failure (740.00ms)
[564/850] PASS: record-type cmsg round-trips through a live kTLS pair (740.08ms)
[565/850] PASS: Outbox: fresh outbox is not write-blocked (740.08ms)
[566/850] PASS: Outbox: send drains fully and completes write once (740.09ms)
[567/850] PASS: Outbox: partial send stays blocked and does not complete write (740.09ms)
[568/850] PASS: Outbox: zero-byte progress stays blocked (740.09ms)
[569/850] PASS: Outbox: idle flush is drained without completing write (740.09ms)
[570/850] PASS: Outbox: partial drain resumes across flush calls (740.10ms)
[571/850] PASS: Outbox: queue while blocked returns PendingWrite (740.10ms)
[572/850] PASS: Outbox: writer error leaves pending tail and does not complete write (740.10ms)
[573/850] PASS: Outbox: writer over-reporting bytes returns WriteOverflow (740.11ms)
[574/850] PASS: Outbox: sequential records complete once each (740.11ms)
[575/850] PASS: next: two records coalesced in one fill (740.11ms)
[576/850] PASS: next: record split across two fills (740.11ms)
[577/850] PASS: next: truncated records return null (740.12ms)
[578/850] PASS: next: in-place mutation of a returned record survives across next() (740.12ms)
[579/850] PASS: next: oversized length is rejected (740.12ms)
[580/850] PASS: isEmpty distinguishes drained, partial, and complete records (740.12ms)
[581/850] PASS: parse: rejects oversized legacy_session_id_echo without overflow (740.13ms)
[582/850] PASS: encode: round trips through parse (740.13ms)
[583/850] PASS: parse: accepts secp256r1 key_share (740.14ms)
[584/850] PASS: parse: rejects compressed secp256r1 key_share (740.14ms)
[585/850] PASS: parse: accepts secp384r1 key_share (740.14ms)
[586/850] PASS: parse: rejects compressed secp384r1 key_share (740.15ms)
[587/850] PASS: encode: echoes session id (740.15ms)
[588/850] PASS: parse: RFC 8448 §3 ServerHello (740.17ms)
[589/850] PASS: parse: wrong handshake type (740.17ms)
[590/850] PASS: parse: truncated message (740.18ms)
[591/850] PASS: parse: rejects HelloRetryRequest (740.18ms)
[592/850] PASS: parse: missing extensions / no supported_versions yields UnsupportedTlsVersion (740.18ms)
[593/850] PASS: parse: rejects mismatched handshake length (740.18ms)
[594/850] PASS: parse: rejects unknown cipher suite (740.19ms)
[595/850] PASS: parse: rejects oversized extensions block (740.19ms)
[596/850] PASS: parse: rejects duplicate supported_versions (740.19ms)
[597/850] PASS: parse: rejects duplicate key_share (740.19ms)
[598/850] PASS: parse: rejects unknown unsolicited extension (740.20ms)
[599/850] PASS: parse: rejects GREASE ServerHello extension (740.20ms)
[600/850] PASS: parse: rejects forbidden signature_algorithms extension (740.20ms)
[601/850] PASS: parse: rejects forbidden heartbeat extension (740.21ms)
[602/850] PASS: parse: rejects record_size_limit in ServerHello (740.21ms)
[603/850] PASS: parse: rejects key_share for unsupported group (740.21ms)
[604/850] PASS: parse: unsupported TLS version in supported_versions is illegal_parameter (740.22ms)
[605/850] PASS: parse: rejects TLS 1.2 downgrade sentinel (740.22ms)
[606/850] PASS: parse: rejects TLS 1.1 downgrade sentinel (740.22ms)
[607/850] PASS: parse: rejects downgrade sentinel when supported_versions selects TLS 1.3 (740.23ms)
[608/850] PASS: parse: accepts non-0x0303 legacy_version when supported_versions selects TLS 1.3 (740.23ms)
[609/850] PASS: parse: no supported_versions + downgrade sentinel yields IllegalParameter (740.23ms)
[610/850] PASS: parse: rejects ServerHello without supported_versions as legacy (740.24ms)
[611/850] PASS: parse: rejects SSLv3-or-lower legacy version (740.24ms)
[612/850] PASS: parse: rejects mismatched session id echo (740.24ms)
[613/850] PASS: parse: rejects non-zero compression method (740.24ms)
[614/850] PASS: fuzz: parse handles arbitrary input (740.25ms)
[615/850] PASS: encodeHelloRetryRequest: parse round-trip (740.25ms)
[616/850] PASS: parseHelloRetryRequest: rejects mismatched session id echo (740.26ms)
[617/850] PASS: parseHelloRetryRequest: RFC 8448 §5 (740.26ms)
[618/850] PASS: parseHelloRetryRequest: no cookie (740.26ms)
[619/850] PASS: parseHelloRetryRequest: rejects non-HRR Random (740.26ms)
[620/850] PASS: parseHelloRetryRequest: rejects wrong type (740.27ms)
[621/850] PASS: parseHelloRetryRequest: rejects TLS 1.2 in supported_versions (740.27ms)
[622/850] PASS: parseHelloRetryRequest: ignores non-0x0303 legacy_version (740.27ms)
[623/850] PASS: parseHelloRetryRequest: rejects SSLv3-or-lower legacy version (740.27ms)
[624/850] PASS: parseHelloRetryRequest: rejects non-zero compression method (740.28ms)
[625/850] PASS: parseHelloRetryRequest: rejects unknown cipher suite (740.28ms)
[626/850] PASS: parseHelloRetryRequest: rejects trailing bytes after extensions (740.28ms)
[627/850] PASS: parseHelloRetryRequest: rejects cookie extension trailing bytes (740.29ms)
[628/850] PASS: parseHelloRetryRequest: rejects missing supported_versions (740.29ms)
[629/850] PASS: parseHelloRetryRequest: rejects unknown unsolicited extension (740.29ms)
[630/850] PASS: parseHelloRetryRequest: rejects record_size_limit (740.29ms)
[631/850] PASS: KEM key_share round-trip: ServerHello encode → parse preserves 1120-byte ciphertext (740.31ms)
[632/850] PASS: fuzz: parseHelloRetryRequest handles arbitrary input (740.32ms)
[633/850] PASS: Config.validate reports invalid lists and missing P-384 material (740.38ms)
[634/850] PASS: sendAlert: plaintext fatal alert before ClientHello (740.43ms)
[635/850] PASS: sendAlert: encrypted close_notify after handshake (740.66ms)
[636/850] PASS: handleRecord: rejects ChangeCipherSpec before ClientHello (740.71ms)
[637/850] PASS: handleRecord: drops valid ChangeCipherSpec while waiting for client Finished (740.86ms)
[638/850] PASS: handleRecord: rejects malformed ChangeCipherSpec payload (741.01ms)
[639/850] PASS: handleRecord: ClientHello returns ServerHello write and enforces pending write (741.15ms)
[640/850] PASS: handleRecord: zero-length plaintext handshake is rejected (741.21ms)
[641/850] PASS: handleRecord: rejects application_data before connected (741.25ms)
[642/850] PASS: acceptClientHello: emits ServerHello and installs handshake keys (741.51ms)
[643/850] PASS: acceptClientHello: negotiates secp256r1 key share (741.73ms)
[644/850] PASS: acceptClientHello: negotiates secp384r1 key share (747.62ms)
[645/850] PASS: acceptClientHello: emits HelloRetryRequest for missing secp256r1 key share (747.73ms)
[646/850] PASS: acceptClientHello: rejects ClientHello2 with changed SNI or ALPN after HRR (747.89ms)
[647/850] PASS: acceptClientHello: rejects early_data in ClientHello2 after HRR (747.98ms)
[648/850] PASS: acceptClientHello: rejects replaced PSK identity in ClientHello2 despite valid binder (748.09ms)
[649/850] PASS: acceptClientHello: rejects added, reordered, or dropped PSK identities in CH2 (748.35ms)
[650/850] PASS: acceptClientHello: accepts permitted ClientHello2 PSK updates after HRR (748.87ms)
[651/850] PASS: acceptClientHello: bounded PSK identity admission before HelloRetryRequest (749.08ms)
[652/850] PASS: acceptClientHello: rejects removal of an unknown identity whose binder claims the HRR hash (749.18ms)
[653/850] PASS: acceptClientHello: HRR path rejects a slack-byte identities vector in CH1 (749.25ms)
[654/850] PASS: acceptClientHello: HRR path rejects a slack-byte identities vector in CH2 (749.34ms)
[655/850] PASS: acceptClientHello: PSK selection rejects a slack-byte identities vector (749.42ms)
[656/850] PASS: acceptClientHello: rejects ClientHello2 that ignores HRR selected group (749.52ms)
[657/850] PASS: acceptClientHello: rejects ClientHello2 with extra key share (749.63ms)
[658/850] PASS: acceptClientHello: HRR sends at most one compatibility ChangeCipherSpec (749.78ms)
[659/850] PASS: acceptClientHello: emits compatibility ChangeCipherSpec for non-empty legacy_session_id (749.93ms)
[660/850] PASS: sendAnonymousFlightForTest: client decrypts EncryptedExtensions and Finished (750.21ms)
[661/850] PASS: sendPreparedServerFlight: credentials and pending write are enforced (750.56ms)
[662/850] PASS: sendPreparedServerFlight: encryption failure preserves handshake write epoch (750.88ms)
[663/850] PASS: sendAuthenticatedFlight: client decrypts authenticated server flight (751.20ms)
[664/850] PASS: sendAuthenticatedFlight: optional client auth sends CertificateRequest (751.53ms)
[665/850] PASS: NewSessionTicket emission derives matching client and server PSKs (751.99ms)
[666/850] PASS: NewSessionTicket emission rejects stale prepared PSK objects (752.47ms)
[667/850] PASS: server-issued NewSessionTicket resumes and can be renewed (753.30ms)
[668/850] PASS: NewSessionTicket emission owns unique bounded nonces (753.83ms)
[669/850] PASS: NewSessionTicket emission enforces write and kTLS ordering (754.27ms)
[670/850] PASS: NewSessionTicket emission preserves state on encoding failure (754.72ms)
[671/850] PASS: discardTicketPsk burns nonce and erases key material (755.16ms)
[672/850] PASS: processClientFinished: optional client auth accepts empty Certificate (755.60ms)
[673/850] PASS: processClientFinished: required client auth rejects empty Certificate (756.04ms)
[674/850] PASS: processClientFinished: required client auth verifies real client Certificate + CV (756.64ms)
[675/850] PASS: processClientFinished: bad client Finished does not retain identity (757.21ms)
[676/850] PASS: processClientFinished: client identity requires caller-owned storage (757.78ms)
[677/850] PASS: processClientFinished: required client auth rejects forged CertificateVerify (758.33ms)
[678/850] PASS: sendAuthenticatedFlight: client processes CertificateVerify and Finished (758.73ms)
[679/850] PASS: processClientFinished: verifies Finished and installs app keys (758.91ms)
[680/850] PASS: processClientFinished: rejects bad verify_data (759.08ms)
[681/850] PASS: processClientFinished: rejects EndOfEarlyData when 0-RTT was not accepted (759.24ms)
[682/850] PASS: handleRecord: rejects second plaintext ClientHello before Finished (759.40ms)
[683/850] PASS: handleRecord: rejects protected ClientHello after connected (759.58ms)
[684/850] PASS: handleRecord: rejects client KeyUpdate before Finished (759.74ms)
[685/850] PASS: receiveRecord: RX progresses while a server TX record is pending (759.93ms)
[686/850] PASS: receiveKtlsRecord: server processes kernel-decrypted records (760.14ms)
[687/850] PASS: ratchetKtlsTx: server advances only an idle TX epoch (760.35ms)
[688/850] PASS: handleRecord: client KeyUpdate(update_requested) ratchets rx and responds (760.54ms)
[689/850] PASS: handleRecord: client KeyUpdate(update_not_requested) ratchets rx only (760.73ms)
[690/850] PASS: sendKeyUpdate: server-initiated KeyUpdate encrypts under old key then ratchets tx (760.91ms)
[691/850] PASS: handleRecord: self-initiated sendKeyUpdate response surfaces rx only (761.10ms)
[692/850] PASS: handleRecord: KeyUpdate not at record boundary is rejected (761.28ms)
[693/850] PASS: handleRecord: invalid client KeyUpdate request is rejected (761.46ms)
[694/850] PASS: handleRecord: zero-length encrypted handshake is rejected (761.64ms)
[695/850] PASS: handleRecord: all-zero inner plaintext maps to unexpected_message (761.83ms)
[696/850] PASS: handleRecord: illegal post-handshake inner content type is rejected (762.01ms)
[697/850] PASS: handleRecord: empty application data does not reset post-handshake flood counter (762.19ms)
[698/850] PASS: handleRecord: KeyUpdate flood is rejected (762.57ms)
[699/850] PASS: handleRecord: KeyUpdate flood cap fires despite empty app-data interleaving (762.89ms)
[700/850] PASS: EstablishedSession: struct stays compact against the handshake engine (762.90ms)
[701/850] PASS: extractEstablished: connected events match the handshake engine (763.29ms)
[702/850] PASS: extractEstablished: engine is consumed and immediate deinit is safe (763.48ms)
[703/850] PASS: extractEstablished: moved-from rx/tx are wiped, the session's copies stay live (763.65ms)
[704/850] PASS: extractEstablished: deferred KeyUpdate obligation blocks application writes (763.85ms)
[705/850] PASS: extractEstablished: KeyUpdate flood cap survives extraction and resets on app data (764.18ms)
[706/850] PASS: extractEstablished: KeyUpdate fragment carries across extraction (764.37ms)
[707/850] PASS: extractEstablished: KeyUpdate record-boundary and fragment rules hold (764.55ms)
[708/850] PASS: extractEstablished: close_notify and fatal alerts keep server semantics (764.73ms)
[709/850] PASS: extractEstablished: sendAlert latches and ratchetTx advances the TX epoch (764.92ms)
[710/850] PASS: extractEstablished: SHA-384 suite ratchets and exchanges app data (765.47ms)
[711/850] PASS: extractEstablished: NewSessionTicket is issued before extraction (765.93ms)
[712/850] PASS: key update: simultaneous update_requested remains connected (766.42ms)
[713/850] PASS: fuzz: ServerHandshake.handleRecord rejects arbitrary input (766.47ms)
[714/850] PASS: fuzz: connected ServerHandshake.handleRecord rejects arbitrary input (767.38ms)
[715/850] PASS: application data: server sends and receives (767.56ms)
[716/850] PASS: in-memory authenticated client-server handshake reaches app data (768.01ms)
[717/850] PASS: in-memory authenticated client-server handshake suite matrix (769.91ms)
[718/850] PASS: in-memory KeyUpdate round trip across all cipher suites (771.96ms)
[719/850] PASS: selectPsk: verifies the binder for a matching PSK identity (772.05ms)
[720/850] PASS: selectPsk: returns null when the PSK binder does not verify (772.13ms)
[721/850] PASS: selectPsk: oversized binders_len does not overflow (772.23ms)
[722/850] PASS: PSK offer without psk_key_exchange_modes aborts (772.35ms)
[723/850] PASS: PSK offer with only psk_ke disables resumption and ticket issuance (772.55ms)
[724/850] PASS: client authentication policy declines PSK resumption (773.14ms)
[725/850] PASS: PSK selection skips cipher suites with an incompatible hash (773.70ms)
[726/850] PASS: in-memory PSK resumption reaches app data (774.06ms)
[727/850] PASS: in-memory RFC 10024 PSK resumption matrix reaches app data (781.28ms)
[728/850] PASS: in-memory RFC 10024 PSK resumption survives HRR (788.46ms)
[729/850] PASS: in-memory RFC 10024 SHA-384 PSK resumption survives HRR (798.27ms)
[730/850] PASS: PSK fast-path rejects bare Finished when server did NOT select PSK (798.54ms)
[731/850] PASS: in-memory 0-RTT early data is decrypted by the server (798.92ms)
[732/850] PASS: 0-RTT: accepted early data distinguishes authentication and handshake errors (799.62ms)
[733/850] PASS: 0-RTT: server rejects early data exceeding max_early_data_size (799.85ms)
[734/850] PASS: 0-RTT: max u32 early-data limit rejects bytes beyond remaining budget (799.90ms)
[735/850] PASS: 0-RTT: no PSK selected means early data is skipped and 1-RTT completes (800.40ms)
[736/850] PASS: 0-RTT: declined early records in flight are skipped and 1-RTT completes (800.77ms)
[737/850] PASS: 0-RTT: required client auth declines PSK, skips early data, completes 1-RTT (801.37ms)
[738/850] PASS: 0-RTT: decline skip budget exhaustion aborts the handshake (801.57ms)
[739/850] PASS: 0-RTT: corrupted record after the skip window aborts (801.85ms)
[740/850] PASS: 0-RTT: HRR decline skips in-flight early data and the retry handshake completes (802.33ms)
[741/850] PASS: 0-RTT: default decline-skip budget covers a full max-size early record (802.80ms)
[742/850] PASS: 0-RTT: HRR decline skip budget exhaustion aborts the handshake (802.94ms)
[743/850] PASS: 0-RTT: HRR decline skip rejects malformed application_data records (803.07ms)
[744/850] PASS: 0-RTT: HRR skip window closes at ClientHello2 (803.36ms)
[745/850] PASS: 0-RTT: server declines, client sends no EndOfEarlyData (803.72ms)
[746/850] PASS: 0-RTT: client rejects server-sent EndOfEarlyData (803.78ms)
[747/850] PASS: 0-RTT: processClientFinished rejects Finished before EndOfEarlyData (804.05ms)
[748/850] PASS: preferredHybridShare follows server preference (804.11ms)
[749/850] PASS: in-memory RFC 10024 hybrid group matrix reaches app data (811.54ms)
[750/850] PASS: RFC 10024 hybrid group matrix negotiates through HRR (818.35ms)
[751/850] PASS: hybrid share requires explicit server policy (818.56ms)
[752/850] PASS: in-memory HRR round trip reaches app data (819.01ms)
[753/850] PASS: acceptClientHello: server suite preference (819.17ms)
[754/850] PASS: acceptClientHello: exposes SNI via clientServerName (819.32ms)
[755/850] PASS: acceptClientHello: clientServerName is null when SNI absent (819.46ms)
[756/850] PASS: acceptClientHello: rejects unsupported suite (819.54ms)
[757/850] PASS: acceptClientHello: ignores unknown cipher suites in mixed list (819.81ms)
[758/850] PASS: acceptClientHello: rejects ClientHello with no shared group (819.89ms)
[759/850] PASS: handleRecord: reassembles ClientHello split across records (820.05ms)
[760/850] PASS: handleRecord: reassembles ClientHello with header and body in separate records (820.21ms)
[761/850] PASS: handleRecord: rejects CCS while ClientHello fragment pending (820.28ms)
[762/850] PASS: handleRecord: processes alert while ClientHello fragment pending (820.35ms)
[763/850] PASS: handleRecord: plaintext fatal alert in wait_ch records detail (820.45ms)
[764/850] PASS: handleRecord: unknown alert codes are preserved (820.50ms)
[765/850] PASS: handleRecord: lastPeerAlert replaced by later alert, preserved by close/malformed (820.55ms)
[766/850] PASS: handleRecord: rejects fragmented ClientHello without reassembly buffer (820.62ms)
[767/850] PASS: handleRecord: state reset after invalid fragmented ClientHello (820.77ms)
[768/850] PASS: handleRecord: rejects trailing bytes after fragmented ClientHello (820.91ms)
[769/850] PASS: handleRecord: reassembles ClientHello2 split across records after HRR (821.07ms)
[770/850] PASS: handleRecord: reassembles fragmented client Finished across encrypted records (821.25ms)
[771/850] PASS: handleRecord: rejects interleaved alert during Finished fragment reassembly (821.41ms)
[772/850] PASS: handleRecord: rejects plaintext alert during Finished fragment reassembly (821.58ms)
[773/850] PASS: handleRecord: encrypted fatal alert while waiting for Finished records detail (821.74ms)
[774/850] PASS: handleRecord: rejects plaintext alert while waiting for Finished (821.89ms)
[775/850] PASS: handleRecord: rejects zero-length encrypted handshake while waiting for Finished (822.05ms)
[776/850] PASS: handleRecord: reassembles ClientHello when handshake header is split after 1 byte (822.20ms)
[777/850] PASS: handleRecord: server reassembles 1-byte fragmented KeyUpdate(update_requested) (822.40ms)
[778/850] PASS: handleRecord: fragmented KeyUpdate(update_not_requested) works (822.59ms)
[779/850] PASS: handleRecord: non-KeyUpdate fragment starts are rejected (822.77ms)
[780/850] PASS: handleRecord: KeyUpdate with trailing record bytes is rejected before ratchet (822.95ms)
[781/850] PASS: handleRecord: app-data interleaving during KeyUpdate reassembly is rejected (823.13ms)
[782/850] PASS: receiveApplicationData: app-data interleaving during KeyUpdate reassembly is rejected (823.31ms)
[783/850] PASS: handleRecord: alert interleaving during KeyUpdate reassembly is rejected (823.49ms)
[784/850] PASS: handleRecord: connected close_notify is clean, fatal alert records detail (823.67ms)
[785/850] PASS: handleRecord: zero-length handshake during KeyUpdate reassembly is rejected (823.85ms)
[786/850] PASS: handleRecord: ClientHello body_len 0xFFFFFF rejected without overflow (fast path) (823.90ms)
[787/850] PASS: handleRecord: split-header reassembly body_len 0xFFFFFF rejected without overflow (823.95ms)
[788/850] PASS: deinit leaves caller-owned buffers to the caller (824.12ms)
[789/850] PASS: Writer.append: u8 (824.13ms)
[790/850] PASS: Writer.append: u16 big-endian (824.13ms)
[791/850] PASS: Writer.append: u24 big-endian (824.13ms)
[792/850] PASS: Writer.appendSlice (824.13ms)
[793/850] PASS: Writer.append: enum (824.14ms)
[794/850] PASS: Reader.read: u8 (824.14ms)
[795/850] PASS: Reader.read: u16 big-endian (824.14ms)
[796/850] PASS: Reader.read: enum (824.14ms)
[797/850] PASS: Reader.readSlice: zero-copy (824.15ms)
[798/850] PASS: Reader.read: UnexpectedEof (824.15ms)
[799/850] PASS: Reader assume methods skip bounds checks after caller validation (824.15ms)
[800/850] PASS: Writer.reserve: write directly into buffer (824.17ms)
[801/850] PASS: Writer: sequential appends (824.17ms)
[802/850] PASS: encode and parse NewSessionTicket round trip (824.17ms)
[803/850] PASS: encode validates NewSessionTicket bounds before writing (824.18ms)
[804/850] PASS: parse: valid NewSessionTicket (824.18ms)
[805/850] PASS: parse: captures early_data max_early_data_size (824.18ms)
[806/850] PASS: parse: skips unknown ticket extension (824.19ms)
[807/850] PASS: parse: skips GREASE ticket extension (824.19ms)
[808/850] PASS: parse: rejects duplicate early_data extension (824.19ms)
[809/850] PASS: parse: rejects malformed early_data length (824.19ms)
[810/850] PASS: parse: wrong handshake type (824.20ms)
[811/850] PASS: parse: rejects length mismatch (824.20ms)
[812/850] PASS: parse: rejects empty ticket (824.20ms)
[813/850] PASS: parse: rejects malformed extensions length (824.20ms)
[814/850] PASS: fuzz: parse handles arbitrary input (824.21ms)
[815/850] PASS: encode: empty EncryptedExtensions (824.21ms)
[816/850] PASS: encode: ALPN EncryptedExtensions (824.21ms)
[817/850] PASS: encode: early_data accepted in EncryptedExtensions (824.21ms)
[818/850] PASS: encode: early_data omitted when not accepted (824.22ms)
[819/850] PASS: parse: valid EncryptedExtensions (824.22ms)
[820/850] PASS: parse: ALPN selection (824.22ms)
[821/850] PASS: parse: rejects unsolicited ALPN (824.22ms)
[822/850] PASS: parse: rejects unoffered ALPN (824.23ms)
[823/850] PASS: parse: rejects duplicate ALPN extension (824.23ms)
[824/850] PASS: parse: rejects multiple ALPN protocols (824.23ms)
[825/850] PASS: parse: rejects forbidden supported_versions extension (824.23ms)
[826/850] PASS: parse: rejects forbidden key_share extension (824.24ms)
[827/850] PASS: parse: rejects forbidden heartbeat extension (824.24ms)
[828/850] PASS: parse: rejects GREASE EncryptedExtensions extension (824.24ms)
[829/850] PASS: parse: rejects unknown unsolicited extension (824.24ms)
[830/850] PASS: parse: accepts server_name acknowledgment when SNI offered (824.25ms)
[831/850] PASS: parse: rejects server_name when SNI not offered (824.25ms)
[832/850] PASS: parse: rejects server_name acknowledgment with non-empty extension_data (824.25ms)
[833/850] PASS: parse: rejects unoffered record_size_limit in EncryptedExtensions (824.25ms)
[834/850] PASS: parse: accepts offered record_size_limit in EncryptedExtensions (824.26ms)
[835/850] PASS: parse: rejects malformed record_size_limit in EncryptedExtensions (824.26ms)
[836/850] PASS: parse: ignores supported_groups extension (824.26ms)
[837/850] PASS: parse: wrong handshake type (824.26ms)
[838/850] PASS: parse: truncated (824.27ms)
[839/850] PASS: encode round-trips via parse (824.27ms)
[840/850] PASS: parse rejects wrong handshake type (824.27ms)
[841/850] PASS: parse rejects missing signature_algorithms (824.27ms)
[842/850] PASS: parse rejects duplicate signature_algorithms (824.28ms)
[843/850] PASS: encodedLen is accurate (824.28ms)
[844/850] PASS: verify: wrong verify_data (824.28ms)
[845/850] PASS: verify: wrong handshake type (824.29ms)
[846/850] PASS: encode then verify round-trip (824.29ms)
[847/850] PASS: messageHashSynthetic: SHA-256 header (824.29ms)
[848/850] PASS: messageHashSynthetic: SHA-384 header (824.30ms)
[849/850] PASS: messageHashSynthetic: RFC 8448 §5 ClientHello1 SHA-256 (824.30ms)
[850/850] PASS: fill writes caller buffer (824.31ms)

ztest: 849 passed, 0 failed, 1 skipped (of 850 total) in 1824ms
ALL TESTS PASSED

Build Summary: 6/8 steps succeeded; 1 failed
test transitive failure
+- run exe errq-alloc-check failure

error: the following build command failed with exit code 1:
/tmp/ztls-signoff-20260919/cache/o/e5b61deb4147ae677834b244a8a33d83/build /nix/store/HASH-zig-0.15.2/bin/zig /nix/store/HASH-zig-0.15.2/lib/zig /Users/matt/code/ztls /tmp/ztls-signoff-20260919/cache /tmp/ztls-plc-cache/global --seed 0x31350b92 -Zc4c540f6c7e6577d test
