==3903221== Memcheck, a memory error detector
==3903221== Copyright (C) 2002-2026, and GNU GPL'd, by Julian Seward et al.
==3903221== Using Valgrind-3.27.1 and LibVEX; rerun with -h for copyright info
==3903221== Command: /tmp/ztls-signoff-20260919/string_probe
==3903221== Parent PID: 3903202
==3903221== 
==3903221== Conditional jump or move depends on uninitialised value(s)
==3903221==    at 0x4B223D0: OPENSSL_strlcpy (in /nix/store/HASH-openssl-3.6.4/lib/libcrypto.so.3)
==3903221==    by 0x1011933: string_probe.probe (string_probe.zig:14)
==3903221==    by 0x1011C77: main (string_probe.zig:4)
==3903221==    by 0x1011C77: callMain (start.zig:627)
==3903221==    by 0x1011C77: callMainWithArgs (start.zig:587)
==3903221==    by 0x1011C77: main (start.zig:602)
==3903221==  Uninitialised value was created by a stack allocation
==3903221==    at 0x10118E4: string_probe.probe (string_probe.zig:6)
==3903221== 
==3903221== Conditional jump or move depends on uninitialised value(s)
==3903221==    at 0x4B21F7C: OPENSSL_strnlen (in /nix/store/HASH-openssl-3.6.4/lib/libcrypto.so.3)
==3903221==    by 0x1011967: string_probe.probe (string_probe.zig:16)
==3903221==    by 0x1011C77: main (string_probe.zig:4)
==3903221==    by 0x1011C77: callMain (start.zig:627)
==3903221==    by 0x1011C77: callMainWithArgs (start.zig:587)
==3903221==    by 0x1011C77: main (start.zig:602)
==3903221==  Uninitialised value was created by a stack allocation
==3903221==    at 0x10118E4: string_probe.probe (string_probe.zig:6)
==3903221== 
==3903221== Conditional jump or move depends on uninitialised value(s)
==3903221==    at 0x4B22868: OPENSSL_strlcat (in /nix/store/HASH-openssl-3.6.4/lib/libcrypto.so.3)
==3903221==    by 0x101197F: string_probe.probe (string_probe.zig:18)
==3903221==    by 0x1011C77: main (string_probe.zig:4)
==3903221==    by 0x1011C77: callMain (start.zig:627)
==3903221==    by 0x1011C77: callMainWithArgs (start.zig:587)
==3903221==    by 0x1011C77: main (start.zig:602)
==3903221==  Uninitialised value was created by a stack allocation
==3903221==    at 0x10118E4: string_probe.probe (string_probe.zig:6)
==3903221== 
==3903221== Conditional jump or move depends on uninitialised value(s)
==3903221==    at 0x4B223D0: OPENSSL_strlcpy (in /nix/store/HASH-openssl-3.6.4/lib/libcrypto.so.3)
==3903221==    by 0x4B22897: OPENSSL_strlcat (in /nix/store/HASH-openssl-3.6.4/lib/libcrypto.so.3)
==3903221==    by 0x101197F: string_probe.probe (string_probe.zig:18)
==3903221==    by 0x1011C77: main (string_probe.zig:4)
==3903221==    by 0x1011C77: callMain (start.zig:627)
==3903221==    by 0x1011C77: callMainWithArgs (start.zig:587)
==3903221==    by 0x1011C77: main (start.zig:602)
==3903221==  Uninitialised value was created by a stack allocation
==3903221==    at 0x10118E4: string_probe.probe (string_probe.zig:6)
==3903221== 
==3903221== 
==3903221== HEAP SUMMARY:
==3903221==     in use at exit: 0 bytes in 0 blocks
==3903221==   total heap usage: 0 allocs, 0 frees, 0 bytes allocated
==3903221== 
==3903221== All heap blocks were freed -- no leaks are possible
==3903221== 
==3903221== For lists of detected and suppressed errors, rerun with: -s
==3903221== ERROR SUMMARY: 4 errors from 4 contexts (suppressed: 0 from 0)
