encrypted-pem-check: ok (pipe, terminal)
errq-alloc-check: early client abort
errq-alloc-check: early server abort
errq-alloc-check: client Finished abort
errq-alloc-check: ok (allocs 154925, frees 148995, live 5930)
ztest: Running 1 test...
[1/1] FAIL: sharedSecret: rejects compressed P-384 point — error.TestUnexpectedResult (21.17ms)
/nix/store/HASH-zig-0.15.2/lib/zig/std/testing.zig:607:14: 0x1402217 in expect (test)
    if (!ok) return error.TestUnexpectedResult;
             ^
/Users/matt/code/ztls/src/p384.zig:228:5: 0x150a87b in test.sharedSecret: rejects compressed P-384 point (test)
    try testing.expect(std.mem.allEqual(u8, &out, 0));
    ^

ztest: 0 passed, 1 failed, 0 skipped (of 1 total) in 196ms
TESTS FAILED
test
+- run test failure
error: the following command exited with error code 1:
/tmp/ztls-signoff-20260919/cache/o/9c22c160f4bba6ef92ada0e8e6c4d1b0/test

Build Summary: 6/8 steps succeeded; 1 failed
test transitive failure
+- run test failure

error: the following build command failed with exit code 1:
/tmp/ztls-signoff-20260919/cache/o/e5b61deb4147ae677834b244a8a33d83/build /nix/store/HASH-zig-0.15.2/bin/zig /nix/store/HASH-zig-0.15.2/lib/zig /Users/matt/code/ztls /tmp/ztls-signoff-20260919/cache /tmp/ztls-plc-cache/global --seed 0x4be20092 -Z53b526900d50605c test
