warning: Git tree '/tmp/ztls-consumer-gate.ZG1vZy/z53' is dirty
zig build test-unit check test-compile -Doptimize=ReleaseSafe -Dcpu=baseline
test-compile
+- compile test ReleaseSafe native-native 2 errors
src/runtime/tls.zig:11:29: error: root source file struct 'root' has no member named 'ClientHandshake'
const hybrid_policy: engine.ClientHandshake.HybridPolicy = .{
                            ^~~~~~~~~~~~~~~
zig-pkg/ztls-0.0.0-SHHDXoGkIACnCiBoGKuopnmqesCpayKAfx_FVMEMdp1b/src/root.zig:1:1: note: struct declared here
pub const aead = @import("aead.zig");
^~~
referenced by:
    comptime: src/runtime/tls.zig:17:5
    tls: src/runtime/forward.zig:17:25
    2 reference(s) hidden; use '-freference-trace=4' to see all references
src/runtime/tls.zig:42:23: error: root source file struct 'root' has no member named 'ClientHandshake'
    handshake: ?engine.ClientHandshake = null,
                ~~~~~~^~~~~~~~~~~~~~~~
zig-pkg/ztls-0.0.0-SHHDXoGkIACnCiBoGKuopnmqesCpayKAfx_FVMEMdp1b/src/root.zig:1:1: note: struct declared here
pub const aead = @import("aead.zig");
^~~
error: 2 compilation errors
failed command: /nix/store/HASH-zig-0.16.0/bin/zig test -OReleaseSafe -target native-native -mcpu baseline --dep runtime -Mroot=/tmp/ztls-consumer-gate.ZG1vZy/z53/tests/runtime.zig -OReleaseSafe -target native-native -mcpu baseline --dep ztls -Mruntime=/tmp/ztls-consumer-gate.ZG1vZy/z53/src/runtime.zig -I/nix/store/HASH-openssl-3.6.4-dev/include -L/nix/store/HASH-openssl-3.6.4/lib -lcrypto -OReleaseSafe -target native-native -mcpu baseline --dep build_options -Mztls=/tmp/ztls-consumer-gate.ZG1vZy/z53/zig-pkg/ztls-0.0.0-SHHDXoGkIACnCiBoGKuopnmqesCpayKAfx_FVMEMdp1b/src/root.zig -Mbuild_options=/tmp/ztls-consumer-gate.ZG1vZy/local-cache-z53/c/9291a429e26420e7c36eee7e19b2ebe5/options.zig -lc --test-runner /tmp/ztls-consumer-gate.ZG1vZy/z53/zig-pkg/ztest-0.2.0-h6PBzx2NAACI2wKYtRDq8PUTvjyyRYuPB_Xcw4UK4Vk9/src/test_runner.zig -fno-emit-bin --cache-dir /tmp/ztls-consumer-gate.ZG1vZy/local-cache-z53 --global-cache-dir /tmp/cg-mutants/broken-import/zig-out/consumer-gate/cache/z53-global --name test --zig-lib-dir /nix/store/HASH-zig-0.16.0/lib/zig/ --listen=-

test-compile
+- compile test ReleaseSafe native-native 2 errors
src/runtime/tls.zig:11:29: error: root source file struct 'root' has no member named 'ClientHandshake'
const hybrid_policy: engine.ClientHandshake.HybridPolicy = .{
                            ^~~~~~~~~~~~~~~
zig-pkg/ztls-0.0.0-SHHDXoGkIACnCiBoGKuopnmqesCpayKAfx_FVMEMdp1b/src/root.zig:1:1: note: struct declared here
pub const aead = @import("aead.zig");
^~~
referenced by:
    comptime: src/runtime/tls.zig:17:5
    tls: src/runtime/forward.zig:17:25
    5 reference(s) hidden; use '-freference-trace=7' to see all references
src/runtime/tls.zig:42:23: error: root source file struct 'root' has no member named 'ClientHandshake'
    handshake: ?engine.ClientHandshake = null,
                ~~~~~~^~~~~~~~~~~~~~~~
zig-pkg/ztls-0.0.0-SHHDXoGkIACnCiBoGKuopnmqesCpayKAfx_FVMEMdp1b/src/root.zig:1:1: note: struct declared here
pub const aead = @import("aead.zig");
^~~
error: 2 compilation errors
failed command: /nix/store/HASH-zig-0.16.0/bin/zig test -OReleaseSafe -target native-native -mcpu baseline --dep ztls -Mroot=/tmp/ztls-consumer-gate.ZG1vZy/z53/src/runtime.zig -I/nix/store/HASH-openssl-3.6.4-dev/include -L/nix/store/HASH-openssl-3.6.4/lib -lcrypto -OReleaseSafe -target native-native -mcpu baseline --dep build_options -Mztls=/tmp/ztls-consumer-gate.ZG1vZy/z53/zig-pkg/ztls-0.0.0-SHHDXoGkIACnCiBoGKuopnmqesCpayKAfx_FVMEMdp1b/src/root.zig -Mbuild_options=/tmp/ztls-consumer-gate.ZG1vZy/local-cache-z53/c/9291a429e26420e7c36eee7e19b2ebe5/options.zig -lc --test-filter RuntimeUnitTests --test-runner /tmp/ztls-consumer-gate.ZG1vZy/z53/zig-pkg/ztest-0.2.0-h6PBzx2NAACI2wKYtRDq8PUTvjyyRYuPB_Xcw4UK4Vk9/src/test_runner.zig -fno-emit-bin --cache-dir /tmp/ztls-consumer-gate.ZG1vZy/local-cache-z53 --global-cache-dir /tmp/cg-mutants/broken-import/zig-out/consumer-gate/cache/z53-global --name test --zig-lib-dir /nix/store/HASH-zig-0.16.0/lib/zig/ --listen=-

test-compile
+- compile test ReleaseSafe native-native 1 errors
tests/foundation.zig:19:21: error: root source file struct 'root' has no member named 'ClientHandshake'
    var config: tls.ClientHandshake.Config = .{
                    ^~~~~~~~~~~~~~~
zig-pkg/ztls-0.0.0-SHHDXoGkIACnCiBoGKuopnmqesCpayKAfx_FVMEMdp1b/src/root.zig:1:1: note: struct declared here
pub const aead = @import("aead.zig");
^~~
error: 1 compilation errors
failed command: /nix/store/HASH-zig-0.16.0/bin/zig test -OReleaseSafe -target native-native -mcpu baseline --dep ztls -Mroot=/tmp/ztls-consumer-gate.ZG1vZy/z53/tests/foundation.zig -I/nix/store/HASH-openssl-3.6.4-dev/include -L/nix/store/HASH-openssl-3.6.4/lib -lcrypto -OReleaseSafe -target native-native -mcpu baseline --dep build_options -Mztls=/tmp/ztls-consumer-gate.ZG1vZy/z53/zig-pkg/ztls-0.0.0-SHHDXoGkIACnCiBoGKuopnmqesCpayKAfx_FVMEMdp1b/src/root.zig -Mbuild_options=/tmp/ztls-consumer-gate.ZG1vZy/local-cache-z53/c/9291a429e26420e7c36eee7e19b2ebe5/options.zig -lc --test-runner /tmp/ztls-consumer-gate.ZG1vZy/z53/zig-pkg/ztest-0.2.0-h6PBzx2NAACI2wKYtRDq8PUTvjyyRYuPB_Xcw4UK4Vk9/src/test_runner.zig -fno-emit-bin --cache-dir /tmp/ztls-consumer-gate.ZG1vZy/local-cache-z53 --global-cache-dir /tmp/cg-mutants/broken-import/zig-out/consumer-gate/cache/z53-global --name test --zig-lib-dir /nix/store/HASH-zig-0.16.0/lib/zig/ --listen=-

check
+- compile exe z53 ReleaseSafe native-native 2 errors
src/runtime/tls.zig:11:29: error: root source file struct 'root' has no member named 'ClientHandshake'
const hybrid_policy: engine.ClientHandshake.HybridPolicy = .{
                            ^~~~~~~~~~~~~~~
zig-pkg/ztls-0.0.0-SHHDXoGkIACnCiBoGKuopnmqesCpayKAfx_FVMEMdp1b/src/root.zig:1:1: note: struct declared here
pub const aead = @import("aead.zig");
^~~
referenced by:
    comptime: src/runtime/tls.zig:17:5
    tls: src/runtime/forward.zig:17:25
    8 reference(s) hidden; use '-freference-trace=10' to see all references
src/runtime/tls.zig:42:23: error: root source file struct 'root' has no member named 'ClientHandshake'
    handshake: ?engine.ClientHandshake = null,
                ~~~~~~^~~~~~~~~~~~~~~~
zig-pkg/ztls-0.0.0-SHHDXoGkIACnCiBoGKuopnmqesCpayKAfx_FVMEMdp1b/src/root.zig:1:1: note: struct declared here
pub const aead = @import("aead.zig");
^~~
error: 2 compilation errors
failed command: /nix/store/HASH-zig-0.16.0/bin/zig build-exe -OReleaseSafe -target native-native -mcpu baseline --dep ztls -Mroot=/tmp/ztls-consumer-gate.ZG1vZy/z53/src/main.zig -I/nix/store/HASH-openssl-3.6.4-dev/include -L/nix/store/HASH-openssl-3.6.4/lib -lcrypto -OReleaseSafe -target native-native -mcpu baseline --dep build_options -Mztls=/tmp/ztls-consumer-gate.ZG1vZy/z53/zig-pkg/ztls-0.0.0-SHHDXoGkIACnCiBoGKuopnmqesCpayKAfx_FVMEMdp1b/src/root.zig -Mbuild_options=/tmp/ztls-consumer-gate.ZG1vZy/local-cache-z53/c/9291a429e26420e7c36eee7e19b2ebe5/options.zig -lc -fno-emit-bin --cache-dir /tmp/ztls-consumer-gate.ZG1vZy/local-cache-z53 --global-cache-dir /tmp/cg-mutants/broken-import/zig-out/consumer-gate/cache/z53-global --name z53 --zig-lib-dir /nix/store/HASH-zig-0.16.0/lib/zig/ --listen=-

test-unit
+- run test
   +- compile test ReleaseSafe native-native 1 errors
tests/foundation.zig:19:21: error: root source file struct 'root' has no member named 'ClientHandshake'
    var config: tls.ClientHandshake.Config = .{
                    ^~~~~~~~~~~~~~~
zig-pkg/ztls-0.0.0-SHHDXoGkIACnCiBoGKuopnmqesCpayKAfx_FVMEMdp1b/src/root.zig:1:1: note: struct declared here
pub const aead = @import("aead.zig");
^~~
error: 1 compilation errors
failed command: /nix/store/HASH-zig-0.16.0/bin/zig test -OReleaseSafe -target native-native -mcpu baseline --dep ztls -Mroot=/tmp/ztls-consumer-gate.ZG1vZy/z53/tests/foundation.zig -I/nix/store/HASH-openssl-3.6.4-dev/include -L/nix/store/HASH-openssl-3.6.4/lib -lcrypto -OReleaseSafe -target native-native -mcpu baseline --dep build_options -Mztls=/tmp/ztls-consumer-gate.ZG1vZy/z53/zig-pkg/ztls-0.0.0-SHHDXoGkIACnCiBoGKuopnmqesCpayKAfx_FVMEMdp1b/src/root.zig -Mbuild_options=/tmp/ztls-consumer-gate.ZG1vZy/local-cache-z53/c/9291a429e26420e7c36eee7e19b2ebe5/options.zig -lc --test-runner /tmp/ztls-consumer-gate.ZG1vZy/z53/zig-pkg/ztest-0.2.0-h6PBzx2NAACI2wKYtRDq8PUTvjyyRYuPB_Xcw4UK4Vk9/src/test_runner.zig --cache-dir /tmp/ztls-consumer-gate.ZG1vZy/local-cache-z53 --global-cache-dir /tmp/cg-mutants/broken-import/zig-out/consumer-gate/cache/z53-global --name test --zig-lib-dir /nix/store/HASH-zig-0.16.0/lib/zig/ --listen=-

Build Summary: 7/16 steps succeeded (5 failed)
test-unit transitive failure
+- run test transitive failure
   +- compile test ReleaseSafe native-native 1 errors
check transitive failure
+- compile exe z53 ReleaseSafe native-native 2 errors
test-compile transitive failure
+- compile test ReleaseSafe native-native 1 errors
+- compile test ReleaseSafe native-native 2 errors
+- compile test ReleaseSafe native-native 2 errors

error: the following build command failed with exit code 1:
/tmp/ztls-consumer-gate.ZG1vZy/local-cache-z53/o/fb870ee46ea7130e0a844d5c9b914506/build /nix/store/HASH-zig-0.16.0/bin/zig /nix/store/HASH-zig-0.16.0/lib/zig /tmp/ztls-consumer-gate.ZG1vZy/z53 /tmp/ztls-consumer-gate.ZG1vZy/local-cache-z53 /tmp/cg-mutants/broken-import/zig-out/consumer-gate/cache/z53-global --seed 0x3db11edd -Z9ffcce9fd95ac64d test-unit check test-compile -Doptimize=ReleaseSafe -Dcpu=baseline
error: recipe `test-portable` failed on line 24 with exit code 1
