Executing uvVenvShellHook
Skipping venv creation, '.venv' already exists
Finished executing uvVenvShellHook
run suite: field
run backend: sink
run fd_limit: 524288:524288
run kex: x25519
run pm_qos: off
run cpu_map: housekeeping=0 proxy=1 backend=2 client=3 idle=- (4 physical cores, 4 logical CPUs)
PASS preflight handoff/tls: 64B and 1MiB GETs byte-exact TLSv1.3/TLS_AES_128_GCM_SHA256/X25519 tickets=0
  handoff/tls handshake-c64 rep=0: 4553 rps server=55% client=93% backend=3% cores: proxy=60% backend=14% client=99%
PASS preflight handoff/tls: 64B and 1MiB GETs byte-exact TLSv1.3/TLS_AES_128_GCM_SHA256/X25519 tickets=0
  handoff/tls:a handshake-c64 rep=0: 4562 rps server=63% client=94% backend=3% cores: proxy=69% backend=6% client=99%
PASS preflight handoff/tls: 64B and 1MiB GETs byte-exact TLSv1.3/TLS_AES_128_GCM_SHA256/X25519 tickets=0
  handoff/tls:b handshake-c64 rep=0: 4518 rps server=55% client=93% backend=3% cores: proxy=63% backend=10% client=99%
PASS preflight handoff/tls: 64B and 1MiB GETs byte-exact TLSv1.3/TLS_AES_128_GCM_SHA256/X25519 tickets=0
  handoff/tls:c handshake-c64 rep=0: 4518 rps server=54% client=93% backend=3% cores: proxy=60% backend=12% client=99%
PASS preflight handoff/tls: 64B and 1MiB GETs byte-exact TLSv1.3/TLS_AES_128_GCM_SHA256/X25519 tickets=0
  handoff/tls:a handshake-c64 rep=1: 4606 rps server=64% client=94% backend=3% cores: proxy=71% backend=5% client=100%
PASS preflight handoff/tls: 64B and 1MiB GETs byte-exact TLSv1.3/TLS_AES_128_GCM_SHA256/X25519 tickets=0
  handoff/tls:b handshake-c64 rep=1: 4503 rps server=54% client=94% backend=4% cores: proxy=63% backend=18% client=99%
PASS preflight handoff/tls: 64B and 1MiB GETs byte-exact TLSv1.3/TLS_AES_128_GCM_SHA256/X25519 tickets=0
  handoff/tls:c handshake-c64 rep=1: 4526 rps server=55% client=94% backend=3% cores: proxy=62% backend=6% client=99%
PASS preflight handoff/tls: 64B and 1MiB GETs byte-exact TLSv1.3/TLS_AES_128_GCM_SHA256/X25519 tickets=0
  handoff/tls handshake-c64 rep=1: 4558 rps server=54% client=94% backend=3% cores: proxy=60% backend=6% client=99%
PASS preflight handoff/tls: 64B and 1MiB GETs byte-exact TLSv1.3/TLS_AES_128_GCM_SHA256/X25519 tickets=0
  handoff/tls:b handshake-c64 rep=2: 4534 rps server=55% client=94% backend=3% cores: proxy=62% backend=10% client=99%
PASS preflight handoff/tls: 64B and 1MiB GETs byte-exact TLSv1.3/TLS_AES_128_GCM_SHA256/X25519 tickets=0
  handoff/tls:c handshake-c64 rep=2: 4561 rps server=54% client=94% backend=4% cores: proxy=66% backend=20% client=100%
PASS preflight handoff/tls: 64B and 1MiB GETs byte-exact TLSv1.3/TLS_AES_128_GCM_SHA256/X25519 tickets=0
  handoff/tls handshake-c64 rep=2: 4508 rps server=55% client=93% backend=3% cores: proxy=63% backend=12% client=99%
PASS preflight handoff/tls: 64B and 1MiB GETs byte-exact TLSv1.3/TLS_AES_128_GCM_SHA256/X25519 tickets=0
  handoff/tls:a handshake-c64 rep=2: 4532 rps server=63% client=94% backend=3% cores: proxy=70% backend=10% client=100%
PASS preflight handoff/tls: 64B and 1MiB GETs byte-exact TLSv1.3/TLS_AES_128_GCM_SHA256/X25519 tickets=0
  handoff/tls:c handshake-c64 rep=3: 4502 rps server=55% client=93% backend=3% cores: proxy=62% backend=7% client=99%
PASS preflight handoff/tls: 64B and 1MiB GETs byte-exact TLSv1.3/TLS_AES_128_GCM_SHA256/X25519 tickets=0
  handoff/tls handshake-c64 rep=3: 4533 rps server=55% client=94% backend=3% cores: proxy=60% backend=12% client=99%
PASS preflight handoff/tls: 64B and 1MiB GETs byte-exact TLSv1.3/TLS_AES_128_GCM_SHA256/X25519 tickets=0
  handoff/tls:a handshake-c64 rep=3: 4585 rps server=63% client=94% backend=3% cores: proxy=69% backend=17% client=99%
PASS preflight handoff/tls: 64B and 1MiB GETs byte-exact TLSv1.3/TLS_AES_128_GCM_SHA256/X25519 tickets=0
  handoff/tls:b handshake-c64 rep=3: 4523 rps server=55% client=94% backend=3% cores: proxy=61% backend=9% client=99%
PASS preflight handoff/tls: 64B and 1MiB GETs byte-exact TLSv1.3/TLS_AES_128_GCM_SHA256/X25519 tickets=0
  handoff/tls handshake-c64 rep=4: 4501 rps server=54% client=94% backend=4% cores: proxy=62% backend=32% client=100%
PASS preflight handoff/tls: 64B and 1MiB GETs byte-exact TLSv1.3/TLS_AES_128_GCM_SHA256/X25519 tickets=0
  handoff/tls:a handshake-c64 rep=4: 4598 rps server=63% client=94% backend=3% cores: proxy=70% backend=6% client=99%
PASS preflight handoff/tls: 64B and 1MiB GETs byte-exact TLSv1.3/TLS_AES_128_GCM_SHA256/X25519 tickets=0
  handoff/tls:b handshake-c64 rep=4: 4497 rps server=54% client=94% backend=3% cores: proxy=62% backend=10% client=99%
PASS preflight handoff/tls: 64B and 1MiB GETs byte-exact TLSv1.3/TLS_AES_128_GCM_SHA256/X25519 tickets=0
  handoff/tls:c handshake-c64 rep=4: 4512 rps server=55% client=93% backend=3% cores: proxy=62% backend=9% client=99%
