Executing uvVenvShellHook
Skipping venv creation, '.venv' already exists
Finished executing uvVenvShellHook
run suite: field
run backend: sink
run fd_limit: 524288:524288
run kex: x25519mlkem768
run pm_qos: off
run cpu_map: housekeeping=0 proxy=1 backend=2 client=3 idle=- (4 physical cores, 4 logical CPUs)
PASS preflight handoff/tls: 64B and 1MiB GETs byte-exact TLSv1.3/TLS_AES_128_GCM_SHA256/X25519MLKEM768 tickets=0
  handoff/tls handshake-c64 rep=0: 3691 rps server=52% client=94% backend=3% cores: proxy=58% backend=12% client=99%
PASS preflight handoff/tls: 64B and 1MiB GETs byte-exact TLSv1.3/TLS_AES_128_GCM_SHA256/X25519MLKEM768 tickets=0
  handoff/tls:a handshake-c64 rep=0: 3468 rps server=46% client=94% backend=3% cores: proxy=66% backend=92% client=100%
PASS preflight handoff/tls: 64B and 1MiB GETs byte-exact TLSv1.3/TLS_AES_128_GCM_SHA256/X25519MLKEM768 tickets=0
  handoff/tls:b handshake-c64 rep=0: 3716 rps server=51% client=94% backend=3% cores: proxy=59% backend=18% client=99%
PASS preflight handoff/tls: 64B and 1MiB GETs byte-exact TLSv1.3/TLS_AES_128_GCM_SHA256/X25519MLKEM768 tickets=0
  handoff/tls:c handshake-c64 rep=0: 3761 rps server=52% client=94% backend=3% cores: proxy=59% backend=10% client=99%
PASS preflight handoff/tls: 64B and 1MiB GETs byte-exact TLSv1.3/TLS_AES_128_GCM_SHA256/X25519MLKEM768 tickets=0
  handoff/tls:a handshake-c64 rep=1: 3734 rps server=59% client=94% backend=3% cores: proxy=64% backend=15% client=99%
PASS preflight handoff/tls: 64B and 1MiB GETs byte-exact TLSv1.3/TLS_AES_128_GCM_SHA256/X25519MLKEM768 tickets=0
  handoff/tls:b handshake-c64 rep=1: 3603 rps server=50% client=93% backend=3% cores: proxy=62% backend=18% client=99%
PASS preflight handoff/tls: 64B and 1MiB GETs byte-exact TLSv1.3/TLS_AES_128_GCM_SHA256/X25519MLKEM768 tickets=0
  handoff/tls:c handshake-c64 rep=1: 3693 rps server=53% client=95% backend=4% cores: proxy=61% backend=34% client=100%
PASS preflight handoff/tls: 64B and 1MiB GETs byte-exact TLSv1.3/TLS_AES_128_GCM_SHA256/X25519MLKEM768 tickets=0
  handoff/tls handshake-c64 rep=1: 3723 rps server=52% client=94% backend=3% cores: proxy=59% backend=12% client=99%
PASS preflight handoff/tls: 64B and 1MiB GETs byte-exact TLSv1.3/TLS_AES_128_GCM_SHA256/X25519MLKEM768 tickets=0
  handoff/tls:b handshake-c64 rep=2: 3715 rps server=52% client=94% backend=3% cores: proxy=60% backend=24% client=99%
PASS preflight handoff/tls: 64B and 1MiB GETs byte-exact TLSv1.3/TLS_AES_128_GCM_SHA256/X25519MLKEM768 tickets=0
  handoff/tls:c handshake-c64 rep=2: 3746 rps server=52% client=94% backend=3% cores: proxy=59% backend=12% client=99%
PASS preflight handoff/tls: 64B and 1MiB GETs byte-exact TLSv1.3/TLS_AES_128_GCM_SHA256/X25519MLKEM768 tickets=0
  handoff/tls handshake-c64 rep=2: 3649 rps server=43% client=91% backend=4% cores: proxy=65% backend=91% client=100%
PASS preflight handoff/tls: 64B and 1MiB GETs byte-exact TLSv1.3/TLS_AES_128_GCM_SHA256/X25519MLKEM768 tickets=0
  handoff/tls:a handshake-c64 rep=2: 3730 rps server=58% client=95% backend=3% cores: proxy=64% backend=22% client=99%
PASS preflight handoff/tls: 64B and 1MiB GETs byte-exact TLSv1.3/TLS_AES_128_GCM_SHA256/X25519MLKEM768 tickets=0
  handoff/tls:c handshake-c64 rep=3: 3723 rps server=51% client=94% backend=3% cores: proxy=59% backend=17% client=99%
PASS preflight handoff/tls: 64B and 1MiB GETs byte-exact TLSv1.3/TLS_AES_128_GCM_SHA256/X25519MLKEM768 tickets=0
  handoff/tls handshake-c64 rep=3: 3722 rps server=51% client=94% backend=3% cores: proxy=59% backend=25% client=99%
PASS preflight handoff/tls: 64B and 1MiB GETs byte-exact TLSv1.3/TLS_AES_128_GCM_SHA256/X25519MLKEM768 tickets=0
  handoff/tls:a handshake-c64 rep=3: 3736 rps server=59% client=94% backend=2% cores: proxy=64% backend=8% client=99%
PASS preflight handoff/tls: 64B and 1MiB GETs byte-exact TLSv1.3/TLS_AES_128_GCM_SHA256/X25519MLKEM768 tickets=0
  handoff/tls:b handshake-c64 rep=3: 3725 rps server=52% client=94% backend=3% cores: proxy=60% backend=18% client=99%
PASS preflight handoff/tls: 64B and 1MiB GETs byte-exact TLSv1.3/TLS_AES_128_GCM_SHA256/X25519MLKEM768 tickets=0
  handoff/tls handshake-c64 rep=4: 3708 rps server=52% client=94% backend=3% cores: proxy=59% backend=7% client=99%
PASS preflight handoff/tls: 64B and 1MiB GETs byte-exact TLSv1.3/TLS_AES_128_GCM_SHA256/X25519MLKEM768 tickets=0
  handoff/tls:a handshake-c64 rep=4: 3717 rps server=59% client=94% backend=3% cores: proxy=64% backend=13% client=99%
PASS preflight handoff/tls: 64B and 1MiB GETs byte-exact TLSv1.3/TLS_AES_128_GCM_SHA256/X25519MLKEM768 tickets=0
  handoff/tls:b handshake-c64 rep=4: 3686 rps server=53% client=95% backend=3% cores: proxy=62% backend=5% client=100%
PASS preflight handoff/tls: 64B and 1MiB GETs byte-exact TLSv1.3/TLS_AES_128_GCM_SHA256/X25519MLKEM768 tickets=0
  handoff/tls:c handshake-c64 rep=4: 3721 rps server=52% client=95% backend=3% cores: proxy=58% backend=8% client=100%
