   4146679:	find library=libcrypto.so.3 [0]; searching
   4146679:	 search path=/nix/store/HASH-openssl-3.6.4/lib		(LD_LIBRARY_PATH)
   4146679:	  trying file=/nix/store/HASH-openssl-3.6.4/lib/libcrypto.so.3
   4146679:	
   4146679:	find library=libc.so.6 [0]; searching
   4146679:	 search path=/nix/store/HASH-openssl-3.6.4/lib		(LD_LIBRARY_PATH)
   4146679:	  trying file=/nix/store/HASH-openssl-3.6.4/lib/libc.so.6
   4146679:	 search path=/nix/store/HASH-openssl-3.6.4/lib:/Users/matt/code/ztls/outputs/out/lib:/nix/store/HASH-brotli-1.2.0-lib/lib:/nix/store/HASH-krb5-1.22.2-lib/lib:/nix/store/HASH-nghttp2-1.70.0-lib/lib:/nix/store/HASH-nghttp3-1.16.0/lib:/nix/store/HASH-ngtcp2-1.23.0/lib:/nix/store/HASH-libidn2-2.3.8/lib:/nix/store/HASH-libpsl-0.21.5/lib:/nix/store/HASH-libssh2-1.11.1/lib:/nix/store/HASH-zlib-1.3.2/lib:/nix/store/HASH-zstd-1.5.7/lib:/nix/store/HASH-curl-8.22.0/lib:/nix/store/HASH-jq-1.8.2/lib:/nix/store/HASH-ncurses-6.6/lib:/nix/store/HASH-llvm-21.1.8-lib/lib:/nix/store/HASH-rust-default-1.98.1/lib		(RUNPATH from file /Users/matt/code/ztls/zig-out/memory.N4aX4N/bin/bin/test)
   4146679:	  trying file=/nix/store/HASH-openssl-3.6.4/lib/libc.so.6
   4146679:	  trying file=/Users/matt/code/ztls/outputs/out/lib/libc.so.6
   4146679:	  trying file=/nix/store/HASH-brotli-1.2.0-lib/lib/libc.so.6
   4146679:	  trying file=/nix/store/HASH-krb5-1.22.2-lib/lib/libc.so.6
   4146679:	  trying file=/nix/store/HASH-nghttp2-1.70.0-lib/lib/libc.so.6
   4146679:	  trying file=/nix/store/HASH-nghttp3-1.16.0/lib/libc.so.6
   4146679:	  trying file=/nix/store/HASH-ngtcp2-1.23.0/lib/libc.so.6
   4146679:	  trying file=/nix/store/HASH-libidn2-2.3.8/lib/libc.so.6
   4146679:	  trying file=/nix/store/HASH-libpsl-0.21.5/lib/libc.so.6
   4146679:	  trying file=/nix/store/HASH-libssh2-1.11.1/lib/libc.so.6
   4146679:	  trying file=/nix/store/HASH-zlib-1.3.2/lib/libc.so.6
   4146679:	  trying file=/nix/store/HASH-zstd-1.5.7/lib/libc.so.6
   4146679:	  trying file=/nix/store/HASH-curl-8.22.0/lib/libc.so.6
   4146679:	  trying file=/nix/store/HASH-jq-1.8.2/lib/libc.so.6
   4146679:	  trying file=/nix/store/HASH-ncurses-6.6/lib/libc.so.6
   4146679:	  trying file=/nix/store/HASH-llvm-21.1.8-lib/lib/libc.so.6
   4146679:	  trying file=/nix/store/HASH-rust-default-1.98.1/lib/libc.so.6
   4146679:	 search cache=/nix/store/HASH-glibc-2.42-84/etc/ld.so.cache
   4146679:	 search path=/nix/store/HASH-glibc-2.42-84/lib:/nix/store/HASH-xgcc-15.3.0-libgcc/lib		(system search path)
   4146679:	  trying file=/nix/store/HASH-glibc-2.42-84/lib/libc.so.6
   4146679:	
   4146679:	find library=libdl.so.2 [0]; searching
   4146679:	 search path=/nix/store/HASH-openssl-3.6.4/lib		(LD_LIBRARY_PATH)
   4146679:	  trying file=/nix/store/HASH-openssl-3.6.4/lib/libdl.so.2
   4146679:	 search path=/nix/store/HASH-glibc-2.42-84/lib		(system search path)
   4146679:	  trying file=/nix/store/HASH-glibc-2.42-84/lib/libdl.so.2
   4146679:	
   4146679:	find library=libpthread.so.0 [0]; searching
   4146679:	 search path=/nix/store/HASH-openssl-3.6.4/lib		(LD_LIBRARY_PATH)
   4146679:	  trying file=/nix/store/HASH-openssl-3.6.4/lib/libpthread.so.0
   4146679:	 search path=/nix/store/HASH-glibc-2.42-84/lib		(system search path)
   4146679:	  trying file=/nix/store/HASH-glibc-2.42-84/lib/libpthread.so.0
   4146679:	
   4146679:	
   4146679:	calling init: /nix/store/HASH-glibc-2.42-84/lib/ld-linux-aarch64.so.1
   4146679:	
   4146679:	
   4146679:	calling init: /nix/store/HASH-glibc-2.42-84/lib/libc.so.6
   4146679:	
   4146679:	
   4146679:	calling init: /nix/store/HASH-glibc-2.42-84/lib/libpthread.so.0
   4146679:	
   4146679:	
   4146679:	calling init: /nix/store/HASH-glibc-2.42-84/lib/libdl.so.2
   4146679:	
   4146679:	
   4146679:	calling init: /nix/store/HASH-openssl-3.6.4/lib/libcrypto.so.3
   4146679:	
   4146679:	
   4146679:	initialize program: /Users/matt/code/ztls/zig-out/memory.N4aX4N/bin/bin/test
   4146679:	
   4146679:	
   4146679:	transferring control: /Users/matt/code/ztls/zig-out/memory.N4aX4N/bin/bin/test
   4146679:	
ztest: Running 2 tests...
[1/2] PASS: test_0 (60.29ms)
[2/2] PASS: certificate_parser.test_0 (60.33ms)

ztest: 2 passed, 0 failed, 0 skipped (of 2 total) in 60ms
ALL TESTS PASSED
   4146679:	
   4146679:	calling fini:  [0]
   4146679:	
   4146679:	
   4146679:	calling fini: /nix/store/HASH-openssl-3.6.4/lib/libcrypto.so.3 [0]
   4146679:	
   4146679:	
   4146679:	calling fini: /nix/store/HASH-glibc-2.42-84/lib/libdl.so.2 [0]
   4146679:	
   4146679:	
   4146679:	calling fini: /nix/store/HASH-glibc-2.42-84/lib/libpthread.so.0 [0]
   4146679:	
   4146679:	
   4146679:	calling fini: /nix/store/HASH-glibc-2.42-84/lib/libc.so.6 [0]
   4146679:	
   4146679:	
   4146679:	calling fini: /nix/store/HASH-glibc-2.42-84/lib/ld-linux-aarch64.so.1 [0]
   4146679:	
