==12626== Memcheck, a memory error detector
==12626== Copyright (C) 2002-2026, and GNU GPL'd, by Julian Seward et al.
==12626== Using Valgrind-3.27.1 and LibVEX; rerun with -h for copyright info
==12626== Command: /tmp/ztls-signoff-20260919/aws-lc-cache-final/main-1
==12626== Parent PID: 12625
==12626== 
==12626== 
==12626== HEAP SUMMARY:
==12626==     in use at exit: 1,232 bytes in 5 blocks
==12626==   total heap usage: 14 allocs, 9 frees, 273,192 bytes allocated
==12626== 
==12626== 24 bytes in 1 blocks are still reachable in loss record 1 of 5
==12626==    at 0x4885E30: malloc (in /nix/store/z7z886xwghzv19mmrc74ixcxph2b37mc-valgrind-3.27.1/libexec/valgrind/vgpreload_memcheck-arm64-linux.so)
==12626==    by 0x4969383: OPENSSL_malloc (in /nix/store/3hnfh4dzrjjncnpa9nhggr6l7m97g456-aws-lc-5.5.0/lib/libcrypto.so)
==12626==    by 0x4969573: OPENSSL_zalloc (in /nix/store/3hnfh4dzrjjncnpa9nhggr6l7m97g456-aws-lc-5.5.0/lib/libcrypto.so)
==12626==    by 0x4A38573: get_entropy_source (in /nix/store/3hnfh4dzrjjncnpa9nhggr6l7m97g456-aws-lc-5.5.0/lib/libcrypto.so)
==12626==    by 0x4A3891F: rand_bytes_impl.part.0 (in /nix/store/3hnfh4dzrjjncnpa9nhggr6l7m97g456-aws-lc-5.5.0/lib/libcrypto.so)
==12626==    by 0x4A39DA7: RAND_bytes (in /nix/store/3hnfh4dzrjjncnpa9nhggr6l7m97g456-aws-lc-5.5.0/lib/libcrypto.so)
==12626==    by 0x1020167: exercise (main-1.zig:8)
==12626==    by 0x1020167: main (main-1.zig:12)
==12626==    by 0x1020167: callMain (start.zig:698)
==12626==    by 0x1020167: callMainWithArgs (start.zig:638)
==12626==    by 0x1020167: main (start.zig:663)
==12626== 
==12626== 64 bytes in 1 blocks are still reachable in loss record 2 of 5
==12626==    at 0x488DAA8: calloc (in /nix/store/z7z886xwghzv19mmrc74ixcxph2b37mc-valgrind-3.27.1/libexec/valgrind/vgpreload_memcheck-arm64-linux.so)
==12626==    by 0x498C72F: CRYPTO_set_thread_local (in /nix/store/3hnfh4dzrjjncnpa9nhggr6l7m97g456-aws-lc-5.5.0/lib/libcrypto.so)
==12626==    by 0x4952B47: ERR_set_mark (in /nix/store/3hnfh4dzrjjncnpa9nhggr6l7m97g456-aws-lc-5.5.0/lib/libcrypto.so)
==12626==    by 0x102015B: exercise (main-1.zig:7)
==12626==    by 0x102015B: main (main-1.zig:12)
==12626==    by 0x102015B: callMain (start.zig:698)
==12626==    by 0x102015B: callMainWithArgs (start.zig:638)
==12626==    by 0x102015B: main (start.zig:663)
==12626== 
==12626== 344 bytes in 1 blocks are still reachable in loss record 3 of 5
==12626==    at 0x4885E30: malloc (in /nix/store/z7z886xwghzv19mmrc74ixcxph2b37mc-valgrind-3.27.1/libexec/valgrind/vgpreload_memcheck-arm64-linux.so)
==12626==    by 0x4969383: OPENSSL_malloc (in /nix/store/3hnfh4dzrjjncnpa9nhggr6l7m97g456-aws-lc-5.5.0/lib/libcrypto.so)
==12626==    by 0x4969573: OPENSSL_zalloc (in /nix/store/3hnfh4dzrjjncnpa9nhggr6l7m97g456-aws-lc-5.5.0/lib/libcrypto.so)
==12626==    by 0x4A38317: tree_jitter_initialize (in /nix/store/3hnfh4dzrjjncnpa9nhggr6l7m97g456-aws-lc-5.5.0/lib/libcrypto.so)
==12626==    by 0x4A385E3: get_entropy_source (in /nix/store/3hnfh4dzrjjncnpa9nhggr6l7m97g456-aws-lc-5.5.0/lib/libcrypto.so)
==12626==    by 0x4A3891F: rand_bytes_impl.part.0 (in /nix/store/3hnfh4dzrjjncnpa9nhggr6l7m97g456-aws-lc-5.5.0/lib/libcrypto.so)
==12626==    by 0x4A39DA7: RAND_bytes (in /nix/store/3hnfh4dzrjjncnpa9nhggr6l7m97g456-aws-lc-5.5.0/lib/libcrypto.so)
==12626==    by 0x1020167: exercise (main-1.zig:8)
==12626==    by 0x1020167: main (main-1.zig:12)
==12626==    by 0x1020167: callMain (start.zig:698)
==12626==    by 0x1020167: callMainWithArgs (start.zig:638)
==12626==    by 0x1020167: main (start.zig:663)
==12626== 
==12626== 400 bytes in 1 blocks are still reachable in loss record 4 of 5
==12626==    at 0x488DAA8: calloc (in /nix/store/z7z886xwghzv19mmrc74ixcxph2b37mc-valgrind-3.27.1/libexec/valgrind/vgpreload_memcheck-arm64-linux.so)
==12626==    by 0x4952B2B: ERR_set_mark (in /nix/store/3hnfh4dzrjjncnpa9nhggr6l7m97g456-aws-lc-5.5.0/lib/libcrypto.so)
==12626==    by 0x102015B: exercise (main-1.zig:7)
==12626==    by 0x102015B: main (main-1.zig:12)
==12626==    by 0x102015B: callMain (start.zig:698)
==12626==    by 0x102015B: callMainWithArgs (start.zig:638)
==12626==    by 0x102015B: main (start.zig:663)
==12626== 
==12626== 400 bytes in 1 blocks are still reachable in loss record 5 of 5
==12626==    at 0x4885E30: malloc (in /nix/store/z7z886xwghzv19mmrc74ixcxph2b37mc-valgrind-3.27.1/libexec/valgrind/vgpreload_memcheck-arm64-linux.so)
==12626==    by 0x4969383: OPENSSL_malloc (in /nix/store/3hnfh4dzrjjncnpa9nhggr6l7m97g456-aws-lc-5.5.0/lib/libcrypto.so)
==12626==    by 0x4969573: OPENSSL_zalloc (in /nix/store/3hnfh4dzrjjncnpa9nhggr6l7m97g456-aws-lc-5.5.0/lib/libcrypto.so)
==12626==    by 0x4A388F7: rand_bytes_impl.part.0 (in /nix/store/3hnfh4dzrjjncnpa9nhggr6l7m97g456-aws-lc-5.5.0/lib/libcrypto.so)
==12626==    by 0x4A39DA7: RAND_bytes (in /nix/store/3hnfh4dzrjjncnpa9nhggr6l7m97g456-aws-lc-5.5.0/lib/libcrypto.so)
==12626==    by 0x1020167: exercise (main-1.zig:8)
==12626==    by 0x1020167: main (main-1.zig:12)
==12626==    by 0x1020167: callMain (start.zig:698)
==12626==    by 0x1020167: callMainWithArgs (start.zig:638)
==12626==    by 0x1020167: main (start.zig:663)
==12626== 
==12626== LEAK SUMMARY:
==12626==    definitely lost: 0 bytes in 0 blocks
==12626==    indirectly lost: 0 bytes in 0 blocks
==12626==      possibly lost: 0 bytes in 0 blocks
==12626==    still reachable: 1,232 bytes in 5 blocks
==12626==                       of which reachable via heuristic:
==12626==                         length64           : 768 bytes in 3 blocks
==12626==         suppressed: 0 bytes in 0 blocks
==12626== 
==12626== For lists of detected and suppressed errors, rerun with: -s
==12626== ERROR SUMMARY: 5 errors from 5 contexts (suppressed: 0 from 0)
